 textedit.exe

 Timestamp is 5f4e9a67 (Tue Sep  1 22:00:55 2020)

 Preferred load address is 0000000140000000

 Start         Length     Name                   Class
 0001:00000000 00018c1dH .text                   CODE
 0002:00000000 00000f0cH .pdata                  DATA
 0003:00000000 00000e64H .xdata                  DATA
 0003:00000e70 00006b90H .rdata                  DATA
 0004:00000000 00001a08H .data                   DATA
 0004:00001a08 000000b4H .idata$2                DATA
 0004:00001abc 00000014H .idata$3                DATA
 0004:00001ad0 00000680H .idata$4                DATA
 0004:00002150 00000680H .idata$5                DATA
 0004:000027d0 00000d82H .idata$6                DATA
 0004:00003560 0000b808H .bss                    DATA
 0005:00000000 00008c28H .rsrc                   DATA
 0006:00000000 00001224H .reloc                  DATA

  Address         Publics by Value              Rva+Base             Lib:Object

 0001:00000000       LoadFontFromInifile        0000000140001000 f   config.obj
 0001:00000065       SaveWindowPosition         0000000140001065 f   config.obj
 0001:00000122       LoadWindowPosition         0000000140001122 f   config.obj
 0001:0000015e       SaveDlgPosition            000000014000115e f   config.obj
 0001:000001b2       LoadDlgPosition            00000001400011b2 f   config.obj
 0001:00000200       ENC_CheckBOM               0000000140001200 f   encoding.obj
 0001:0000030a       ENC_IsUTF8                 000000014000130a f   encoding.obj
 0001:000005ab       ENC_IsUNICODE              00000001400015ab f   encoding.obj
 0001:00000649       ENC_CheckEncoding          0000000140001649 f   encoding.obj
 0001:00000736       ENC_FileCheckEncoding      0000000140001736 f   encoding.obj
 0001:000008ce       ENC_EncTypeToStr           00000001400018ce f   encoding.obj
 0001:00000907       ENC_ChangeEndian           0000000140001907 f   encoding.obj
 0001:00000978       Utf32Get                   0000000140001978 f   encoding.obj
 0001:00000a32       Utf8Put                    0000000140001a32 f   encoding.obj
 0001:00000c33       Utf32Bom                   0000000140001c33 f   encoding.obj
 0001:00000d13       ENC_Utf32Utf8_LE           0000000140001d13 f   encoding.obj
 0001:00000e40       ENC_Utf32Utf8_BE           0000000140001e40 f   encoding.obj
 0001:00000f6d       ENC_Uint32_to_BE           0000000140001f6d f   encoding.obj
 0001:00000fb2       ENC_CheckUtf32_LE          0000000140001fb2 f   encoding.obj
 0001:00001089       ENC_CheckUtf32_BE          0000000140002089 f   encoding.obj
 0001:00001170       alloc_and_zero_mem         0000000140002170 f   mem.obj
 0001:000011c4       free_mem                   00000001400021c4 f   mem.obj
 0001:00001210       SetMenuItemText            0000000140002210 f   menus.obj
 0001:000012bf       GetMenuItemText            00000001400022bf f   menus.obj
 0001:000013a0       ShowMessage                00000001400023a0 f   misc.obj
 0001:00001519       BeginDraw                  0000000140002519 f   misc.obj
 0001:00001543       EndDraw                    0000000140002543 f   misc.obj
 0001:00001583       undiv                      0000000140002583 f   misc.obj
 0001:000015b9       untoa                      00000001400025b9 f   misc.obj
 0001:0000167b       intoa                      000000014000267b f   misc.obj
 0001:000016d9       topxy                      00000001400026d9 f   misc.obj
 0001:000016f3       Parse_OUT_Buf              00000001400026f3 f   misc.obj
 0001:0000183f       Parse_OUT_Buf_Proc         000000014000283f f   misc.obj
 0001:00001881       HexDump                    0000000140002881 f   misc.obj
 0001:00001aa5       HexDumpProc                0000000140002aa5 f   misc.obj
 0001:00001ad8       PB_NewProgressBar          0000000140002ad8 f   misc.obj
 0001:00001b8c       ExecAndCapture             0000000140002b8c f   misc.obj
 0001:0000208f       SimpleExec                 000000014000308f f   misc.obj
 0001:0000215f       GetDefaultBrowser          000000014000315f f   misc.obj
 0001:00002481       CopyListToClipboard        0000000140003481 f   misc.obj
 0001:00002668       CenterDlg                  0000000140003668 f   misc.obj
 0001:00002710       IsThereAnotherInstance     0000000140003710 f   misc.obj
 0001:000029e0       FILE_CommandLineToArgv     00000001400039e0 f   pathutils.obj
 0001:00002c2f       FILE_Extract_ext           0000000140003c2f f   pathutils.obj
 0001:00002c9e       FILE_Extract_path          0000000140003c9e f   pathutils.obj
 0001:00002d4f       FILE_Extract_full_fname    0000000140003d4f f   pathutils.obj
 0001:00002dbf       FILE_Extract_filename      0000000140003dbf f   pathutils.obj
 0001:00002e8d       FILE_FileExists            0000000140003e8d f   pathutils.obj
 0001:00002ede       FILE_GetFileSize           0000000140003ede f   pathutils.obj
 0001:00002f6e       FILE_MakeFullIniFname      0000000140003f6e f   pathutils.obj
 0001:000033a0       Rich_GetCaretPos           00000001400043a0 f   rich.obj
 0001:0000342c       Rich_GetModified           000000014000442c f   rich.obj
 0001:00003458       Rich_CanUndo               0000000140004458 f   rich.obj
 0001:00003484       Rich_CanRedo               0000000140004484 f   rich.obj
 0001:000034b0       Rich_CanPaste              00000001400044b0 f   rich.obj
 0001:000034dc       Rich_SetModified           00000001400044dc f   rich.obj
 0001:00003509       Rich_ConvertCase           0000000140004509 f   rich.obj
 0001:000035e4       Rich_ConvertTabsToSpaces   00000001400045e4 f   rich.obj
 0001:0000366a       Rich_SetBGColor            000000014000466a f   rich.obj
 0001:0000392e       Rich_SetFGColor            000000014000492e f   rich.obj
 0001:00003c62       Rich_FindNext              0000000140004c62 f   rich.obj
 0001:00003d54       Rich_TabReplace            0000000140004d54 f   rich.obj
 0001:00003e15       Rich_GotoLine              0000000140004e15 f   rich.obj
 0001:00003e7d       Rich_FindReplaceText       0000000140004e7d f   rich.obj
 0001:0000412e       Rich_GetLineCount          000000014000512e f   rich.obj
 0001:0000415a       Rich_GetCrtLine            000000014000515a f   rich.obj
 0001:000041a3       Rich_GetSelText            00000001400051a3 f   rich.obj
 0001:0000423a       Rich_GetSelLen             000000014000523a f   rich.obj
 0001:0000426e       Rich_Print                 000000014000526e f   rich.obj
 0001:0000503e       Rich_NewRichedit           000000014000603e f   rich.obj
 0001:00005441       Rich_Streamin              0000000140006441 f   rich.obj
 0001:000055cd       Rich_SelStreamin           00000001400065cd f   rich.obj
 0001:00005744       Rich_Streamout             0000000140006744 f   rich.obj
 0001:000058b9       Rich_SelStreamout          00000001400068b9 f   rich.obj
 0001:00005a2d       Rich_SetFontNoCF           0000000140006a2d f   rich.obj
 0001:00005a5b       Rich_SetFont               0000000140006a5b f   rich.obj
 0001:00005c7c       Rich_ToggleSelBar          0000000140006c7c f   rich.obj
 0001:00005e83       Rich_WordWrap              0000000140006e83 f   rich.obj
 0001:00005edd       Rich_SaveSelandcurpos      0000000140006edd f   rich.obj
 0001:00005f45       Rich_RestoreSelandcurpos   0000000140006f45 f   rich.obj
 0001:00005fad       Rich_CreateShowCaret       0000000140006fad f   rich.obj
 0001:00005ff1       Rich_GetFontHeight         0000000140006ff1 f   rich.obj
 0001:000060b3       Rich_ClearText             00000001400070b3 f   rich.obj
 0001:00006300       SB_MakeStatusBar           0000000140007300 f   sbar.obj
 0001:000063e4       SB_MenuHelp                00000001400073e4 f   sbar.obj
 0001:0000649e       SB_StatusResizePanels      000000014000749e f   sbar.obj
 0001:00006595       SB_StatusSetSimple         0000000140007595 f   sbar.obj
 0001:000065c2       SB_StatusSetText           00000001400075c2 f   sbar.obj
 0001:00006600       Tab_NewTab                 0000000140007600 f   tabs.obj
 0001:00006763       Tab_NewTabPage             0000000140007763 f   tabs.obj
 0001:000067bc       Tab_DeletePage             00000001400077bc f   tabs.obj
 0001:000067eb       Tab_GetCurSel              00000001400077eb f   tabs.obj
 0001:00006817       Tab_SetCurSel              0000000140007817 f   tabs.obj
 0001:00006846       Tab_GetCurFocus            0000000140007846 f   tabs.obj
 0001:00006872       Tab_SetCurFocus            0000000140007872 f   tabs.obj
 0001:000068a1       Tab_GetCount               00000001400078a1 f   tabs.obj
 0001:000068cd       Tab_SetText                00000001400078cd f   tabs.obj
 0001:00006926       Tab_SetPadding             0000000140007926 f   tabs.obj
 0001:00006971       Tab_SetImageList           0000000140007971 f   tabs.obj
 0001:0000699f       Tab_SetImg                 000000014000799f f   tabs.obj
 0001:000069f0       WinMain                    00000001400079f0 f   textedit.obj
 0001:000071c3       TabSubclassProc            00000001400081c3 f   textedit.obj
 0001:000072af       RichSubclassProc           00000001400082af f   textedit.obj
 0001:000074ac       OutwSubclassProc           00000001400084ac f   textedit.obj
 0001:00007660       DLG_AboutDlgProc           0000000140008660 f   textedit.obj
 0001:00007701       DLG_TabsDlgProc            0000000140008701 f   textedit.obj
 0001:0000784f       DLG_FindDlgProc            000000014000884f f   textedit.obj
 0001:00007ba5       DLG_GotoDlgProc            0000000140008ba5 f   textedit.obj
 0001:00007d9b       DLG_EXTToolDlgProc         0000000140008d9b f   textedit.obj
 0001:000085cb       DLG_OUTviewDlgProc         00000001400095cb f   textedit.obj
 0001:000087f0       WndProc                    00000001400097f0 f   textedit.obj
 0001:000089b6       UpdateMenuStatus           00000001400099b6 f   textedit.obj
 0001:00008e50       DLG_OpenDlg                0000000140009e50 f   textedit.obj
 0001:000090a2       DLG_SaveDlg                000000014000a0a2 f   textedit.obj
 0001:00009496       STR_StreamInProc           000000014000a496 f   textedit.obj
 0001:00009fec       STR_StreamOutProc          000000014000afec f   textedit.obj
 0001:0000a863       Prompt_to_save             000000014000b863 f   textedit.obj
 0001:0000a925       UpdateTitlebar             000000014000b925 f   textedit.obj
 0001:0000a98a       Menu_WipeClipboard         000000014000b98a f   textedit.obj
 0001:0000a9c7       Menu_NewInstance           000000014000b9c7 f   textedit.obj
 0001:0000aa11       Menu_MergeFile             000000014000ba11 f   textedit.obj
 0001:0000abcc       Menu_SaveSelection         000000014000bbcc f   textedit.obj
 0001:0000ac53       CvtTabsProc                000000014000bc53 f   textedit.obj
 0001:0000acfe       ExpandMacro                000000014000bcfe f   textedit.obj
 0001:0000afae       DLG_OutputWnd              000000014000bfae f   textedit.obj
 0001:0000afe6       Menu_HexView               000000014000bfe6 f   textedit.obj
 0001:0000b0e6       DLG_HEXViewDlgProc         000000014000c0e6 f   textedit.obj
 0001:0000b2fb       Menu_RefreshFromDisk       000000014000c2fb f   textedit.obj
 0001:0000b5b3       ConvertTabsToSpaces        000000014000c5b3 f   textedit.obj
 0001:0000b6e0       EnableMenus                000000014000c6e0 f   textedit.obj
 0001:0000bc5b       Menu_Save                  000000014000cc5b f   textedit.obj
 0001:0000bfec       Menu_Saveas                000000014000cfec f   textedit.obj
 0001:0000c0a4       Menu_New                   000000014000d0a4 f   textedit.obj
 0001:0000c3ed       Menu_ToggleMargin          000000014000d3ed f   textedit.obj
 0001:0000c942       Menu_Find                  000000014000d942 f   textedit.obj
 0001:0000cae9       Menu_ConvertTabs           000000014000dae9 f   textedit.obj
 0001:0000cbc3       Menu_SetFont               000000014000dbc3 f   textedit.obj
 0001:0000ce0c       Menu_Print                 000000014000de0c f   textedit.obj
 0001:0000cfa0       Menu_SetFGColor            000000014000dfa0 f   textedit.obj
 0001:0000d1b2       Menu_SetBGColor            000000014000e1b2 f   textedit.obj
 0001:0000d286       UpdateEncodingMenus        000000014000e286 f   textedit.obj
 0001:0000d330       TD_UpdateTabDataEntry      000000014000e330 f   textedit.obj
 0001:0000d698       TD_RebuildTabData          000000014000e698 f   textedit.obj
 0001:0000d7c2       UpdateCaretPos             000000014000e7c2 f   textedit.obj
 0001:0000d856       Menu_WWrap                 000000014000e856 f   textedit.obj
 0001:0000d9ba       UpdateModifiedStatus       000000014000e9ba f   textedit.obj
 0001:0000dade       UpdateEncodingStatus       000000014000eade f   textedit.obj
 0001:0000dc36       Menu_Open                  000000014000ec36 f   textedit.obj
 0001:0000dd87       Menu_Quit                  000000014000ed87 f   textedit.obj
 0001:0000ddb6       QuitSaveCheck              000000014000edb6 f   textedit.obj
 0001:0000de67       RemoveTab                  000000014000ee67 f   textedit.obj
 0001:0000e04f       MainWND_OnDropFiles        000000014000f04f f   textedit.obj
 0001:0000e338       MainWND_OnNotify           000000014000f338 f   textedit.obj
 0001:0000e53c       MainWND_OnCreate           000000014000f53c f   textedit.obj
 0001:0000e74c       MainWND_OnSize             000000014000f74c f   textedit.obj
 0001:0000e888       MainWND_OnInitMenuPopup    000000014000f888 f   textedit.obj
 0001:0000e8f8       MainWND_OnCommand          000000014000f8f8 f   textedit.obj
 0001:0000f1ed       OpenFileListFromCMDL       00000001400101ed f   textedit.obj
 0001:0000f4e6       OpenFileListFromOFD        00000001400104e6 f   textedit.obj
 0001:0000f8cf       CycleTabs                  00000001400108cf f   textedit.obj
 0001:0000fa7a       InitImgList                0000000140010a7a f   textedit.obj
 0001:0000fb43       Menu_Ontop                 0000000140010b43 f   textedit.obj
 0001:0000fc9b       MainWND_OnCopyData         0000000140010c9b f   textedit.obj
 0001:000103ec       RunFileDlg                 00000001400113ec     shell32x:shell32.dll
 0001:00010400       memcmp                     0000000140011400 f   crtmt64:memcmp.obj
 0001:000104d0       __C_specific_handler       00000001400114d0 f   crtmt64:_ehandler.obj
 0001:00010650       memset                     0000000140011650 f   crtmt64:memset.obj
 0001:00010740       ldiv                       0000000140011740 f   crtmt64:ldiv.obj
 0001:00010760       isprint                    0000000140011760 f   crtmt64:isprint.obj
 0001:000107c0       _vsnwprintf                00000001400117c0 f   crtmt64:vsnwprintf.obj
 0001:00010820       memcpy                     0000000140011820 f   crtmt64:memcpy.obj
 0001:00010820       memmove                    0000000140011820     crtmt64:memcpy.obj
 0001:00010b80       _beginthread               0000000140011b80 f   crtmt64:thread.obj
 0001:00010c40       _endthread                 0000000140011c40 f   crtmt64:thread.obj
 0001:00010ca0       WinMainCRTStartup          0000000140011ca0 f   crtmt64:_wincrt0.obj
 0001:00010dd0       __crt_abort                0000000140011dd0 f   crtmt64:_crtabort.obj
 0001:00010f20       __mtinit                   0000000140011f20 f   crtmt64:_tidtable.obj
 0001:00010f90       __mtterm                   0000000140011f90 f   crtmt64:_tidtable.obj
 0001:00011000       __init_mtd                 0000000140012000 f   crtmt64:_tidtable.obj
 0001:00011090       __get_mtd                  0000000140012090 f   crtmt64:_tidtable.obj
 0001:00011110       __free_mtd                 0000000140012110 f   crtmt64:_tidtable.obj
 0001:00011200       __wprintf                  0000000140012200 f   crtmt64:_wprintf.obj
 0001:00011580       __xcptfilter               0000000140012580 f   crtmt64:_xcptfilter.obj
 0001:000118e0       __sheap_alloc              00000001400128e0 f   crtmt64:malloc.obj
 0001:00011c60       malloc                     0000000140012c60 f   crtmt64:malloc.obj
 0001:00011d00       __sheap_free               0000000140012d00 f   crtmt64:free.obj
 0001:000120a0       free                       00000001400130a0 f   crtmt64:free.obj
 0001:00012120       __maposerr                 0000000140013120 f   crtmt64:_maperr.obj
 0001:00012240       __errno                    0000000140013240 f   crtmt64:_maperr.obj
 0001:00012260       __thrd_free_reuse          0000000140013260 f   crtmt64:_thrdnew.obj
 0001:000123a0       __thrd_new                 00000001400133a0 f   crtmt64:_thrdnew.obj
 0001:00012480       __thrd_free                0000000140013480 f   crtmt64:_thrdnew.obj
 0001:000124f0       __thrd_detach              00000001400134f0 f   crtmt64:_thrdnew.obj
 0001:00012550       __bheapinit                0000000140013550 f   crtmt64:_bigheap.obj
 0001:00012580       __bheapterm                0000000140013580 f   crtmt64:_bigheap.obj
 0001:000125b0       __bheap_aligned_alloc      00000001400135b0 f   crtmt64:_bigheap.obj
 0001:00012620       __bheap_aligned_realloc    0000000140013620 f   crtmt64:_bigheap.obj
 0001:00012720       __bheap_alloc              0000000140013720 f   crtmt64:_bigheap.obj
 0001:00012730       __bheap_realloc            0000000140013730 f   crtmt64:_bigheap.obj
 0001:00012740       __bheap_free               0000000140013740 f   crtmt64:_bigheap.obj
 0001:00012760       __bheap_size               0000000140013760 f   crtmt64:_bigheap.obj
 0001:000127a0       __bheap_validate           00000001400137a0 f   crtmt64:_bigheap.obj
 0001:000127e0       __features                 00000001400137e0 f   crtmt64:features.obj
 0001:000128e0       __clockinit                00000001400138e0 f   crtmt64:clock.obj
 0001:00012940       clock                      0000000140013940 f   crtmt64:clock.obj
 0001:00012990       __ioinit                   0000000140013990 f   crtmt64:_ioinit.obj
 0001:00012af0       __ioterm                   0000000140013af0 f   crtmt64:_ioinit.obj
 0001:00012b80       __new_iotab                0000000140013b80 f   crtmt64:_ioinit.obj
 0001:00012da0       __setargv                  0000000140013da0 f   crtmt64:_setargv.obj
 0001:00012e60       __setenvp                  0000000140013e60 f   crtmt64:_setenvp.obj
 0001:00012f60       __wincmdln                 0000000140013f60 f   crtmt64:_wincmdln.obj
 0001:00012fb0       exit                       0000000140013fb0 f   crtmt64:exit.obj
 0001:00013050       __mtinitlocks              0000000140014050 f   crtmt64:_mtlock.obj
 0001:000130a0       __mttermlocks              00000001400140a0 f   crtmt64:_mtlock.obj
 0001:00013140       __mtlock                   0000000140014140 f   crtmt64:_mtlock.obj
 0001:000131d0       __mtunlock                 00000001400141d0 f   crtmt64:_mtlock.obj
 0001:000131f0       __mtlock_stream            00000001400141f0 f   crtmt64:_mtlock.obj
 0001:00013220       __mtunlock_stream          0000000140014220 f   crtmt64:_mtlock.obj
 0001:00013250       __mt_fputs                 0000000140014250 f   crtmt64:fputs.obj
 0001:00013290       fputs                      0000000140014290 f   crtmt64:fputs.obj
 0001:000132e0       _Exit                      00000001400142e0 f   crtmt64:_exit.obj
 0001:000132f0       ignore_handler_s           00000001400142f0 f   crtmt64:constraint_handler_s.obj
 0001:00013300       set_constraint_handler_s   0000000140014300 f   crtmt64:constraint_handler_s.obj
 0001:00013330       _crt_constraint            0000000140014330 f   crtmt64:constraint_handler_s.obj
 0001:00013360       _strdup                    0000000140014360 f   crtmt64:strdup.obj
 0001:000133c0       strdup                     00000001400143c0 f   crtmt64:strdup.obj
 0001:000133d0       __get_c_locale             00000001400143d0 f   crtmt64:_clocale.obj
 0001:000134c0       wcscspn                    00000001400144c0 f   crtmt64:wcscspn.obj
 0001:00013510       __iswctype                 0000000140014510 f   crtmt64:_iswctype.obj
 0001:00013590       __wputfield                0000000140014590 f   crtmt64:_wputfield.obj
 0001:00013bc0       __wputtxt                  0000000140014bc0 f   crtmt64:_wputtxt.obj
 0001:00013e70       signal                     0000000140014e70 f   crtmt64:signal.obj
 0001:00013f80       __getmem                   0000000140014f80 f   crtmt64:_getmem.obj
 0001:00014050       __mtx_init                 0000000140015050 f   crtmt64:_mtxinit.obj
 0001:000140f0       __mtx_destroy              00000001400150f0 f   crtmt64:_mtxinit.obj
 0001:000141a0       calloc                     00000001400151a0 f   crtmt64:calloc.obj
 0001:00014200       __tss_user_destructors     0000000140015200 f   crtmt64:_tss_dtors.obj
 0001:00014530       __mtx_lock                 0000000140015530 f   crtmt64:_mtxlock.obj
 0001:00014540       __mtx_timedlock            0000000140015540 f   crtmt64:_mtxlock.obj
 0001:00014560       __mtx_trylock              0000000140015560 f   crtmt64:_mtxlock.obj
 0001:00014570       __mtx_unlock               0000000140015570 f   crtmt64:_mtxlock.obj
 0001:00014580       __set_default_crt_heap_size 0000000140015580 f   crtmt64:_dflheap.obj
 0001:00014590       __ioexport                 0000000140015590 f   crtmt64:_ioxfer.obj
 0001:000146a0       __ioimport                 00000001400156a0 f   crtmt64:_ioxfer.obj
 0001:00014780       __mt_fputc                 0000000140015780 f   crtmt64:fputc.obj
 0001:000147f0       fputc                      00000001400157f0 f   crtmt64:fputc.obj
 0001:00014820       __buf_stream               0000000140015820 f   crtmt64:_stbuf.obj
 0001:000148d0       __unbuf_stream             00000001400158d0 f   crtmt64:_stbuf.obj
 0001:00014930       __strerror                 0000000140015930 f   crtmt64:_strerror.obj
 0001:00014c30       __btowc                    0000000140015c30 f   crtmt64:_btowc.obj
 0001:00014c80       __wlitob                   0000000140015c80 f   crtmt64:_wlitob.obj
 0001:00014e00       __fptestl                  0000000140015e00 f   crtmt64:_fptestl.obj
 0001:00014e10       __wldtob                   0000000140015e10 f   crtmt64:_wldtob.obj
 0001:000155a0       wmemchr                    00000001400165a0 f   crtmt64:wmemchr.obj
 0001:000155c0       __wputstr                  00000001400165c0 f   crtmt64:_wputstr.obj
 0001:00015730       __oshnd_wait               0000000140016730 f   crtmt64:_thrdwait.obj
 0001:00015760       __thrd_wait                0000000140016760 f   crtmt64:_thrdwait.obj
 0001:00015770       __thrd_timedwait           0000000140016770 f   crtmt64:_thrdwait.obj
 0001:00015780       __thrd_sleep               0000000140016780 f   crtmt64:_thrdwait.obj
 0001:00015790       __tss_init                 0000000140016790 f   crtmt64:_tss.obj
 0001:000157c0       __tss_free                 00000001400167c0 f   crtmt64:_tss.obj
 0001:000157e0       __tss_get                  00000001400167e0 f   crtmt64:_tss.obj
 0001:000157f0       __tss_set                  00000001400167f0 f   crtmt64:_tss.obj
 0001:00015810       __thrd_key_create          0000000140016810 f   crtmt64:_thrdkey.obj
 0001:00015890       __thrd_key_destroy         0000000140016890 f   crtmt64:_thrdkey.obj
 0001:00015900       thrd_current               0000000140016900 f   crtmt64:thrd_current.obj
 0001:00015970       thrd_equal                 0000000140016970 f   crtmt64:thrd_equal.obj
 0001:00015990       __fflush                   0000000140016990 f   crtmt64:_fflush.obj
 0001:00015ac0       __fwrite                   0000000140016ac0 f   crtmt64:_fwrite.obj
 0001:00015bd0       _fileno                    0000000140016bd0 f   crtmt64:fileno.obj
 0001:00015be0       _isatty                    0000000140016be0 f   crtmt64:isatty.obj
 0001:00015c10       __mbtowc                   0000000140016c10 f   crtmt64:_mbtowc.obj
 0001:00015f40       __fptest                   0000000140016f40 f   crtmt64:_fptest.obj
 0001:00015fc0       __fpunscalel               0000000140016fc0 f   crtmt64:_fpunscalel.obj
 0001:00015fd0       __fpscalel                 0000000140016fd0 f   crtmt64:_fpscalel.obj
 0001:00015fe0       __wgenld                   0000000140016fe0 f   crtmt64:_wgenld.obj
 0001:00016490       __fpgetwl                  0000000140017490 f   crtmt64:_fpxprecl.obj
 0001:00016520       __fpsetwl                  0000000140017520 f   crtmt64:_fpxprecl.obj
 0001:00016650       __fpaddhl                  0000000140017650 f   crtmt64:_fpxprecl.obj
 0001:00016a40       __fpmulhl                  0000000140017a40 f   crtmt64:_fpxprecl.obj
 0001:00016c30       __fpsetnl                  0000000140017c30 f   crtmt64:_fpxprecl.obj
 0001:00016c50       __fpmovxl                  0000000140017c50 f   crtmt64:_fpxprecl.obj
 0001:00016c70       __fpaddxl                  0000000140017c70 f   crtmt64:_fpxprecl.obj
 0001:00016cd0       __fpsubxl                  0000000140017cd0 f   crtmt64:_fpxprecl.obj
 0001:00016d40       __fpldexpxl                0000000140017d40 f   crtmt64:_fpxprecl.obj
 0001:00016da0       __fpmulxl                  0000000140017da0 f   crtmt64:_fpxprecl.obj
 0001:00016ea0       __fpinvxl                  0000000140017ea0 f   crtmt64:_fpxprecl.obj
 0001:00017510       __mt_write                 0000000140018510 f   crtmt64:write.obj
 0001:000176e0       _write                     00000001400186e0 f   crtmt64:write.obj
 0001:00017800       __init_closeall            0000000140018800 f   crtmt64:fclose.obj
 0001:000179a0       fclose                     00000001400189a0 f   crtmt64:fclose.obj
 0001:000179f0       ___mbtowc                  00000001400189f0 f   crtmt64:__mbtowc.obj
 0001:00017aa0       __fpunscale                0000000140018aa0 f   crtmt64:_fpunscale.obj
 0001:00017b40       __fpscale                  0000000140018b40 f   crtmt64:_fpscale.obj
 0001:00017d40       __fpintl                   0000000140018d40 f   crtmt64:_fpintl.obj
 0001:00017d50       __feraise                  0000000140018d50 f   crtmt64:_feraise.obj
 0001:00017d90       ldexpl                     0000000140018d90 f   crtmt64:ldexpl.obj
 0001:00017ef0       __new_osfhnd               0000000140018ef0 f   crtmt64:_osfinfo.obj
 0001:00017ff0       __free_osfhnd              0000000140018ff0 f   crtmt64:_osfinfo.obj
 0001:000180a0       __set_osfhnd               00000001400190a0 f   crtmt64:_osfinfo.obj
 0001:00018140       __get_osfhnd               0000000140019140 f   crtmt64:_osfinfo.obj
 0001:00018160       __is_unicode_osfhnd        0000000140019160 f   crtmt64:_osfinfo.obj
 0001:000181a0       __is_console_osfhnd        00000001400191a0 f   crtmt64:_osfinfo.obj
 0001:000181f0       _get_osfhandle             00000001400191f0 f   crtmt64:_osfinfo.obj
 0001:00018250       _open_osfhandle            0000000140019250 f   crtmt64:_osfinfo.obj
 0001:00018380       __lock_osfhnd              0000000140019380 f   crtmt64:_osfinfo.obj
 0001:000183b0       __unlock_osfhnd            00000001400193b0 f   crtmt64:_osfinfo.obj
 0001:000183e0       __cp_to_cp                 00000001400193e0 f   crtmt64:_cp2cp.obj
 0001:000184f0       __mt_lseek64               00000001400194f0 f   crtmt64:lseek64.obj
 0001:00018580       _lseek64                   0000000140019580 f   crtmt64:lseek64.obj
 0001:000185f0       _Atexit                    00000001400195f0 f   crtmt64:_atexit.obj
 0001:00018620       __mt_close                 0000000140019620 f   crtmt64:close.obj
 0001:000186c0       _close                     00000001400196c0 f   crtmt64:close.obj
 0001:00018720       remove                     0000000140019720 f   crtmt64:remove.obj
 0001:00018730       __fpnorm                   0000000140019730 f   crtmt64:_fpnorm.obj
 0001:000188a0       __fpint                    00000001400198a0 f   crtmt64:_fpint.obj
 0001:000189f0       feraiseexcept              00000001400199f0 f   crtmt64:feraiseexcept.obj
 0001:00018a60       _matherr                   0000000140019a60 f   crtmt64:_matherr.obj
 0001:00018a70       abort                      0000000140019a70 f   crtmt64:abort.obj
 0001:00018a90       _unlink                    0000000140019a90 f   crtmt64:unlink.obj
 0001:00018ac0       raise                      0000000140019ac0 f   crtmt64:raise.obj
 0003:00001020       Alphabet                   000000014001c020     misc.obj
 0003:000074f0       __c_times                  00000001400224f0     crtmt64:_tinfo.obj
 0003:000077e0       __inf                      00000001400227e0     crtmt64:_values.obj
 0003:000077e8       __nan                      00000001400227e8     crtmt64:_values.obj
 0003:000077f0       __eps                      00000001400227f0     crtmt64:_values.obj
 0003:000077f8       __rteps                    00000001400227f8     crtmt64:_values.obj
 0003:00007800       __xbig                     0000000140022800     crtmt64:_values.obj
 0003:00007808       __zero                     0000000140022808     crtmt64:_values.obj
 0003:00007810       __llongmax                 0000000140022810     crtmt64:_values.obj
 0003:00007820       __negmask                  0000000140022820     crtmt64:_values.obj
 0003:00007830       __absmask                  0000000140022830     crtmt64:_values.obj
 0003:00007860       __infl                     0000000140022860     crtmt64:_lvalues.obj
 0003:00007868       __nanl                     0000000140022868     crtmt64:_lvalues.obj
 0003:00007870       __epsl                     0000000140022870     crtmt64:_lvalues.obj
 0003:00007878       __rtepsl                   0000000140022878     crtmt64:_lvalues.obj
 0003:00007880       __xbigl                    0000000140022880     crtmt64:_lvalues.obj
 0003:00007888       __zerol                    0000000140022888     crtmt64:_lvalues.obj
 0003:00007a00       __xi_a                     0000000140022a00     crtmt64:_initex.obj
 0003:00007a00       __xi_z                     0000000140022a00     crtmt64:_initex.obj
 0003:00007a00       __xt_a                     0000000140022a00     crtmt64:_initex.obj
 0003:00007a00       __xt_z                     0000000140022a00     crtmt64:_initex.obj
 0004:00000000       UTF_16_BE_BOM              0000000140023000     encoding.obj
 0004:00000008       UTF_16_LE_BOM              0000000140023008     encoding.obj
 0004:00000010       UTF_8_BOM                  0000000140023010     encoding.obj
 0004:00000018       UTF_32_BE_BOM              0000000140023018     encoding.obj
 0004:00000020       UTF_32_LE_BOM              0000000140023020     encoding.obj
 0004:00000090       opn_filter                 0000000140023090     misc.obj
 0004:00000098       opn_title                  0000000140023098     misc.obj
 0004:000000a0       sav_title                  00000001400230a0     misc.obj
 0004:000000a8       opn_defext                 00000001400230a8     misc.obj
 0004:000000b0       app_classname              00000001400230b0     misc.obj
 0004:000000b8       app_classname2             00000001400230b8     misc.obj
 0004:000000c0       app_title                  00000001400230c0     misc.obj
 0004:000000d0       g_bmargin                  00000001400230d0     textedit.obj
 0004:000000d4       g_bprompt                  00000001400230d4     textedit.obj
 0004:000000d8       g_bfwd                     00000001400230d8     textedit.obj
 0004:000000dc       g_bmenu_needs_update       00000001400230dc     textedit.obj
 0004:000000e0       g_dwtabsize                00000001400230e0     textedit.obj
 0004:000000e4       g_fencoding                00000001400230e4     textedit.obj
 0004:000000f0       __tlsidx                   00000001400230f0     crtmt64:_tidtable.obj
 0004:00000110       __bheap_threshold          0000000140023110     crtmt64:_crt0dat.obj
 0004:00000120       __feature_mask             0000000140023120     crtmt64:features.obj
 0004:00000140       __atcount                  0000000140023140     crtmt64:exit.obj
 0004:00000150       __stdin                    0000000140023150     crtmt64:_files.obj
 0004:000001d0       __stdout                   00000001400231d0     crtmt64:_files.obj
 0004:00000250       __stderr                   0000000140023250     crtmt64:_files.obj
 0004:000002d0       __filetab                  00000001400232d0     crtmt64:_files.obj
 0004:00001340       __c_locale                 0000000140024340     crtmt64:_clocale.obj
 0004:000016a0       __mbcurmax                 00000001400246a0     crtmt64:_state.obj
 0004:000016a8       __collatetab               00000001400246a8     crtmt64:_state.obj
 0004:00001728       __wcollatetab              0000000140024728     crtmt64:_state.obj
 0004:000017a8       __mbtowctab                00000001400247a8     crtmt64:_state.obj
 0004:00001828       __wctombtab                0000000140024828     crtmt64:_state.obj
 0004:000018b0       __ctypetab                 00000001400248b0     crtmt64:_ctypetab.obj
 0004:000018c0       __tolowertab               00000001400248c0     crtmt64:_tolowertab.obj
 0004:000018d0       __touppertab               00000001400248d0     crtmt64:_touppertab.obj
 0004:000018e0       __wctranstab               00000001400248e0     crtmt64:_wctranstab.obj
 0004:000018f0       __wctypetab                00000001400248f0     crtmt64:_wctypetab.obj
 0004:00001900       __locale                   0000000140024900     crtmt64:localeconv.obj
 0004:00001960       __times                    0000000140024960     crtmt64:_tinfo.obj
 0004:00001a08       __IMPORT_DESCRIPTOR_KERNEL32 0000000140024a08     kernel32:KERNEL32.dll
 0004:00001a1c       __IMPORT_DESCRIPTOR_USER32 0000000140024a1c     user32:USER32.dll
 0004:00001a30       __IMPORT_DESCRIPTOR_GDI32  0000000140024a30     gdi32:GDI32.dll
 0004:00001a44       __IMPORT_DESCRIPTOR_COMCTL32 0000000140024a44     comctl32:COMCTL32.dll
 0004:00001a58       __IMPORT_DESCRIPTOR_COMDLG32 0000000140024a58     comdlg32:COMDLG32.dll
 0004:00001a6c       __IMPORT_DESCRIPTOR_ADVAPI32 0000000140024a6c     advapi32:ADVAPI32.dll
 0004:00001a80       __IMPORT_DESCRIPTOR_SHELL32 0000000140024a80     shell32:SHELL32.dll
 0004:00001a94       __IMPORT_DESCRIPTOR_shell32 0000000140024a94     shell32x:shell32.dll
 0004:00001aa8       __IMPORT_DESCRIPTOR_SHLWAPI 0000000140024aa8     shlwapi:SHLWAPI.dll
 0004:00001abc       __NULL_IMPORT_DESCRIPTOR   0000000140024abc     kernel32:KERNEL32.dll
 0004:00002150       __imp_GetPrivateProfileStructW 0000000140025150     kernel32:KERNEL32.dll
 0004:00002158       __imp_WritePrivateProfileStringW 0000000140025158     kernel32:KERNEL32.dll
 0004:00002160       __imp_WritePrivateProfileStructW 0000000140025160     kernel32:KERNEL32.dll
 0004:00002168       __imp_CreateFileW          0000000140025168     kernel32:KERNEL32.dll
 0004:00002170       __imp_CreateFileMappingW   0000000140025170     kernel32:KERNEL32.dll
 0004:00002178       __imp_GetLastError         0000000140025178     kernel32:KERNEL32.dll
 0004:00002180       __imp_MapViewOfFile        0000000140025180     kernel32:KERNEL32.dll
 0004:00002188       __imp_GetFileSize          0000000140025188     kernel32:KERNEL32.dll
 0004:00002190       __imp_UnmapViewOfFile      0000000140025190     kernel32:KERNEL32.dll
 0004:00002198       __imp_CloseHandle          0000000140025198     kernel32:KERNEL32.dll
 0004:000021a0       __imp_LocalAlloc           00000001400251a0     kernel32:KERNEL32.dll
 0004:000021a8       __imp_LocalFree            00000001400251a8     kernel32:KERNEL32.dll
 0004:000021b0       __imp_GetModuleFileNameW   00000001400251b0     kernel32:KERNEL32.dll
 0004:000021b8       __imp_lstrlenW             00000001400251b8     kernel32:KERNEL32.dll
 0004:000021c0       __imp_GetModuleHandleW     00000001400251c0     kernel32:KERNEL32.dll
 0004:000021c8       __imp_CreatePipe           00000001400251c8     kernel32:KERNEL32.dll
 0004:000021d0       __imp_GetCurrentProcess    00000001400251d0     kernel32:KERNEL32.dll
 0004:000021d8       __imp_DuplicateHandle      00000001400251d8     kernel32:KERNEL32.dll
 0004:000021e0       __imp_CreateProcessW       00000001400251e0     kernel32:KERNEL32.dll
 0004:000021e8       __imp_ReadFile             00000001400251e8     kernel32:KERNEL32.dll
 0004:000021f0       __imp_MultiByteToWideChar  00000001400251f0     kernel32:KERNEL32.dll
 0004:000021f8       __imp_VerSetConditionMask  00000001400251f8     kernel32:KERNEL32.dll
 0004:00002200       __imp_VerifyVersionInfoW   0000000140025200     kernel32:KERNEL32.dll
 0004:00002208       __imp_GlobalAlloc          0000000140025208     kernel32:KERNEL32.dll
 0004:00002210       __imp_GlobalLock           0000000140025210     kernel32:KERNEL32.dll
 0004:00002218       __imp_GlobalUnlock         0000000140025218     kernel32:KERNEL32.dll
 0004:00002220       __imp_GlobalFree           0000000140025220     kernel32:KERNEL32.dll
 0004:00002228       __imp_lstrcpynW            0000000140025228     kernel32:KERNEL32.dll
 0004:00002230       __imp_FindFirstFileW       0000000140025230     kernel32:KERNEL32.dll
 0004:00002238       __imp_FindClose            0000000140025238     kernel32:KERNEL32.dll
 0004:00002240       __imp_MulDiv               0000000140025240     kernel32:KERNEL32.dll
 0004:00002248       __imp_InitializeCriticalSection 0000000140025248     kernel32:KERNEL32.dll
 0004:00002250       __imp_LoadLibraryW         0000000140025250     kernel32:KERNEL32.dll
 0004:00002258       __imp_GetPrivateProfileIntW 0000000140025258     kernel32:KERNEL32.dll
 0004:00002260       __imp_GetCommandLineW      0000000140025260     kernel32:KERNEL32.dll
 0004:00002268       __imp_FreeLibrary          0000000140025268     kernel32:KERNEL32.dll
 0004:00002270       __imp_DeleteCriticalSection 0000000140025270     kernel32:KERNEL32.dll
 0004:00002278       __imp_GetPrivateProfileStringW 0000000140025278     kernel32:KERNEL32.dll
 0004:00002280       __imp_lstrcmpW             0000000140025280     kernel32:KERNEL32.dll
 0004:00002288       __imp_GetACP               0000000140025288     kernel32:KERNEL32.dll
 0004:00002290       __imp_WideCharToMultiByte  0000000140025290     kernel32:KERNEL32.dll
 0004:00002298       __imp_WriteFile            0000000140025298     kernel32:KERNEL32.dll
 0004:000022a0       __imp_EnterCriticalSection 00000001400252a0     kernel32:KERNEL32.dll
 0004:000022a8       __imp_LeaveCriticalSection 00000001400252a8     kernel32:KERNEL32.dll
 0004:000022b0       __imp_RtlUnwindEx          00000001400252b0     kernel32:KERNEL32.dll
 0004:000022b8       __imp_TlsSetValue          00000001400252b8     kernel32:KERNEL32.dll
 0004:000022c0       __imp_CreateThread         00000001400252c0     kernel32:KERNEL32.dll
 0004:000022c8       __imp_ResumeThread         00000001400252c8     kernel32:KERNEL32.dll
 0004:000022d0       __imp_ExitThread           00000001400252d0     kernel32:KERNEL32.dll
 0004:000022d8       __imp_GetStartupInfoA      00000001400252d8     kernel32:KERNEL32.dll
 0004:000022e0       __imp_GetModuleHandleA     00000001400252e0     kernel32:KERNEL32.dll
 0004:000022e8       __imp_IsDebuggerPresent    00000001400252e8     kernel32:KERNEL32.dll
 0004:000022f0       __imp_OutputDebugStringA   00000001400252f0     kernel32:KERNEL32.dll
 0004:000022f8       __imp_TlsAlloc             00000001400252f8     kernel32:KERNEL32.dll
 0004:00002300       __imp_GetCurrentThreadId   0000000140025300     kernel32:KERNEL32.dll
 0004:00002308       __imp_TlsGetValue          0000000140025308     kernel32:KERNEL32.dll
 0004:00002310       __imp_TlsFree              0000000140025310     kernel32:KERNEL32.dll
 0004:00002318       __imp_SetLastError         0000000140025318     kernel32:KERNEL32.dll
 0004:00002320       __imp_UnhandledExceptionFilter 0000000140025320     kernel32:KERNEL32.dll
 0004:00002328       __imp_HeapCreate           0000000140025328     kernel32:KERNEL32.dll
 0004:00002330       __imp_HeapDestroy          0000000140025330     kernel32:KERNEL32.dll
 0004:00002338       __imp_HeapAlloc            0000000140025338     kernel32:KERNEL32.dll
 0004:00002340       __imp_HeapReAlloc          0000000140025340     kernel32:KERNEL32.dll
 0004:00002348       __imp_HeapFree             0000000140025348     kernel32:KERNEL32.dll
 0004:00002350       __imp_HeapSize             0000000140025350     kernel32:KERNEL32.dll
 0004:00002358       __imp_HeapValidate         0000000140025358     kernel32:KERNEL32.dll
 0004:00002360       __imp_QueryPerformanceFrequency 0000000140025360     kernel32:KERNEL32.dll
 0004:00002368       __imp_QueryPerformanceCounter 0000000140025368     kernel32:KERNEL32.dll
 0004:00002370       __imp_GetStartupInfoW      0000000140025370     kernel32:KERNEL32.dll
 0004:00002378       __imp_GetStdHandle         0000000140025378     kernel32:KERNEL32.dll
 0004:00002380       __imp_GetFileType          0000000140025380     kernel32:KERNEL32.dll
 0004:00002388       __imp_GetCommandLineA      0000000140025388     kernel32:KERNEL32.dll
 0004:00002390       __imp_GetModuleFileNameA   0000000140025390     kernel32:KERNEL32.dll
 0004:00002398       __imp_GetEnvironmentStrings 0000000140025398     kernel32:KERNEL32.dll
 0004:000023a0       __imp_FreeEnvironmentStringsA 00000001400253a0     kernel32:KERNEL32.dll
 0004:000023a8       __imp_ExitProcess          00000001400253a8     kernel32:KERNEL32.dll
 0004:000023b0       __imp_SetConsoleCtrlHandler 00000001400253b0     kernel32:KERNEL32.dll
 0004:000023b8       __imp_VirtualAlloc         00000001400253b8     kernel32:KERNEL32.dll
 0004:000023c0       __imp_VirtualQuery         00000001400253c0     kernel32:KERNEL32.dll
 0004:000023c8       __imp_CreateEventW         00000001400253c8     kernel32:KERNEL32.dll
 0004:000023d0       __imp_SetEvent             00000001400253d0     kernel32:KERNEL32.dll
 0004:000023d8       __imp_WaitForSingleObject  00000001400253d8     kernel32:KERNEL32.dll
 0004:000023e0       __imp_Sleep                00000001400253e0     kernel32:KERNEL32.dll
 0004:000023e8       __imp_GetConsoleOutputCP   00000001400253e8     kernel32:KERNEL32.dll
 0004:000023f0       __imp_WriteConsoleW        00000001400253f0     kernel32:KERNEL32.dll
 0004:000023f8       __imp_IsDBCSLeadByteEx     00000001400253f8     kernel32:KERNEL32.dll
 0004:00002400       __imp_SetStdHandle         0000000140025400     kernel32:KERNEL32.dll
 0004:00002408       __imp_GetConsoleMode       0000000140025408     kernel32:KERNEL32.dll
 0004:00002410       __imp_SetFilePointerEx     0000000140025410     kernel32:KERNEL32.dll
 0004:00002418       __imp_DeleteFileA          0000000140025418     kernel32:KERNEL32.dll
 0004:00002420       KERNEL32_NULL_THUNK_DATA  0000000140025420     kernel32:KERNEL32.dll
 0004:00002428       __imp_GetWindowPlacement   0000000140025428     user32:USER32.dll
 0004:00002430       __imp_GetWindowRect        0000000140025430     user32:USER32.dll
 0004:00002438       __imp_GetMenuItemInfoW     0000000140025438     user32:USER32.dll
 0004:00002440       __imp_SetMenuItemInfoW     0000000140025440     user32:USER32.dll
 0004:00002448       __imp_MessageBoxIndirectW  0000000140025448     user32:USER32.dll
 0004:00002450       __imp_SendMessageW         0000000140025450     user32:USER32.dll
 0004:00002458       __imp_InvalidateRect       0000000140025458     user32:USER32.dll
 0004:00002460       __imp_wsprintfW            0000000140025460     user32:USER32.dll
 0004:00002468       __imp_GetClientRect        0000000140025468     user32:USER32.dll
 0004:00002470       __imp_CreateWindowExW      0000000140025470     user32:USER32.dll
 0004:00002478       __imp_OpenClipboard        0000000140025478     user32:USER32.dll
 0004:00002480       __imp_EmptyClipboard       0000000140025480     user32:USER32.dll
 0004:00002488       __imp_SetClipboardData     0000000140025488     user32:USER32.dll
 0004:00002490       __imp_CloseClipboard       0000000140025490     user32:USER32.dll
 0004:00002498       __imp_MoveWindow           0000000140025498     user32:USER32.dll
 0004:000024a0       __imp_FindWindowW          00000001400254a0     user32:USER32.dll
 0004:000024a8       __imp_GetWindowTextLengthW 00000001400254a8     user32:USER32.dll
 0004:000024b0       __imp_CharLowerW           00000001400254b0     user32:USER32.dll
 0004:000024b8       __imp_CharUpperW           00000001400254b8     user32:USER32.dll
 0004:000024c0       __imp_GetSysColor          00000001400254c0     user32:USER32.dll
 0004:000024c8       __imp_SetFocus             00000001400254c8     user32:USER32.dll
 0004:000024d0       __imp_CopyRect             00000001400254d0     user32:USER32.dll
 0004:000024d8       __imp_GetClassLongW        00000001400254d8     user32:USER32.dll
 0004:000024e0       __imp_SetClassLongW        00000001400254e0     user32:USER32.dll
 0004:000024e8       __imp_SetWindowLongPtrW    00000001400254e8     user32:USER32.dll
 0004:000024f0       __imp_DestroyWindow        00000001400254f0     user32:USER32.dll
 0004:000024f8       __imp_SetWindowTextW       00000001400254f8     user32:USER32.dll
 0004:00002500       __imp_CreateCaret          0000000140025500     user32:USER32.dll
 0004:00002508       __imp_ShowCaret            0000000140025508     user32:USER32.dll
 0004:00002510       __imp_GetDC                0000000140025510     user32:USER32.dll
 0004:00002518       __imp_LoadStringW          0000000140025518     user32:USER32.dll
 0004:00002520       __imp_GetWindowLongW       0000000140025520     user32:USER32.dll
 0004:00002528       __imp_SetWindowLongW       0000000140025528     user32:USER32.dll
 0004:00002530       __imp_LoadIconW            0000000140025530     user32:USER32.dll
 0004:00002538       __imp_LoadCursorW          0000000140025538     user32:USER32.dll
 0004:00002540       __imp_RegisterClassExW     0000000140025540     user32:USER32.dll
 0004:00002548       __imp_GetSystemMetrics     0000000140025548     user32:USER32.dll
 0004:00002550       __imp_SetWindowPos         0000000140025550     user32:USER32.dll
 0004:00002558       __imp_ShowWindow           0000000140025558     user32:USER32.dll
 0004:00002560       __imp_UpdateWindow         0000000140025560     user32:USER32.dll
 0004:00002568       __imp_LoadAcceleratorsW    0000000140025568     user32:USER32.dll
 0004:00002570       __imp_GetMenu              0000000140025570     user32:USER32.dll
 0004:00002578       __imp_GetSubMenu           0000000140025578     user32:USER32.dll
 0004:00002580       __imp_RedrawWindow         0000000140025580     user32:USER32.dll
 0004:00002588       __imp_TranslateAcceleratorW 0000000140025588     user32:USER32.dll
 0004:00002590       __imp_TranslateMessage     0000000140025590     user32:USER32.dll
 0004:00002598       __imp_DispatchMessageW     0000000140025598     user32:USER32.dll
 0004:000025a0       __imp_GetMessageW          00000001400255a0     user32:USER32.dll
 0004:000025a8       __imp_CallWindowProcW      00000001400255a8     user32:USER32.dll
 0004:000025b0       __imp_DestroyCaret         00000001400255b0     user32:USER32.dll
 0004:000025b8       __imp_GetCursorPos         00000001400255b8     user32:USER32.dll
 0004:000025c0       __imp_TrackPopupMenuEx     00000001400255c0     user32:USER32.dll
 0004:000025c8       __imp_LoadMenuW            00000001400255c8     user32:USER32.dll
 0004:000025d0       __imp_EnableMenuItem       00000001400255d0     user32:USER32.dll
 0004:000025d8       __imp_DestroyMenu          00000001400255d8     user32:USER32.dll
 0004:000025e0       __imp_EndDialog            00000001400255e0     user32:USER32.dll
 0004:000025e8       __imp_GetDlgItemInt        00000001400255e8     user32:USER32.dll
 0004:000025f0       __imp_GetDlgItem           00000001400255f0     user32:USER32.dll
 0004:000025f8       __imp_SetDlgItemInt        00000001400255f8     user32:USER32.dll
 0004:00002600       __imp_GetDlgItemTextW      0000000140025600     user32:USER32.dll
 0004:00002608       __imp_IsDlgButtonChecked   0000000140025608     user32:USER32.dll
 0004:00002610       __imp_CheckDlgButton       0000000140025610     user32:USER32.dll
 0004:00002618       __imp_SetDlgItemTextW      0000000140025618     user32:USER32.dll
 0004:00002620       __imp_SendDlgItemMessageW  0000000140025620     user32:USER32.dll
 0004:00002628       __imp_PostQuitMessage      0000000140025628     user32:USER32.dll
 0004:00002630       __imp_DefWindowProcW       0000000140025630     user32:USER32.dll
 0004:00002638       __imp_CheckMenuItem        0000000140025638     user32:USER32.dll
 0004:00002640       __imp_DialogBoxParamW      0000000140025640     user32:USER32.dll
 0004:00002648       __imp_EnableWindow         0000000140025648     user32:USER32.dll
 0004:00002650       __imp_ShowCursor           0000000140025650     user32:USER32.dll
 0004:00002658       __imp_CheckMenuRadioItem   0000000140025658     user32:USER32.dll
 0004:00002660       __imp_GetWindowLongPtrW    0000000140025660     user32:USER32.dll
 0004:00002668       __imp_IsIconic             0000000140025668     user32:USER32.dll
 0004:00002670       USER32_NULL_THUNK_DATA    0000000140025670     user32:USER32.dll
 0004:00002678       __imp_CreateFontIndirectW  0000000140025678     gdi32:GDI32.dll
 0004:00002680       __imp_StartDocW            0000000140025680     gdi32:GDI32.dll
 0004:00002688       __imp_DeleteDC             0000000140025688     gdi32:GDI32.dll
 0004:00002690       __imp_GetDeviceCaps        0000000140025690     gdi32:GDI32.dll
 0004:00002698       __imp_CreateFontW          0000000140025698     gdi32:GDI32.dll
 0004:000026a0       __imp_SelectObject         00000001400256a0     gdi32:GDI32.dll
 0004:000026a8       __imp_StartPage            00000001400256a8     gdi32:GDI32.dll
 0004:000026b0       __imp_SetTextColor         00000001400256b0     gdi32:GDI32.dll
 0004:000026b8       __imp_TextOutW             00000001400256b8     gdi32:GDI32.dll
 0004:000026c0       __imp_EndPage              00000001400256c0     gdi32:GDI32.dll
 0004:000026c8       __imp_EndDoc               00000001400256c8     gdi32:GDI32.dll
 0004:000026d0       __imp_AbortDoc             00000001400256d0     gdi32:GDI32.dll
 0004:000026d8       __imp_DeleteObject         00000001400256d8     gdi32:GDI32.dll
 0004:000026e0       __imp_GetStockObject       00000001400256e0     gdi32:GDI32.dll
 0004:000026e8       GDI32_NULL_THUNK_DATA     00000001400256e8     gdi32:GDI32.dll
 0004:000026f0       __imp_CreateStatusWindowW  00000001400256f0     comctl32:COMCTL32.dll
 0004:000026f8       __imp_InitCommonControls   00000001400256f8     comctl32:COMCTL32.dll
 0004:00002700       __imp_ImageList_Destroy    0000000140025700     comctl32:COMCTL32.dll
 0004:00002708       __imp_ImageList_Create     0000000140025708     comctl32:COMCTL32.dll
 0004:00002710       __imp_ImageList_ReplaceIcon 0000000140025710     comctl32:COMCTL32.dll
 0004:00002718       COMCTL32_NULL_THUNK_DATA  0000000140025718     comctl32:COMCTL32.dll
 0004:00002720       __imp_ChooseColorW         0000000140025720     comdlg32:COMDLG32.dll
 0004:00002728       __imp_PrintDlgW            0000000140025728     comdlg32:COMDLG32.dll
 0004:00002730       __imp_ChooseFontW          0000000140025730     comdlg32:COMDLG32.dll
 0004:00002738       __imp_GetOpenFileNameW     0000000140025738     comdlg32:COMDLG32.dll
 0004:00002740       __imp_GetSaveFileNameW     0000000140025740     comdlg32:COMDLG32.dll
 0004:00002748       COMDLG32_NULL_THUNK_DATA  0000000140025748     comdlg32:COMDLG32.dll
 0004:00002750       __imp_IsTextUnicode        0000000140025750     advapi32:ADVAPI32.dll
 0004:00002758       __imp_RegOpenKeyExW        0000000140025758     advapi32:ADVAPI32.dll
 0004:00002760       __imp_RegQueryValueExW     0000000140025760     advapi32:ADVAPI32.dll
 0004:00002768       __imp_RegCloseKey          0000000140025768     advapi32:ADVAPI32.dll
 0004:00002770       ADVAPI32_NULL_THUNK_DATA  0000000140025770     advapi32:ADVAPI32.dll
 0004:00002778       __imp_DragAcceptFiles      0000000140025778     shell32:SHELL32.dll
 0004:00002780       __imp_DragQueryFileW       0000000140025780     shell32:SHELL32.dll
 0004:00002788       __imp_DragFinish           0000000140025788     shell32:SHELL32.dll
 0004:00002790       __imp_SHAddToRecentDocs    0000000140025790     shell32:SHELL32.dll
 0004:00002798       __imp_SHFindFiles          0000000140025798     shell32:SHELL32.dll
 0004:000027a0       __imp_SHObjectProperties   00000001400257a0     shell32:SHELL32.dll
 0004:000027a8       SHELL32_NULL_THUNK_DATA   00000001400257a8     shell32:SHELL32.dll
 0004:000027b0       __imp_RunFileDlg           00000001400257b0     shell32x:shell32.dll
 0004:000027b8       shell32_NULL_THUNK_DATA   00000001400257b8     shell32x:shell32.dll
 0004:000027c0       __imp_PathQuoteSpacesW     00000001400257c0     shlwapi:SHLWAPI.dll
 0004:000027c8       SHLWAPI_NULL_THUNK_DATA   00000001400257c8     shlwapi:SHLWAPI.dll
 0004:00005320       g_lock                     0000000140028320     <common>
 0004:00005360       g_outw_buf                 0000000140028360     <common>
 0004:00005380       g_hInst                    0000000140028380     <common>
 0004:000053a0       g_hDll                     00000001400283a0     <common>
 0004:000053c0       g_bnot_alone               00000001400283c0     <common>
 0004:000053e0       g_hIcon                    00000001400283e0     <common>
 0004:00005400       g_hSmallIcon               0000000140028400     <common>
 0004:00005420       g_hIml                     0000000140028420     <common>
 0004:00005440       g_szinifile                0000000140028440     <common>
 0004:00005860       g_hFont                    0000000140028860     <common>
 0004:00005880       g_bwrap                    0000000140028880     <common>
 0004:000058a0       g_bontop                   00000001400288a0     <common>
 0004:000058c0       g_hAccel                   00000001400288c0     <common>
 0004:000058e0       g_hMain                    00000001400288e0     <common>
 0004:00005900       g_hMainmenu                0000000140028900     <common>
 0004:00005920       g_hFilemenu                0000000140028920     <common>
 0004:00005940       g_hEditmenu                0000000140028940     <common>
 0004:00005960       g_hToolsmenu               0000000140028960     <common>
 0004:00005980       g_hViewmenu                0000000140028980     <common>
 0004:000059a0       g_sztextbuf                00000001400289a0     <common>
 0004:00005da0       g_hTab                     0000000140028da0     <common>
 0004:00005dc0       g_szbuf                    0000000140028dc0     <common>
 0004:000061e0       tab_data                   00000001400291e0     <common>
 0004:0000de20       g_curtab                   0000000140030e20     <common>
 0004:0000de40       g_converting               0000000140030e40     <common>
 0004:0000de60       g_tab_old_proc             0000000140030e60     <common>
 0004:0000de80       g_rich_old_proc            0000000140030e80     <common>
 0004:0000dea0       g_fontheight               0000000140030ea0     <common>
 0004:0000dec0       g_outw_old_proc            0000000140030ec0     <common>
 0004:0000dee0       g_bcase                    0000000140030ee0     <common>
 0004:0000df00       g_bwhole                   0000000140030f00     <common>
 0004:0000df20       g_ball                     0000000140030f20     <common>
 0004:0000df40       g_szrepbuf                 0000000140030f40     <common>
 0004:0000e340       g_hStatus                  0000000140031340     <common>
 0004:0000e360       g_bom_written              0000000140031360     <common>
 0004:0000e380       g_hRich                    0000000140031380     <common>
 0004:0000e3a0       __crtheapsize              00000001400313a0     <common>
 0004:0000e3c0       __sigtab                   00000001400313c0     <common>
 0004:0000e520       __malloc_hiword            0000000140031520     <common>
 0004:0000e540       __malloc_mem               0000000140031540     <common>
 0004:0000e560       __malloc_loword            0000000140031560     <common>
 0004:0000e580       __malloc_lastbin           0000000140031580     <common>
 0004:0000e5a0       __malloc_rovers            00000001400315a0     <common>
 0004:0000e600       __malloc_firstbin          0000000140031600     <common>
 0004:0000e620       __argc                     0000000140031620     <common>
 0004:0000e640       __argv                     0000000140031640     <common>
 0004:0000e660       __envp                     0000000140031660     <common>
 0004:0000e680       __crtheap                  0000000140031680     <common>
 0004:0000e6a0       __iotab                    00000001400316a0     <common>
 0004:0000eaa0       __original_stderr_osfhnd   0000000140031aa0     <common>
 0004:0000eac0       __iolim                    0000000140031ac0     <common>
 0004:0000eae0       __atfuncs                  0000000140031ae0     <common>
 0004:0000ed60       __atcount0                 0000000140031d60     <common>

 entry point at        0001:00010ca0

 Static symbols

 0001:00002740       _StringLengthWorkerW       0000000140003740 f   misc.obj
 0001:000027e4       _StringValidateDestW       00000001400037e4 f   misc.obj
 0001:00002827       _StringValidateDestAndLengthW 0000000140003827 f   misc.obj
 0001:00002894       _StringCopyWorkerW         0000000140003894 f   misc.obj
 0001:00002963       StringCchCatW              0000000140003963 f   misc.obj
 0001:0000304b       _StringLengthWorkerW       000000014000404b f   pathutils.obj
 0001:000030ef       _StringValidateDestW       00000001400040ef f   pathutils.obj
 0001:00003132       _StringValidateDestAndLengthW 0000000140004132 f   pathutils.obj
 0001:0000319f       _StringCopyWorkerW         000000014000419f f   pathutils.obj
 0001:0000326e       StringCchCopyNW            000000014000426e f   pathutils.obj
 0001:0000331c       StringCchCatW              000000014000431c f   pathutils.obj
 0001:00006115       _StringValidateDestW       0000000140007115 f   rich.obj
 0001:00006158       _StringVPrintfWorkerW      0000000140007158 f   rich.obj
 0001:00006263       StringCchPrintfW           0000000140007263 f   rich.obj
 0001:0000fe76       _StringLengthWorkerW       0000000140010e76 f   textedit.obj
 0001:0000ff1a       _StringValidateDestW       0000000140010f1a f   textedit.obj
 0001:0000ff5d       _StringValidateDestAndLengthW 0000000140010f5d f   textedit.obj
 0001:0000ffca       _StringCopyWorkerW         0000000140010fca f   textedit.obj
 0001:00010099       _StringVPrintfWorkerW      0000000140011099 f   textedit.obj
 0001:000101a4       StringCchCopyW             00000001400111a4 f   textedit.obj
 0001:00010226       StringCchCopyNW            0000000140011226 f   textedit.obj
 0001:000102d4       StringCchCatW              00000001400112d4 f   textedit.obj
 0001:00010351       StringCchPrintfW           0000000140011351 f   textedit.obj
 0001:00010790       prout                      0000000140011790 f   crtmt64:vsnwprintf.obj
 0001:00010b10       _threadstart               0000000140011b10 f   crtmt64:thread.obj
 0001:00010b60       _threadstart@filt@1        0000000140011b60 f   crtmt64:thread.obj
 0001:00010db0       WinMainCRTStartup@filt@1   0000000140011db0 f   crtmt64:_wincrt0.obj
 0001:00011600       grabhunk                   0000000140012600 f   crtmt64:malloc.obj
 0001:00011ce0       malloc@term@1              0000000140012ce0 f   crtmt64:malloc.obj
 0001:00012100       free@term@1                0000000140013100 f   crtmt64:free.obj
 0001:000122b0       thread_reuse_add           00000001400132b0 f   crtmt64:_thrdnew.obj
 0001:00012320       thread_reuse_remove        0000000140013320 f   crtmt64:_thrdnew.obj
 0001:000128a0       scale_count                00000001400138a0 f   crtmt64:clock.obj
 0001:00012bf0       parse_cmdline              0000000140013bf0 f   crtmt64:_setargv.obj
 0001:00013030       exit@term@1                0000000140014030 f   crtmt64:exit.obj
 0001:00013e20       ctrlevent_capture          0000000140014e20 f   crtmt64:signal.obj
 0001:00014300       lock                       0000000140015300 f   crtmt64:_mtxlock.obj
 0001:00014400       trylock                    0000000140015400 f   crtmt64:_mtxlock.obj
 0001:00014490       unlock                     0000000140015490 f   crtmt64:_mtxlock.obj
 0001:00016ff0       write_txt_ansi             0000000140017ff0 f   crtmt64:write.obj
 0001:00017150       write_txt_utf16            0000000140018150 f   crtmt64:write.obj
 0001:000172d0       write_txt_utf8             00000001400182d0 f   crtmt64:write.obj
 0001:000174a0       write_bin                  00000001400184a0 f   crtmt64:write.obj
 0001:000177a0       _write@term@1              00000001400187a0 f   crtmt64:write.obj
 0001:000177c0       closeall                   00000001400187c0 f   crtmt64:fclose.obj
 0001:00017840       __init_closeall@term@1     0000000140018840 f   crtmt64:fclose.obj
 0001:00017860       _mt_fclose                 0000000140018860 f   crtmt64:fclose.obj
 0001:000179d0       fclose@term@1              00000001400189d0 f   crtmt64:fclose.obj
 0001:00017e90       lock_ioinfo                0000000140018e90 f   crtmt64:_osfinfo.obj
 0001:00017ee0       unlock_ioinfo              0000000140018ee0 f   crtmt64:_osfinfo.obj
