 textedit.exe

 Timestamp is 5f4ea41a (Tue Sep  1 22:42:18 2020)

 Preferred load address is 0000000140000000

 Start         Length     Name                   Class
 0001:00000000 000193ddH .text                   CODE
 0002:00000000 00000f54H .pdata                  DATA
 0003:00000000 00000e74H .xdata                  DATA
 0003:00000e80 000036b8H .rdata                  DATA
 0004:00000000 00001a08H .data                   DATA
 0004:00001a08 000000b4H .idata$2                DATA
 0004:00001abc 00000014H .idata$3                DATA
 0004:00001ad0 00000678H .idata$4                DATA
 0004:00002148 00000678H .idata$5                DATA
 0004:000027c0 00000d76H .idata$6                DATA
 0004:00003540 0000b808H .bss                    DATA
 0005:00000000 00008c1cH .rsrc                   DATA
 0006:00000000 000004e8H .reloc                  DATA

  Address         Publics by Value              Rva+Base             Lib:Object

 0001:00000000       LoadFontFromInifile        0000000140001000 f   config.obj
 0001:00000065       SaveWindowPosition         0000000140001065 f   config.obj
 0001:00000122       LoadWindowPosition         0000000140001122 f   config.obj
 0001:0000015e       SaveDlgPosition            000000014000115e f   config.obj
 0001:000001b2       LoadDlgPosition            00000001400011b2 f   config.obj
 0001:00000200       ENC_CheckBOM               0000000140001200 f   encoding.obj
 0001:00000314       ENC_IsUTF8                 0000000140001314 f   encoding.obj
 0001:000005c3       ENC_IsUNICODE              00000001400015c3 f   encoding.obj
 0001:0000065e       ENC_CheckEncoding          000000014000165e f   encoding.obj
 0001:00000740       ENC_FileCheckEncoding      0000000140001740 f   encoding.obj
 0001:000008d5       ENC_EncTypeToStr           00000001400018d5 f   encoding.obj
 0001:0000090b       ENC_ChangeEndian           000000014000190b f   encoding.obj
 0001:0000097c       Utf32Get                   000000014000197c f   encoding.obj
 0001:00000a36       Utf8Put                    0000000140001a36 f   encoding.obj
 0001:00000c34       Utf32Bom                   0000000140001c34 f   encoding.obj
 0001:00000d14       ENC_Utf32Utf8_LE           0000000140001d14 f   encoding.obj
 0001:00000e41       ENC_Utf32Utf8_BE           0000000140001e41 f   encoding.obj
 0001:00000f6e       ENC_Uint32_to_BE           0000000140001f6e f   encoding.obj
 0001:00000fb3       ENC_CheckUtf32_LE          0000000140001fb3 f   encoding.obj
 0001:0000108a       ENC_CheckUtf32_BE          000000014000208a f   encoding.obj
 0001:00001170       alloc_and_zero_mem         0000000140002170 f   mem.obj
 0001:000011c4       free_mem                   00000001400021c4 f   mem.obj
 0001:00001210       SetMenuItemText            0000000140002210 f   menus.obj
 0001:000012bf       GetMenuItemText            00000001400022bf f   menus.obj
 0001:000013a0       ShowMessage                00000001400023a0 f   misc.obj
 0001:00001519       BeginDraw                  0000000140002519 f   misc.obj
 0001:00001543       EndDraw                    0000000140002543 f   misc.obj
 0001:00001583       undiv                      0000000140002583 f   misc.obj
 0001:000015b9       untoa                      00000001400025b9 f   misc.obj
 0001:0000167b       intoa                      000000014000267b f   misc.obj
 0001:000016d9       topxy                      00000001400026d9 f   misc.obj
 0001:000016f3       Parse_OUT_Buf              00000001400026f3 f   misc.obj
 0001:0000183f       Parse_OUT_Buf_Proc         000000014000283f f   misc.obj
 0001:00001881       HexDump                    0000000140002881 f   misc.obj
 0001:00001abb       HexDumpProc                0000000140002abb f   misc.obj
 0001:00001aee       PB_NewProgressBar          0000000140002aee f   misc.obj
 0001:00001ba2       ExecAndCapture             0000000140002ba2 f   misc.obj
 0001:000020ae       SimpleExec                 00000001400030ae f   misc.obj
 0001:0000217e       GetDefaultBrowser          000000014000317e f   misc.obj
 0001:000024a0       CopyListToClipboard        00000001400034a0 f   misc.obj
 0001:00002687       CenterDlg                  0000000140003687 f   misc.obj
 0001:0000272f       IsThereAnotherInstance     000000014000372f f   misc.obj
 0001:00003080       FILE_CommandLineToArgv     0000000140004080 f   pathutils.obj
 0001:000032df       FILE_Extract_ext           00000001400042df f   pathutils.obj
 0001:0000334a       FILE_Extract_path          000000014000434a f   pathutils.obj
 0001:000033fd       FILE_Extract_full_fname    00000001400043fd f   pathutils.obj
 0001:0000346d       FILE_Extract_filename      000000014000446d f   pathutils.obj
 0001:00003549       FILE_FileExists            0000000140004549 f   pathutils.obj
 0001:0000359a       FILE_GetFileSize           000000014000459a f   pathutils.obj
 0001:00003631       FILE_MakeFullIniFname      0000000140004631 f   pathutils.obj
 0001:00003a60       Rich_GetCaretPos           0000000140004a60 f   rich.obj
 0001:00003aec       Rich_GetModified           0000000140004aec f   rich.obj
 0001:00003b18       Rich_CanUndo               0000000140004b18 f   rich.obj
 0001:00003b44       Rich_CanRedo               0000000140004b44 f   rich.obj
 0001:00003b70       Rich_CanPaste              0000000140004b70 f   rich.obj
 0001:00003b9c       Rich_SetModified           0000000140004b9c f   rich.obj
 0001:00003bc9       Rich_ConvertCase           0000000140004bc9 f   rich.obj
 0001:00003ca4       Rich_ConvertTabsToSpaces   0000000140004ca4 f   rich.obj
 0001:00003d2a       Rich_SetBGColor            0000000140004d2a f   rich.obj
 0001:00003fef       Rich_SetFGColor            0000000140004fef f   rich.obj
 0001:00004328       Rich_FindNext              0000000140005328 f   rich.obj
 0001:0000441a       Rich_TabReplace            000000014000541a f   rich.obj
 0001:000044db       Rich_GotoLine              00000001400054db f   rich.obj
 0001:00004543       Rich_FindReplaceText       0000000140005543 f   rich.obj
 0001:000047f1       Rich_GetLineCount          00000001400057f1 f   rich.obj
 0001:0000481d       Rich_GetCrtLine            000000014000581d f   rich.obj
 0001:00004866       Rich_GetSelText            0000000140005866 f   rich.obj
 0001:000048fd       Rich_GetSelLen             00000001400058fd f   rich.obj
 0001:00004931       Rich_Print                 0000000140005931 f   rich.obj
 0001:000056f9       Rich_NewRichedit           00000001400066f9 f   rich.obj
 0001:00005afc       Rich_Streamin              0000000140006afc f   rich.obj
 0001:00005c83       Rich_SelStreamin           0000000140006c83 f   rich.obj
 0001:00005df5       Rich_Streamout             0000000140006df5 f   rich.obj
 0001:00005f65       Rich_SelStreamout          0000000140006f65 f   rich.obj
 0001:000060d4       Rich_SetFontNoCF           00000001400070d4 f   rich.obj
 0001:00006102       Rich_SetFont               0000000140007102 f   rich.obj
 0001:00006323       Rich_ToggleSelBar          0000000140007323 f   rich.obj
 0001:0000652a       Rich_WordWrap              000000014000752a f   rich.obj
 0001:00006584       Rich_SaveSelandcurpos      0000000140007584 f   rich.obj
 0001:000065ec       Rich_RestoreSelandcurpos   00000001400075ec f   rich.obj
 0001:00006654       Rich_CreateShowCaret       0000000140007654 f   rich.obj
 0001:00006698       Rich_GetFontHeight         0000000140007698 f   rich.obj
 0001:0000675a       Rich_ClearText             000000014000775a f   rich.obj
 0001:000069b0       SB_MakeStatusBar           00000001400079b0 f   sbar.obj
 0001:00006a94       SB_MenuHelp                0000000140007a94 f   sbar.obj
 0001:00006b4e       SB_StatusResizePanels      0000000140007b4e f   sbar.obj
 0001:00006c45       SB_StatusSetSimple         0000000140007c45 f   sbar.obj
 0001:00006c72       SB_StatusSetText           0000000140007c72 f   sbar.obj
 0001:00006cb0       Tab_NewTab                 0000000140007cb0 f   tabs.obj
 0001:00006e13       Tab_NewTabPage             0000000140007e13 f   tabs.obj
 0001:00006e6c       Tab_DeletePage             0000000140007e6c f   tabs.obj
 0001:00006e9b       Tab_GetCurSel              0000000140007e9b f   tabs.obj
 0001:00006ec7       Tab_SetCurSel              0000000140007ec7 f   tabs.obj
 0001:00006ef6       Tab_GetCurFocus            0000000140007ef6 f   tabs.obj
 0001:00006f22       Tab_SetCurFocus            0000000140007f22 f   tabs.obj
 0001:00006f51       Tab_GetCount               0000000140007f51 f   tabs.obj
 0001:00006f7d       Tab_SetText                0000000140007f7d f   tabs.obj
 0001:00006fd6       Tab_SetPadding             0000000140007fd6 f   tabs.obj
 0001:00007021       Tab_SetImageList           0000000140008021 f   tabs.obj
 0001:0000704f       Tab_SetImg                 000000014000804f f   tabs.obj
 0001:000070a0       WinMain                    00000001400080a0 f   textedit.obj
 0001:00007879       TabSubclassProc            0000000140008879 f   textedit.obj
 0001:0000795f       RichSubclassProc           000000014000895f f   textedit.obj
 0001:00007bd4       OutwSubclassProc           0000000140008bd4 f   textedit.obj
 0001:00007da5       DLG_AboutDlgProc           0000000140008da5 f   textedit.obj
 0001:00007e43       DLG_TabsDlgProc            0000000140008e43 f   textedit.obj
 0001:00007f8d       DLG_FindDlgProc            0000000140008f8d f   textedit.obj
 0001:000082ea       DLG_GotoDlgProc            00000001400092ea f   textedit.obj
 0001:000084e0       DLG_EXTToolDlgProc         00000001400094e0 f   textedit.obj
 0001:00008d10       DLG_OUTviewDlgProc         0000000140009d10 f   textedit.obj
 0001:00008f41       WndProc                    0000000140009f41 f   textedit.obj
 0001:00009187       UpdateMenuStatus           000000014000a187 f   textedit.obj
 0001:00009621       DLG_OpenDlg                000000014000a621 f   textedit.obj
 0001:00009873       DLG_SaveDlg                000000014000a873 f   textedit.obj
 0001:00009c67       STR_StreamInProc           000000014000ac67 f   textedit.obj
 0001:0000a7b8       STR_StreamOutProc          000000014000b7b8 f   textedit.obj
 0001:0000b02a       Prompt_to_save             000000014000c02a f   textedit.obj
 0001:0000b0ec       UpdateTitlebar             000000014000c0ec f   textedit.obj
 0001:0000b151       Menu_WipeClipboard         000000014000c151 f   textedit.obj
 0001:0000b18e       Menu_NewInstance           000000014000c18e f   textedit.obj
 0001:0000b1d8       Menu_MergeFile             000000014000c1d8 f   textedit.obj
 0001:0000b393       Menu_SaveSelection         000000014000c393 f   textedit.obj
 0001:0000b41a       CvtTabsProc                000000014000c41a f   textedit.obj
 0001:0000b4c5       ExpandMacro                000000014000c4c5 f   textedit.obj
 0001:0000b789       DLG_OutputWnd              000000014000c789 f   textedit.obj
 0001:0000b7c1       Menu_HexView               000000014000c7c1 f   textedit.obj
 0001:0000b8c1       DLG_HEXViewDlgProc         000000014000c8c1 f   textedit.obj
 0001:0000bae3       Menu_RefreshFromDisk       000000014000cae3 f   textedit.obj
 0001:0000bd8a       ConvertTabsToSpaces        000000014000cd8a f   textedit.obj
 0001:0000beb7       EnableMenus                000000014000ceb7 f   textedit.obj
 0001:0000c432       Menu_Save                  000000014000d432 f   textedit.obj
 0001:0000c7ad       Menu_Saveas                000000014000d7ad f   textedit.obj
 0001:0000c865       Menu_New                   000000014000d865 f   textedit.obj
 0001:0000cbae       Menu_ToggleMargin          000000014000dbae f   textedit.obj
 0001:0000d103       Menu_Find                  000000014000e103 f   textedit.obj
 0001:0000d2b9       Menu_ConvertTabs           000000014000e2b9 f   textedit.obj
 0001:0000d393       Menu_SetFont               000000014000e393 f   textedit.obj
 0001:0000d5dc       Menu_Print                 000000014000e5dc f   textedit.obj
 0001:0000d770       Menu_SetFGColor            000000014000e770 f   textedit.obj
 0001:0000d982       Menu_SetBGColor            000000014000e982 f   textedit.obj
 0001:0000da56       UpdateEncodingMenus        000000014000ea56 f   textedit.obj
 0001:0000db00       TD_UpdateTabDataEntry      000000014000eb00 f   textedit.obj
 0001:0000de68       TD_RebuildTabData          000000014000ee68 f   textedit.obj
 0001:0000df92       UpdateCaretPos             000000014000ef92 f   textedit.obj
 0001:0000e026       Menu_WWrap                 000000014000f026 f   textedit.obj
 0001:0000e18a       UpdateModifiedStatus       000000014000f18a f   textedit.obj
 0001:0000e2ae       UpdateEncodingStatus       000000014000f2ae f   textedit.obj
 0001:0000e406       Menu_Open                  000000014000f406 f   textedit.obj
 0001:0000e557       Menu_Quit                  000000014000f557 f   textedit.obj
 0001:0000e586       QuitSaveCheck              000000014000f586 f   textedit.obj
 0001:0000e637       RemoveTab                  000000014000f637 f   textedit.obj
 0001:0000e81f       MainWND_OnDropFiles        000000014000f81f f   textedit.obj
 0001:0000eb08       MainWND_OnNotify           000000014000fb08 f   textedit.obj
 0001:0000ed07       MainWND_OnCreate           000000014000fd07 f   textedit.obj
 0001:0000ef17       MainWND_OnSize             000000014000ff17 f   textedit.obj
 0001:0000f053       MainWND_OnInitMenuPopup    0000000140010053 f   textedit.obj
 0001:0000f0c3       MainWND_OnCommand          00000001400100c3 f   textedit.obj
 0001:0000f9b8       OpenFileListFromCMDL       00000001400109b8 f   textedit.obj
 0001:0000fcb1       OpenFileListFromOFD        0000000140010cb1 f   textedit.obj
 0001:0001009a       CycleTabs                  000000014001109a f   textedit.obj
 0001:00010245       InitImgList                0000000140011245 f   textedit.obj
 0001:0001030e       Menu_Ontop                 000000014001130e f   textedit.obj
 0001:00010466       MainWND_OnCopyData         0000000140011466 f   textedit.obj
 0001:00010bb7       RunFileDlg                 0000000140011bb7     shell32x:shell32.dll
 0001:00010bc0       memcmp                     0000000140011bc0 f   crtmt64:memcmp.obj
 0001:00010c90       __C_specific_handler       0000000140011c90 f   crtmt64:_ehandler.obj
 0001:00010e10       memset                     0000000140011e10 f   crtmt64:memset.obj
 0001:00010f00       ldiv                       0000000140011f00 f   crtmt64:ldiv.obj
 0001:00010f20       isprint                    0000000140011f20 f   crtmt64:isprint.obj
 0001:00010f80       _vsnwprintf                0000000140011f80 f   crtmt64:vsnwprintf.obj
 0001:00010fe0       memcpy                     0000000140011fe0 f   crtmt64:memcpy.obj
 0001:00010fe0       memmove                    0000000140011fe0     crtmt64:memcpy.obj
 0001:00011340       _beginthread               0000000140012340 f   crtmt64:thread.obj
 0001:00011400       _endthread                 0000000140012400 f   crtmt64:thread.obj
 0001:00011460       WinMainCRTStartup          0000000140012460 f   crtmt64:_wincrt0.obj
 0001:00011590       __crt_abort                0000000140012590 f   crtmt64:_crtabort.obj
 0001:000116e0       __mtinit                   00000001400126e0 f   crtmt64:_tidtable.obj
 0001:00011750       __mtterm                   0000000140012750 f   crtmt64:_tidtable.obj
 0001:000117c0       __init_mtd                 00000001400127c0 f   crtmt64:_tidtable.obj
 0001:00011850       __get_mtd                  0000000140012850 f   crtmt64:_tidtable.obj
 0001:000118d0       __free_mtd                 00000001400128d0 f   crtmt64:_tidtable.obj
 0001:000119c0       __wprintf                  00000001400129c0 f   crtmt64:_wprintf.obj
 0001:00011d40       __xcptfilter               0000000140012d40 f   crtmt64:_xcptfilter.obj
 0001:000120a0       __sheap_alloc              00000001400130a0 f   crtmt64:malloc.obj
 0001:00012420       malloc                     0000000140013420 f   crtmt64:malloc.obj
 0001:000124c0       __sheap_free               00000001400134c0 f   crtmt64:free.obj
 0001:00012860       free                       0000000140013860 f   crtmt64:free.obj
 0001:000128e0       __maposerr                 00000001400138e0 f   crtmt64:_maperr.obj
 0001:00012a00       __errno                    0000000140013a00 f   crtmt64:_maperr.obj
 0001:00012a20       __thrd_free_reuse          0000000140013a20 f   crtmt64:_thrdnew.obj
 0001:00012b60       __thrd_new                 0000000140013b60 f   crtmt64:_thrdnew.obj
 0001:00012c40       __thrd_free                0000000140013c40 f   crtmt64:_thrdnew.obj
 0001:00012cb0       __thrd_detach              0000000140013cb0 f   crtmt64:_thrdnew.obj
 0001:00012d10       __bheapinit                0000000140013d10 f   crtmt64:_bigheap.obj
 0001:00012d40       __bheapterm                0000000140013d40 f   crtmt64:_bigheap.obj
 0001:00012d70       __bheap_aligned_alloc      0000000140013d70 f   crtmt64:_bigheap.obj
 0001:00012de0       __bheap_aligned_realloc    0000000140013de0 f   crtmt64:_bigheap.obj
 0001:00012ee0       __bheap_alloc              0000000140013ee0 f   crtmt64:_bigheap.obj
 0001:00012ef0       __bheap_realloc            0000000140013ef0 f   crtmt64:_bigheap.obj
 0001:00012f00       __bheap_free               0000000140013f00 f   crtmt64:_bigheap.obj
 0001:00012f20       __bheap_size               0000000140013f20 f   crtmt64:_bigheap.obj
 0001:00012f60       __bheap_validate           0000000140013f60 f   crtmt64:_bigheap.obj
 0001:00012fa0       __features                 0000000140013fa0 f   crtmt64:features.obj
 0001:000130a0       __clockinit                00000001400140a0 f   crtmt64:clock.obj
 0001:00013100       clock                      0000000140014100 f   crtmt64:clock.obj
 0001:00013150       __ioinit                   0000000140014150 f   crtmt64:_ioinit.obj
 0001:000132b0       __ioterm                   00000001400142b0 f   crtmt64:_ioinit.obj
 0001:00013340       __new_iotab                0000000140014340 f   crtmt64:_ioinit.obj
 0001:00013560       __setargv                  0000000140014560 f   crtmt64:_setargv.obj
 0001:00013620       __setenvp                  0000000140014620 f   crtmt64:_setenvp.obj
 0001:00013720       __wincmdln                 0000000140014720 f   crtmt64:_wincmdln.obj
 0001:00013770       exit                       0000000140014770 f   crtmt64:exit.obj
 0001:00013810       __mtinitlocks              0000000140014810 f   crtmt64:_mtlock.obj
 0001:00013860       __mttermlocks              0000000140014860 f   crtmt64:_mtlock.obj
 0001:00013900       __mtlock                   0000000140014900 f   crtmt64:_mtlock.obj
 0001:00013990       __mtunlock                 0000000140014990 f   crtmt64:_mtlock.obj
 0001:000139b0       __mtlock_stream            00000001400149b0 f   crtmt64:_mtlock.obj
 0001:000139e0       __mtunlock_stream          00000001400149e0 f   crtmt64:_mtlock.obj
 0001:00013a10       __mt_fputs                 0000000140014a10 f   crtmt64:fputs.obj
 0001:00013a50       fputs                      0000000140014a50 f   crtmt64:fputs.obj
 0001:00013aa0       _Exit                      0000000140014aa0 f   crtmt64:_exit.obj
 0001:00013ab0       ignore_handler_s           0000000140014ab0 f   crtmt64:constraint_handler_s.obj
 0001:00013ac0       set_constraint_handler_s   0000000140014ac0 f   crtmt64:constraint_handler_s.obj
 0001:00013af0       _crt_constraint            0000000140014af0 f   crtmt64:constraint_handler_s.obj
 0001:00013b20       _strdup                    0000000140014b20 f   crtmt64:strdup.obj
 0001:00013b80       strdup                     0000000140014b80 f   crtmt64:strdup.obj
 0001:00013b90       __get_c_locale             0000000140014b90 f   crtmt64:_clocale.obj
 0001:00013c80       wcscspn                    0000000140014c80 f   crtmt64:wcscspn.obj
 0001:00013cd0       __iswctype                 0000000140014cd0 f   crtmt64:_iswctype.obj
 0001:00013d50       __wputfield                0000000140014d50 f   crtmt64:_wputfield.obj
 0001:00014380       __wputtxt                  0000000140015380 f   crtmt64:_wputtxt.obj
 0001:00014630       signal                     0000000140015630 f   crtmt64:signal.obj
 0001:00014740       __getmem                   0000000140015740 f   crtmt64:_getmem.obj
 0001:00014810       __mtx_init                 0000000140015810 f   crtmt64:_mtxinit.obj
 0001:000148b0       __mtx_destroy              00000001400158b0 f   crtmt64:_mtxinit.obj
 0001:00014960       calloc                     0000000140015960 f   crtmt64:calloc.obj
 0001:000149c0       __tss_user_destructors     00000001400159c0 f   crtmt64:_tss_dtors.obj
 0001:00014cf0       __mtx_lock                 0000000140015cf0 f   crtmt64:_mtxlock.obj
 0001:00014d00       __mtx_timedlock            0000000140015d00 f   crtmt64:_mtxlock.obj
 0001:00014d20       __mtx_trylock              0000000140015d20 f   crtmt64:_mtxlock.obj
 0001:00014d30       __mtx_unlock               0000000140015d30 f   crtmt64:_mtxlock.obj
 0001:00014d40       __set_default_crt_heap_size 0000000140015d40 f   crtmt64:_dflheap.obj
 0001:00014d50       __ioexport                 0000000140015d50 f   crtmt64:_ioxfer.obj
 0001:00014e60       __ioimport                 0000000140015e60 f   crtmt64:_ioxfer.obj
 0001:00014f40       __mt_fputc                 0000000140015f40 f   crtmt64:fputc.obj
 0001:00014fb0       fputc                      0000000140015fb0 f   crtmt64:fputc.obj
 0001:00014fe0       __buf_stream               0000000140015fe0 f   crtmt64:_stbuf.obj
 0001:00015090       __unbuf_stream             0000000140016090 f   crtmt64:_stbuf.obj
 0001:000150f0       __strerror                 00000001400160f0 f   crtmt64:_strerror.obj
 0001:000153f0       __btowc                    00000001400163f0 f   crtmt64:_btowc.obj
 0001:00015440       __wlitob                   0000000140016440 f   crtmt64:_wlitob.obj
 0001:000155c0       __fptestl                  00000001400165c0 f   crtmt64:_fptestl.obj
 0001:000155d0       __wldtob                   00000001400165d0 f   crtmt64:_wldtob.obj
 0001:00015d60       wmemchr                    0000000140016d60 f   crtmt64:wmemchr.obj
 0001:00015d80       __wputstr                  0000000140016d80 f   crtmt64:_wputstr.obj
 0001:00015ef0       __oshnd_wait               0000000140016ef0 f   crtmt64:_thrdwait.obj
 0001:00015f20       __thrd_wait                0000000140016f20 f   crtmt64:_thrdwait.obj
 0001:00015f30       __thrd_timedwait           0000000140016f30 f   crtmt64:_thrdwait.obj
 0001:00015f40       __thrd_sleep               0000000140016f40 f   crtmt64:_thrdwait.obj
 0001:00015f50       __tss_init                 0000000140016f50 f   crtmt64:_tss.obj
 0001:00015f80       __tss_free                 0000000140016f80 f   crtmt64:_tss.obj
 0001:00015fa0       __tss_get                  0000000140016fa0 f   crtmt64:_tss.obj
 0001:00015fb0       __tss_set                  0000000140016fb0 f   crtmt64:_tss.obj
 0001:00015fd0       __thrd_key_create          0000000140016fd0 f   crtmt64:_thrdkey.obj
 0001:00016050       __thrd_key_destroy         0000000140017050 f   crtmt64:_thrdkey.obj
 0001:000160c0       thrd_current               00000001400170c0 f   crtmt64:thrd_current.obj
 0001:00016130       thrd_equal                 0000000140017130 f   crtmt64:thrd_equal.obj
 0001:00016150       __fflush                   0000000140017150 f   crtmt64:_fflush.obj
 0001:00016280       __fwrite                   0000000140017280 f   crtmt64:_fwrite.obj
 0001:00016390       _fileno                    0000000140017390 f   crtmt64:fileno.obj
 0001:000163a0       _isatty                    00000001400173a0 f   crtmt64:isatty.obj
 0001:000163d0       __mbtowc                   00000001400173d0 f   crtmt64:_mbtowc.obj
 0001:00016700       __fptest                   0000000140017700 f   crtmt64:_fptest.obj
 0001:00016780       __fpunscalel               0000000140017780 f   crtmt64:_fpunscalel.obj
 0001:00016790       __fpscalel                 0000000140017790 f   crtmt64:_fpscalel.obj
 0001:000167a0       __wgenld                   00000001400177a0 f   crtmt64:_wgenld.obj
 0001:00016c50       __fpgetwl                  0000000140017c50 f   crtmt64:_fpxprecl.obj
 0001:00016ce0       __fpsetwl                  0000000140017ce0 f   crtmt64:_fpxprecl.obj
 0001:00016e10       __fpaddhl                  0000000140017e10 f   crtmt64:_fpxprecl.obj
 0001:00017200       __fpmulhl                  0000000140018200 f   crtmt64:_fpxprecl.obj
 0001:000173f0       __fpsetnl                  00000001400183f0 f   crtmt64:_fpxprecl.obj
 0001:00017410       __fpmovxl                  0000000140018410 f   crtmt64:_fpxprecl.obj
 0001:00017430       __fpaddxl                  0000000140018430 f   crtmt64:_fpxprecl.obj
 0001:00017490       __fpsubxl                  0000000140018490 f   crtmt64:_fpxprecl.obj
 0001:00017500       __fpldexpxl                0000000140018500 f   crtmt64:_fpxprecl.obj
 0001:00017560       __fpmulxl                  0000000140018560 f   crtmt64:_fpxprecl.obj
 0001:00017660       __fpinvxl                  0000000140018660 f   crtmt64:_fpxprecl.obj
 0001:00017cd0       __mt_write                 0000000140018cd0 f   crtmt64:write.obj
 0001:00017ea0       _write                     0000000140018ea0 f   crtmt64:write.obj
 0001:00017fc0       __init_closeall            0000000140018fc0 f   crtmt64:fclose.obj
 0001:00018160       fclose                     0000000140019160 f   crtmt64:fclose.obj
 0001:000181b0       ___mbtowc                  00000001400191b0 f   crtmt64:__mbtowc.obj
 0001:00018260       __fpunscale                0000000140019260 f   crtmt64:_fpunscale.obj
 0001:00018300       __fpscale                  0000000140019300 f   crtmt64:_fpscale.obj
 0001:00018500       __fpintl                   0000000140019500 f   crtmt64:_fpintl.obj
 0001:00018510       __feraise                  0000000140019510 f   crtmt64:_feraise.obj
 0001:00018550       ldexpl                     0000000140019550 f   crtmt64:ldexpl.obj
 0001:000186b0       __new_osfhnd               00000001400196b0 f   crtmt64:_osfinfo.obj
 0001:000187b0       __free_osfhnd              00000001400197b0 f   crtmt64:_osfinfo.obj
 0001:00018860       __set_osfhnd               0000000140019860 f   crtmt64:_osfinfo.obj
 0001:00018900       __get_osfhnd               0000000140019900 f   crtmt64:_osfinfo.obj
 0001:00018920       __is_unicode_osfhnd        0000000140019920 f   crtmt64:_osfinfo.obj
 0001:00018960       __is_console_osfhnd        0000000140019960 f   crtmt64:_osfinfo.obj
 0001:000189b0       _get_osfhandle             00000001400199b0 f   crtmt64:_osfinfo.obj
 0001:00018a10       _open_osfhandle            0000000140019a10 f   crtmt64:_osfinfo.obj
 0001:00018b40       __lock_osfhnd              0000000140019b40 f   crtmt64:_osfinfo.obj
 0001:00018b70       __unlock_osfhnd            0000000140019b70 f   crtmt64:_osfinfo.obj
 0001:00018ba0       __cp_to_cp                 0000000140019ba0 f   crtmt64:_cp2cp.obj
 0001:00018cb0       __mt_lseek64               0000000140019cb0 f   crtmt64:lseek64.obj
 0001:00018d40       _lseek64                   0000000140019d40 f   crtmt64:lseek64.obj
 0001:00018db0       _Atexit                    0000000140019db0 f   crtmt64:_atexit.obj
 0001:00018de0       __mt_close                 0000000140019de0 f   crtmt64:close.obj
 0001:00018e80       _close                     0000000140019e80 f   crtmt64:close.obj
 0001:00018ee0       remove                     0000000140019ee0 f   crtmt64:remove.obj
 0001:00018ef0       __fpnorm                   0000000140019ef0 f   crtmt64:_fpnorm.obj
 0001:00019060       __fpint                    000000014001a060 f   crtmt64:_fpint.obj
 0001:000191b0       feraiseexcept              000000014001a1b0 f   crtmt64:feraiseexcept.obj
 0001:00019220       _matherr                   000000014001a220 f   crtmt64:_matherr.obj
 0001:00019230       abort                      000000014001a230 f   crtmt64:abort.obj
 0001:00019250       _unlink                    000000014001a250 f   crtmt64:unlink.obj
 0001:00019280       raise                      000000014001a280 f   crtmt64:raise.obj
 0003:00001030       Alphabet                   000000014001d030     misc.obj
 0003:00004060       __c_times                  0000000140020060     crtmt64:_tinfo.obj
 0003:00004350       __inf                      0000000140020350     crtmt64:_values.obj
 0003:00004358       __nan                      0000000140020358     crtmt64:_values.obj
 0003:00004360       __eps                      0000000140020360     crtmt64:_values.obj
 0003:00004368       __rteps                    0000000140020368     crtmt64:_values.obj
 0003:00004370       __xbig                     0000000140020370     crtmt64:_values.obj
 0003:00004378       __zero                     0000000140020378     crtmt64:_values.obj
 0003:00004380       __llongmax                 0000000140020380     crtmt64:_values.obj
 0003:00004390       __negmask                  0000000140020390     crtmt64:_values.obj
 0003:000043a0       __absmask                  00000001400203a0     crtmt64:_values.obj
 0003:000043d0       __infl                     00000001400203d0     crtmt64:_lvalues.obj
 0003:000043d8       __nanl                     00000001400203d8     crtmt64:_lvalues.obj
 0003:000043e0       __epsl                     00000001400203e0     crtmt64:_lvalues.obj
 0003:000043e8       __rtepsl                   00000001400203e8     crtmt64:_lvalues.obj
 0003:000043f0       __xbigl                    00000001400203f0     crtmt64:_lvalues.obj
 0003:000043f8       __zerol                    00000001400203f8     crtmt64:_lvalues.obj
 0003:00004538       __xi_a                     0000000140020538     crtmt64:_initex.obj
 0003:00004538       __xi_z                     0000000140020538     crtmt64:_initex.obj
 0003:00004538       __xt_a                     0000000140020538     crtmt64:_initex.obj
 0003:00004538       __xt_z                     0000000140020538     crtmt64:_initex.obj
 0004:00000000       UTF_16_BE_BOM              0000000140021000     encoding.obj
 0004:00000008       UTF_16_LE_BOM              0000000140021008     encoding.obj
 0004:00000010       UTF_8_BOM                  0000000140021010     encoding.obj
 0004:00000018       UTF_32_BE_BOM              0000000140021018     encoding.obj
 0004:00000020       UTF_32_LE_BOM              0000000140021020     encoding.obj
 0004:00000090       opn_filter                 0000000140021090     misc.obj
 0004:00000098       opn_title                  0000000140021098     misc.obj
 0004:000000a0       sav_title                  00000001400210a0     misc.obj
 0004:000000a8       opn_defext                 00000001400210a8     misc.obj
 0004:000000b0       app_classname              00000001400210b0     misc.obj
 0004:000000b8       app_classname2             00000001400210b8     misc.obj
 0004:000000c0       app_title                  00000001400210c0     misc.obj
 0004:000000d0       g_bmargin                  00000001400210d0     textedit.obj
 0004:000000d4       g_bprompt                  00000001400210d4     textedit.obj
 0004:000000d8       g_bfwd                     00000001400210d8     textedit.obj
 0004:000000dc       g_bmenu_needs_update       00000001400210dc     textedit.obj
 0004:000000e0       g_dwtabsize                00000001400210e0     textedit.obj
 0004:000000e4       g_fencoding                00000001400210e4     textedit.obj
 0004:000000f0       __tlsidx                   00000001400210f0     crtmt64:_tidtable.obj
 0004:00000110       __bheap_threshold          0000000140021110     crtmt64:_crt0dat.obj
 0004:00000120       __feature_mask             0000000140021120     crtmt64:features.obj
 0004:00000140       __atcount                  0000000140021140     crtmt64:exit.obj
 0004:00000150       __stdin                    0000000140021150     crtmt64:_files.obj
 0004:000001d0       __stdout                   00000001400211d0     crtmt64:_files.obj
 0004:00000250       __stderr                   0000000140021250     crtmt64:_files.obj
 0004:000002d0       __filetab                  00000001400212d0     crtmt64:_files.obj
 0004:00001340       __c_locale                 0000000140022340     crtmt64:_clocale.obj
 0004:000016a0       __mbcurmax                 00000001400226a0     crtmt64:_state.obj
 0004:000016a8       __collatetab               00000001400226a8     crtmt64:_state.obj
 0004:00001728       __wcollatetab              0000000140022728     crtmt64:_state.obj
 0004:000017a8       __mbtowctab                00000001400227a8     crtmt64:_state.obj
 0004:00001828       __wctombtab                0000000140022828     crtmt64:_state.obj
 0004:000018b0       __ctypetab                 00000001400228b0     crtmt64:_ctypetab.obj
 0004:000018c0       __tolowertab               00000001400228c0     crtmt64:_tolowertab.obj
 0004:000018d0       __touppertab               00000001400228d0     crtmt64:_touppertab.obj
 0004:000018e0       __wctranstab               00000001400228e0     crtmt64:_wctranstab.obj
 0004:000018f0       __wctypetab                00000001400228f0     crtmt64:_wctypetab.obj
 0004:00001900       __locale                   0000000140022900     crtmt64:localeconv.obj
 0004:00001960       __times                    0000000140022960     crtmt64:_tinfo.obj
 0004:00001a08       __IMPORT_DESCRIPTOR_KERNEL32 0000000140022a08     kernel32:KERNEL32.dll
 0004:00001a1c       __IMPORT_DESCRIPTOR_USER32 0000000140022a1c     user32:USER32.dll
 0004:00001a30       __IMPORT_DESCRIPTOR_GDI32  0000000140022a30     gdi32:GDI32.dll
 0004:00001a44       __IMPORT_DESCRIPTOR_COMCTL32 0000000140022a44     comctl32:COMCTL32.dll
 0004:00001a58       __IMPORT_DESCRIPTOR_COMDLG32 0000000140022a58     comdlg32:COMDLG32.dll
 0004:00001a6c       __IMPORT_DESCRIPTOR_ADVAPI32 0000000140022a6c     advapi32:ADVAPI32.dll
 0004:00001a80       __IMPORT_DESCRIPTOR_SHELL32 0000000140022a80     shell32:SHELL32.dll
 0004:00001a94       __IMPORT_DESCRIPTOR_shell32 0000000140022a94     shell32x:shell32.dll
 0004:00001aa8       __IMPORT_DESCRIPTOR_SHLWAPI 0000000140022aa8     shlwapi:SHLWAPI.dll
 0004:00001abc       __NULL_IMPORT_DESCRIPTOR   0000000140022abc     kernel32:KERNEL32.dll
 0004:00002148       __imp_GetPrivateProfileStructW 0000000140023148     kernel32:KERNEL32.dll
 0004:00002150       __imp_WritePrivateProfileStringW 0000000140023150     kernel32:KERNEL32.dll
 0004:00002158       __imp_WritePrivateProfileStructW 0000000140023158     kernel32:KERNEL32.dll
 0004:00002160       __imp_CreateFileW          0000000140023160     kernel32:KERNEL32.dll
 0004:00002168       __imp_CreateFileMappingW   0000000140023168     kernel32:KERNEL32.dll
 0004:00002170       __imp_GetLastError         0000000140023170     kernel32:KERNEL32.dll
 0004:00002178       __imp_MapViewOfFile        0000000140023178     kernel32:KERNEL32.dll
 0004:00002180       __imp_GetFileSize          0000000140023180     kernel32:KERNEL32.dll
 0004:00002188       __imp_UnmapViewOfFile      0000000140023188     kernel32:KERNEL32.dll
 0004:00002190       __imp_CloseHandle          0000000140023190     kernel32:KERNEL32.dll
 0004:00002198       __imp_LocalAlloc           0000000140023198     kernel32:KERNEL32.dll
 0004:000021a0       __imp_LocalFree            00000001400231a0     kernel32:KERNEL32.dll
 0004:000021a8       __imp_GetModuleFileNameW   00000001400231a8     kernel32:KERNEL32.dll
 0004:000021b0       __imp_lstrlenW             00000001400231b0     kernel32:KERNEL32.dll
 0004:000021b8       __imp_GetModuleHandleW     00000001400231b8     kernel32:KERNEL32.dll
 0004:000021c0       __imp_CreatePipe           00000001400231c0     kernel32:KERNEL32.dll
 0004:000021c8       __imp_GetCurrentProcess    00000001400231c8     kernel32:KERNEL32.dll
 0004:000021d0       __imp_DuplicateHandle      00000001400231d0     kernel32:KERNEL32.dll
 0004:000021d8       __imp_CreateProcessW       00000001400231d8     kernel32:KERNEL32.dll
 0004:000021e0       __imp_ReadFile             00000001400231e0     kernel32:KERNEL32.dll
 0004:000021e8       __imp_MultiByteToWideChar  00000001400231e8     kernel32:KERNEL32.dll
 0004:000021f0       __imp_VerSetConditionMask  00000001400231f0     kernel32:KERNEL32.dll
 0004:000021f8       __imp_VerifyVersionInfoW   00000001400231f8     kernel32:KERNEL32.dll
 0004:00002200       __imp_GlobalAlloc          0000000140023200     kernel32:KERNEL32.dll
 0004:00002208       __imp_GlobalLock           0000000140023208     kernel32:KERNEL32.dll
 0004:00002210       __imp_GlobalUnlock         0000000140023210     kernel32:KERNEL32.dll
 0004:00002218       __imp_GlobalFree           0000000140023218     kernel32:KERNEL32.dll
 0004:00002220       __imp_lstrcpynW            0000000140023220     kernel32:KERNEL32.dll
 0004:00002228       __imp_FindFirstFileW       0000000140023228     kernel32:KERNEL32.dll
 0004:00002230       __imp_FindClose            0000000140023230     kernel32:KERNEL32.dll
 0004:00002238       __imp_MulDiv               0000000140023238     kernel32:KERNEL32.dll
 0004:00002240       __imp_InitializeCriticalSection 0000000140023240     kernel32:KERNEL32.dll
 0004:00002248       __imp_LoadLibraryW         0000000140023248     kernel32:KERNEL32.dll
 0004:00002250       __imp_GetPrivateProfileIntW 0000000140023250     kernel32:KERNEL32.dll
 0004:00002258       __imp_GetCommandLineW      0000000140023258     kernel32:KERNEL32.dll
 0004:00002260       __imp_FreeLibrary          0000000140023260     kernel32:KERNEL32.dll
 0004:00002268       __imp_DeleteCriticalSection 0000000140023268     kernel32:KERNEL32.dll
 0004:00002270       __imp_GetPrivateProfileStringW 0000000140023270     kernel32:KERNEL32.dll
 0004:00002278       __imp_lstrcmpW             0000000140023278     kernel32:KERNEL32.dll
 0004:00002280       __imp_WriteFile            0000000140023280     kernel32:KERNEL32.dll
 0004:00002288       __imp_GetACP               0000000140023288     kernel32:KERNEL32.dll
 0004:00002290       __imp_WideCharToMultiByte  0000000140023290     kernel32:KERNEL32.dll
 0004:00002298       __imp_EnterCriticalSection 0000000140023298     kernel32:KERNEL32.dll
 0004:000022a0       __imp_LeaveCriticalSection 00000001400232a0     kernel32:KERNEL32.dll
 0004:000022a8       __imp_RtlUnwindEx          00000001400232a8     kernel32:KERNEL32.dll
 0004:000022b0       __imp_TlsSetValue          00000001400232b0     kernel32:KERNEL32.dll
 0004:000022b8       __imp_CreateThread         00000001400232b8     kernel32:KERNEL32.dll
 0004:000022c0       __imp_ResumeThread         00000001400232c0     kernel32:KERNEL32.dll
 0004:000022c8       __imp_ExitThread           00000001400232c8     kernel32:KERNEL32.dll
 0004:000022d0       __imp_GetStartupInfoA      00000001400232d0     kernel32:KERNEL32.dll
 0004:000022d8       __imp_GetModuleHandleA     00000001400232d8     kernel32:KERNEL32.dll
 0004:000022e0       __imp_IsDebuggerPresent    00000001400232e0     kernel32:KERNEL32.dll
 0004:000022e8       __imp_OutputDebugStringA   00000001400232e8     kernel32:KERNEL32.dll
 0004:000022f0       __imp_TlsAlloc             00000001400232f0     kernel32:KERNEL32.dll
 0004:000022f8       __imp_GetCurrentThreadId   00000001400232f8     kernel32:KERNEL32.dll
 0004:00002300       __imp_TlsGetValue          0000000140023300     kernel32:KERNEL32.dll
 0004:00002308       __imp_TlsFree              0000000140023308     kernel32:KERNEL32.dll
 0004:00002310       __imp_SetLastError         0000000140023310     kernel32:KERNEL32.dll
 0004:00002318       __imp_UnhandledExceptionFilter 0000000140023318     kernel32:KERNEL32.dll
 0004:00002320       __imp_HeapCreate           0000000140023320     kernel32:KERNEL32.dll
 0004:00002328       __imp_HeapDestroy          0000000140023328     kernel32:KERNEL32.dll
 0004:00002330       __imp_HeapAlloc            0000000140023330     kernel32:KERNEL32.dll
 0004:00002338       __imp_HeapReAlloc          0000000140023338     kernel32:KERNEL32.dll
 0004:00002340       __imp_HeapFree             0000000140023340     kernel32:KERNEL32.dll
 0004:00002348       __imp_HeapSize             0000000140023348     kernel32:KERNEL32.dll
 0004:00002350       __imp_HeapValidate         0000000140023350     kernel32:KERNEL32.dll
 0004:00002358       __imp_QueryPerformanceFrequency 0000000140023358     kernel32:KERNEL32.dll
 0004:00002360       __imp_QueryPerformanceCounter 0000000140023360     kernel32:KERNEL32.dll
 0004:00002368       __imp_GetStartupInfoW      0000000140023368     kernel32:KERNEL32.dll
 0004:00002370       __imp_GetStdHandle         0000000140023370     kernel32:KERNEL32.dll
 0004:00002378       __imp_GetFileType          0000000140023378     kernel32:KERNEL32.dll
 0004:00002380       __imp_GetCommandLineA      0000000140023380     kernel32:KERNEL32.dll
 0004:00002388       __imp_GetModuleFileNameA   0000000140023388     kernel32:KERNEL32.dll
 0004:00002390       __imp_GetEnvironmentStrings 0000000140023390     kernel32:KERNEL32.dll
 0004:00002398       __imp_FreeEnvironmentStringsA 0000000140023398     kernel32:KERNEL32.dll
 0004:000023a0       __imp_ExitProcess          00000001400233a0     kernel32:KERNEL32.dll
 0004:000023a8       __imp_SetConsoleCtrlHandler 00000001400233a8     kernel32:KERNEL32.dll
 0004:000023b0       __imp_VirtualAlloc         00000001400233b0     kernel32:KERNEL32.dll
 0004:000023b8       __imp_VirtualQuery         00000001400233b8     kernel32:KERNEL32.dll
 0004:000023c0       __imp_CreateEventW         00000001400233c0     kernel32:KERNEL32.dll
 0004:000023c8       __imp_SetEvent             00000001400233c8     kernel32:KERNEL32.dll
 0004:000023d0       __imp_WaitForSingleObject  00000001400233d0     kernel32:KERNEL32.dll
 0004:000023d8       __imp_Sleep                00000001400233d8     kernel32:KERNEL32.dll
 0004:000023e0       __imp_GetConsoleOutputCP   00000001400233e0     kernel32:KERNEL32.dll
 0004:000023e8       __imp_WriteConsoleW        00000001400233e8     kernel32:KERNEL32.dll
 0004:000023f0       __imp_IsDBCSLeadByteEx     00000001400233f0     kernel32:KERNEL32.dll
 0004:000023f8       __imp_SetStdHandle         00000001400233f8     kernel32:KERNEL32.dll
 0004:00002400       __imp_GetConsoleMode       0000000140023400     kernel32:KERNEL32.dll
 0004:00002408       __imp_SetFilePointerEx     0000000140023408     kernel32:KERNEL32.dll
 0004:00002410       __imp_DeleteFileA          0000000140023410     kernel32:KERNEL32.dll
 0004:00002418       KERNEL32_NULL_THUNK_DATA  0000000140023418     kernel32:KERNEL32.dll
 0004:00002420       __imp_GetWindowPlacement   0000000140023420     user32:USER32.dll
 0004:00002428       __imp_GetWindowRect        0000000140023428     user32:USER32.dll
 0004:00002430       __imp_GetMenuItemInfoW     0000000140023430     user32:USER32.dll
 0004:00002438       __imp_SetMenuItemInfoW     0000000140023438     user32:USER32.dll
 0004:00002440       __imp_MessageBoxIndirectW  0000000140023440     user32:USER32.dll
 0004:00002448       __imp_SendMessageW         0000000140023448     user32:USER32.dll
 0004:00002450       __imp_InvalidateRect       0000000140023450     user32:USER32.dll
 0004:00002458       __imp_GetClientRect        0000000140023458     user32:USER32.dll
 0004:00002460       __imp_CreateWindowExW      0000000140023460     user32:USER32.dll
 0004:00002468       __imp_OpenClipboard        0000000140023468     user32:USER32.dll
 0004:00002470       __imp_EmptyClipboard       0000000140023470     user32:USER32.dll
 0004:00002478       __imp_SetClipboardData     0000000140023478     user32:USER32.dll
 0004:00002480       __imp_CloseClipboard       0000000140023480     user32:USER32.dll
 0004:00002488       __imp_MoveWindow           0000000140023488     user32:USER32.dll
 0004:00002490       __imp_FindWindowW          0000000140023490     user32:USER32.dll
 0004:00002498       __imp_GetWindowTextLengthW 0000000140023498     user32:USER32.dll
 0004:000024a0       __imp_CharLowerW           00000001400234a0     user32:USER32.dll
 0004:000024a8       __imp_CharUpperW           00000001400234a8     user32:USER32.dll
 0004:000024b0       __imp_GetSysColor          00000001400234b0     user32:USER32.dll
 0004:000024b8       __imp_SetFocus             00000001400234b8     user32:USER32.dll
 0004:000024c0       __imp_CopyRect             00000001400234c0     user32:USER32.dll
 0004:000024c8       __imp_GetClassLongW        00000001400234c8     user32:USER32.dll
 0004:000024d0       __imp_SetClassLongW        00000001400234d0     user32:USER32.dll
 0004:000024d8       __imp_SetWindowLongPtrW    00000001400234d8     user32:USER32.dll
 0004:000024e0       __imp_DestroyWindow        00000001400234e0     user32:USER32.dll
 0004:000024e8       __imp_SetWindowTextW       00000001400234e8     user32:USER32.dll
 0004:000024f0       __imp_CreateCaret          00000001400234f0     user32:USER32.dll
 0004:000024f8       __imp_ShowCaret            00000001400234f8     user32:USER32.dll
 0004:00002500       __imp_GetDC                0000000140023500     user32:USER32.dll
 0004:00002508       __imp_LoadStringW          0000000140023508     user32:USER32.dll
 0004:00002510       __imp_GetWindowLongW       0000000140023510     user32:USER32.dll
 0004:00002518       __imp_SetWindowLongW       0000000140023518     user32:USER32.dll
 0004:00002520       __imp_LoadIconW            0000000140023520     user32:USER32.dll
 0004:00002528       __imp_LoadCursorW          0000000140023528     user32:USER32.dll
 0004:00002530       __imp_RegisterClassExW     0000000140023530     user32:USER32.dll
 0004:00002538       __imp_GetSystemMetrics     0000000140023538     user32:USER32.dll
 0004:00002540       __imp_SetWindowPos         0000000140023540     user32:USER32.dll
 0004:00002548       __imp_ShowWindow           0000000140023548     user32:USER32.dll
 0004:00002550       __imp_UpdateWindow         0000000140023550     user32:USER32.dll
 0004:00002558       __imp_LoadAcceleratorsW    0000000140023558     user32:USER32.dll
 0004:00002560       __imp_GetMenu              0000000140023560     user32:USER32.dll
 0004:00002568       __imp_GetSubMenu           0000000140023568     user32:USER32.dll
 0004:00002570       __imp_RedrawWindow         0000000140023570     user32:USER32.dll
 0004:00002578       __imp_TranslateAcceleratorW 0000000140023578     user32:USER32.dll
 0004:00002580       __imp_TranslateMessage     0000000140023580     user32:USER32.dll
 0004:00002588       __imp_DispatchMessageW     0000000140023588     user32:USER32.dll
 0004:00002590       __imp_GetMessageW          0000000140023590     user32:USER32.dll
 0004:00002598       __imp_CallWindowProcW      0000000140023598     user32:USER32.dll
 0004:000025a0       __imp_DestroyCaret         00000001400235a0     user32:USER32.dll
 0004:000025a8       __imp_GetCursorPos         00000001400235a8     user32:USER32.dll
 0004:000025b0       __imp_TrackPopupMenuEx     00000001400235b0     user32:USER32.dll
 0004:000025b8       __imp_DestroyMenu          00000001400235b8     user32:USER32.dll
 0004:000025c0       __imp_LoadMenuW            00000001400235c0     user32:USER32.dll
 0004:000025c8       __imp_EnableMenuItem       00000001400235c8     user32:USER32.dll
 0004:000025d0       __imp_EndDialog            00000001400235d0     user32:USER32.dll
 0004:000025d8       __imp_GetDlgItem           00000001400235d8     user32:USER32.dll
 0004:000025e0       __imp_SetDlgItemInt        00000001400235e0     user32:USER32.dll
 0004:000025e8       __imp_GetDlgItemInt        00000001400235e8     user32:USER32.dll
 0004:000025f0       __imp_GetDlgItemTextW      00000001400235f0     user32:USER32.dll
 0004:000025f8       __imp_IsDlgButtonChecked   00000001400235f8     user32:USER32.dll
 0004:00002600       __imp_CheckDlgButton       0000000140023600     user32:USER32.dll
 0004:00002608       __imp_SetDlgItemTextW      0000000140023608     user32:USER32.dll
 0004:00002610       __imp_SendDlgItemMessageW  0000000140023610     user32:USER32.dll
 0004:00002618       __imp_PostQuitMessage      0000000140023618     user32:USER32.dll
 0004:00002620       __imp_DefWindowProcW       0000000140023620     user32:USER32.dll
 0004:00002628       __imp_CheckMenuItem        0000000140023628     user32:USER32.dll
 0004:00002630       __imp_DialogBoxParamW      0000000140023630     user32:USER32.dll
 0004:00002638       __imp_EnableWindow         0000000140023638     user32:USER32.dll
 0004:00002640       __imp_ShowCursor           0000000140023640     user32:USER32.dll
 0004:00002648       __imp_CheckMenuRadioItem   0000000140023648     user32:USER32.dll
 0004:00002650       __imp_GetWindowLongPtrW    0000000140023650     user32:USER32.dll
 0004:00002658       __imp_IsIconic             0000000140023658     user32:USER32.dll
 0004:00002660       USER32_NULL_THUNK_DATA    0000000140023660     user32:USER32.dll
 0004:00002668       __imp_CreateFontIndirectW  0000000140023668     gdi32:GDI32.dll
 0004:00002670       __imp_StartDocW            0000000140023670     gdi32:GDI32.dll
 0004:00002678       __imp_DeleteDC             0000000140023678     gdi32:GDI32.dll
 0004:00002680       __imp_GetDeviceCaps        0000000140023680     gdi32:GDI32.dll
 0004:00002688       __imp_CreateFontW          0000000140023688     gdi32:GDI32.dll
 0004:00002690       __imp_SelectObject         0000000140023690     gdi32:GDI32.dll
 0004:00002698       __imp_StartPage            0000000140023698     gdi32:GDI32.dll
 0004:000026a0       __imp_SetTextColor         00000001400236a0     gdi32:GDI32.dll
 0004:000026a8       __imp_TextOutW             00000001400236a8     gdi32:GDI32.dll
 0004:000026b0       __imp_EndPage              00000001400236b0     gdi32:GDI32.dll
 0004:000026b8       __imp_EndDoc               00000001400236b8     gdi32:GDI32.dll
 0004:000026c0       __imp_AbortDoc             00000001400236c0     gdi32:GDI32.dll
 0004:000026c8       __imp_DeleteObject         00000001400236c8     gdi32:GDI32.dll
 0004:000026d0       __imp_GetStockObject       00000001400236d0     gdi32:GDI32.dll
 0004:000026d8       GDI32_NULL_THUNK_DATA     00000001400236d8     gdi32:GDI32.dll
 0004:000026e0       __imp_CreateStatusWindowW  00000001400236e0     comctl32:COMCTL32.dll
 0004:000026e8       __imp_InitCommonControls   00000001400236e8     comctl32:COMCTL32.dll
 0004:000026f0       __imp_ImageList_Destroy    00000001400236f0     comctl32:COMCTL32.dll
 0004:000026f8       __imp_ImageList_Create     00000001400236f8     comctl32:COMCTL32.dll
 0004:00002700       __imp_ImageList_ReplaceIcon 0000000140023700     comctl32:COMCTL32.dll
 0004:00002708       COMCTL32_NULL_THUNK_DATA  0000000140023708     comctl32:COMCTL32.dll
 0004:00002710       __imp_ChooseColorW         0000000140023710     comdlg32:COMDLG32.dll
 0004:00002718       __imp_PrintDlgW            0000000140023718     comdlg32:COMDLG32.dll
 0004:00002720       __imp_ChooseFontW          0000000140023720     comdlg32:COMDLG32.dll
 0004:00002728       __imp_GetOpenFileNameW     0000000140023728     comdlg32:COMDLG32.dll
 0004:00002730       __imp_GetSaveFileNameW     0000000140023730     comdlg32:COMDLG32.dll
 0004:00002738       COMDLG32_NULL_THUNK_DATA  0000000140023738     comdlg32:COMDLG32.dll
 0004:00002740       __imp_IsTextUnicode        0000000140023740     advapi32:ADVAPI32.dll
 0004:00002748       __imp_RegOpenKeyExW        0000000140023748     advapi32:ADVAPI32.dll
 0004:00002750       __imp_RegQueryValueExW     0000000140023750     advapi32:ADVAPI32.dll
 0004:00002758       __imp_RegCloseKey          0000000140023758     advapi32:ADVAPI32.dll
 0004:00002760       ADVAPI32_NULL_THUNK_DATA  0000000140023760     advapi32:ADVAPI32.dll
 0004:00002768       __imp_DragAcceptFiles      0000000140023768     shell32:SHELL32.dll
 0004:00002770       __imp_DragQueryFileW       0000000140023770     shell32:SHELL32.dll
 0004:00002778       __imp_DragFinish           0000000140023778     shell32:SHELL32.dll
 0004:00002780       __imp_SHAddToRecentDocs    0000000140023780     shell32:SHELL32.dll
 0004:00002788       __imp_SHFindFiles          0000000140023788     shell32:SHELL32.dll
 0004:00002790       __imp_SHObjectProperties   0000000140023790     shell32:SHELL32.dll
 0004:00002798       SHELL32_NULL_THUNK_DATA   0000000140023798     shell32:SHELL32.dll
 0004:000027a0       __imp_RunFileDlg           00000001400237a0     shell32x:shell32.dll
 0004:000027a8       shell32_NULL_THUNK_DATA   00000001400237a8     shell32x:shell32.dll
 0004:000027b0       __imp_PathQuoteSpacesW     00000001400237b0     shlwapi:SHLWAPI.dll
 0004:000027b8       SHLWAPI_NULL_THUNK_DATA   00000001400237b8     shlwapi:SHLWAPI.dll
 0004:00005300       g_lock                     0000000140026300     <common>
 0004:00005340       g_outw_buf                 0000000140026340     <common>
 0004:00005360       g_hInst                    0000000140026360     <common>
 0004:00005380       g_hDll                     0000000140026380     <common>
 0004:000053a0       g_bnot_alone               00000001400263a0     <common>
 0004:000053c0       g_hIcon                    00000001400263c0     <common>
 0004:000053e0       g_hSmallIcon               00000001400263e0     <common>
 0004:00005400       g_hIml                     0000000140026400     <common>
 0004:00005420       g_szinifile                0000000140026420     <common>
 0004:00005840       g_hFont                    0000000140026840     <common>
 0004:00005860       g_bwrap                    0000000140026860     <common>
 0004:00005880       g_bontop                   0000000140026880     <common>
 0004:000058a0       g_hAccel                   00000001400268a0     <common>
 0004:000058c0       g_hMain                    00000001400268c0     <common>
 0004:000058e0       g_hMainmenu                00000001400268e0     <common>
 0004:00005900       g_hFilemenu                0000000140026900     <common>
 0004:00005920       g_hEditmenu                0000000140026920     <common>
 0004:00005940       g_hToolsmenu               0000000140026940     <common>
 0004:00005960       g_hViewmenu                0000000140026960     <common>
 0004:00005980       g_sztextbuf                0000000140026980     <common>
 0004:00005d80       g_hTab                     0000000140026d80     <common>
 0004:00005da0       g_szbuf                    0000000140026da0     <common>
 0004:000061c0       tab_data                   00000001400271c0     <common>
 0004:0000de00       g_curtab                   000000014002ee00     <common>
 0004:0000de20       g_converting               000000014002ee20     <common>
 0004:0000de40       g_tab_old_proc             000000014002ee40     <common>
 0004:0000de60       g_rich_old_proc            000000014002ee60     <common>
 0004:0000de80       g_fontheight               000000014002ee80     <common>
 0004:0000dea0       g_outw_old_proc            000000014002eea0     <common>
 0004:0000dec0       g_bcase                    000000014002eec0     <common>
 0004:0000dee0       g_bwhole                   000000014002eee0     <common>
 0004:0000df00       g_ball                     000000014002ef00     <common>
 0004:0000df20       g_szrepbuf                 000000014002ef20     <common>
 0004:0000e320       g_hStatus                  000000014002f320     <common>
 0004:0000e340       g_bom_written              000000014002f340     <common>
 0004:0000e360       g_hRich                    000000014002f360     <common>
 0004:0000e380       __crtheapsize              000000014002f380     <common>
 0004:0000e3a0       __sigtab                   000000014002f3a0     <common>
 0004:0000e500       __malloc_hiword            000000014002f500     <common>
 0004:0000e520       __malloc_mem               000000014002f520     <common>
 0004:0000e540       __malloc_loword            000000014002f540     <common>
 0004:0000e560       __malloc_lastbin           000000014002f560     <common>
 0004:0000e580       __malloc_rovers            000000014002f580     <common>
 0004:0000e5e0       __malloc_firstbin          000000014002f5e0     <common>
 0004:0000e600       __argc                     000000014002f600     <common>
 0004:0000e620       __argv                     000000014002f620     <common>
 0004:0000e640       __envp                     000000014002f640     <common>
 0004:0000e660       __crtheap                  000000014002f660     <common>
 0004:0000e680       __iotab                    000000014002f680     <common>
 0004:0000ea80       __original_stderr_osfhnd   000000014002fa80     <common>
 0004:0000eaa0       __iolim                    000000014002faa0     <common>
 0004:0000eac0       __atfuncs                  000000014002fac0     <common>
 0004:0000ed40       __atcount0                 000000014002fd40     <common>

 entry point at        0001:00011460

 Static symbols

 0001:0000275f       _StringLengthWorkerW       000000014000375f f   misc.obj
 0001:000027ff       _StringExValidateSrcW      00000001400037ff f   misc.obj
 0001:00002898       _StringValidateDestW       0000000140003898 f   misc.obj
 0001:000028db       _StringValidateDestAndLengthW 00000001400038db f   misc.obj
 0001:00002948       _StringExValidateDestW     0000000140003948 f   misc.obj
 0001:000029cd       _StringCopyWorkerW         00000001400039cd f   misc.obj
 0001:00002a9c       _StringVPrintfWorkerW      0000000140003a9c f   misc.obj
 0001:00002ba7       _StringExHandleFillBehindNullW 0000000140003ba7 f   misc.obj
 0001:00002bf2       _StringExHandleOtherFlagsW 0000000140003bf2 f   misc.obj
 0001:00002d51       StringCchCatW              0000000140003d51 f   misc.obj
 0001:00002dce       StringCchPrintfExW         0000000140003dce f   misc.obj
 0001:00003706       _StringLengthWorkerW       0000000140004706 f   pathutils.obj
 0001:000037aa       _StringValidateDestW       00000001400047aa f   pathutils.obj
 0001:000037ed       _StringValidateDestAndLengthW 00000001400047ed f   pathutils.obj
 0001:0000385a       _StringCopyWorkerW         000000014000485a f   pathutils.obj
 0001:00003929       StringCchCopyNW            0000000140004929 f   pathutils.obj
 0001:000039d7       StringCchCatW              00000001400049d7 f   pathutils.obj
 0001:000067bc       _StringValidateDestW       00000001400077bc f   rich.obj
 0001:000067ff       _StringVPrintfWorkerW      00000001400077ff f   rich.obj
 0001:0000690a       StringCchPrintfW           000000014000790a f   rich.obj
 0001:00010641       _StringLengthWorkerW       0000000140011641 f   textedit.obj
 0001:000106e5       _StringValidateDestW       00000001400116e5 f   textedit.obj
 0001:00010728       _StringValidateDestAndLengthW 0000000140011728 f   textedit.obj
 0001:00010795       _StringCopyWorkerW         0000000140011795 f   textedit.obj
 0001:00010864       _StringVPrintfWorkerW      0000000140011864 f   textedit.obj
 0001:0001096f       StringCchCopyW             000000014001196f f   textedit.obj
 0001:000109f1       StringCchCopyNW            00000001400119f1 f   textedit.obj
 0001:00010a9f       StringCchCatW              0000000140011a9f f   textedit.obj
 0001:00010b1c       StringCchPrintfW           0000000140011b1c f   textedit.obj
 0001:00010f50       prout                      0000000140011f50 f   crtmt64:vsnwprintf.obj
 0001:000112d0       _threadstart               00000001400122d0 f   crtmt64:thread.obj
 0001:00011320       _threadstart@filt@1        0000000140012320 f   crtmt64:thread.obj
 0001:00011570       WinMainCRTStartup@filt@1   0000000140012570 f   crtmt64:_wincrt0.obj
 0001:00011dc0       grabhunk                   0000000140012dc0 f   crtmt64:malloc.obj
 0001:000124a0       malloc@term@1              00000001400134a0 f   crtmt64:malloc.obj
 0001:000128c0       free@term@1                00000001400138c0 f   crtmt64:free.obj
 0001:00012a70       thread_reuse_add           0000000140013a70 f   crtmt64:_thrdnew.obj
 0001:00012ae0       thread_reuse_remove        0000000140013ae0 f   crtmt64:_thrdnew.obj
 0001:00013060       scale_count                0000000140014060 f   crtmt64:clock.obj
 0001:000133b0       parse_cmdline              00000001400143b0 f   crtmt64:_setargv.obj
 0001:000137f0       exit@term@1                00000001400147f0 f   crtmt64:exit.obj
 0001:000145e0       ctrlevent_capture          00000001400155e0 f   crtmt64:signal.obj
 0001:00014ac0       lock                       0000000140015ac0 f   crtmt64:_mtxlock.obj
 0001:00014bc0       trylock                    0000000140015bc0 f   crtmt64:_mtxlock.obj
 0001:00014c50       unlock                     0000000140015c50 f   crtmt64:_mtxlock.obj
 0001:000177b0       write_txt_ansi             00000001400187b0 f   crtmt64:write.obj
 0001:00017910       write_txt_utf16            0000000140018910 f   crtmt64:write.obj
 0001:00017a90       write_txt_utf8             0000000140018a90 f   crtmt64:write.obj
 0001:00017c60       write_bin                  0000000140018c60 f   crtmt64:write.obj
 0001:00017f60       _write@term@1              0000000140018f60 f   crtmt64:write.obj
 0001:00017f80       closeall                   0000000140018f80 f   crtmt64:fclose.obj
 0001:00018000       __init_closeall@term@1     0000000140019000 f   crtmt64:fclose.obj
 0001:00018020       _mt_fclose                 0000000140019020 f   crtmt64:fclose.obj
 0001:00018190       fclose@term@1              0000000140019190 f   crtmt64:fclose.obj
 0001:00018650       lock_ioinfo                0000000140019650 f   crtmt64:_osfinfo.obj
 0001:000186a0       unlock_ioinfo              00000001400196a0 f   crtmt64:_osfinfo.obj
