 textedit.exe

 Timestamp is 5f469ef9 (Wed Aug 26 20:42:17 2020)

 Preferred load address is 0000000140000000

 Start         Length     Name                   Class
 0001:00000000 00018c1dH .text                   CODE
 0002:00000000 00000f00H .pdata                  DATA
 0003:00000000 00000e3cH .xdata                  DATA
 0003:00000e40 000036b8H .rdata                  DATA
 0004:00000000 00001a08H .data                   DATA
 0004:00001a08 000000b4H .idata$2                DATA
 0004:00001abc 00000014H .idata$3                DATA
 0004:00001ad0 00000680H .idata$4                DATA
 0004:00002150 00000680H .idata$5                DATA
 0004:000027d0 00000d82H .idata$6                DATA
 0004:00003560 0000b808H .bss                    DATA
 0005:00000000 00008bc8H .rsrc                   DATA
 0006:00000000 000004e8H .reloc                  DATA

  Address         Publics by Value              Rva+Base             Lib:Object

 0001:00000000       LoadFontFromInifile        0000000140001000 f   config.obj
 0001:00000065       SaveWindowPosition         0000000140001065 f   config.obj
 0001:00000122       LoadWindowPosition         0000000140001122 f   config.obj
 0001:0000015e       SaveDlgPosition            000000014000115e f   config.obj
 0001:000001b2       LoadDlgPosition            00000001400011b2 f   config.obj
 0001:00000200       ENC_CheckBOM               0000000140001200 f   encoding.obj
 0001:00000314       ENC_IsUTF8                 0000000140001314 f   encoding.obj
 0001:000005c3       ENC_IsUNICODE              00000001400015c3 f   encoding.obj
 0001:0000065e       ENC_CheckEncoding          000000014000165e f   encoding.obj
 0001:00000740       ENC_FileCheckEncoding      0000000140001740 f   encoding.obj
 0001:000008d5       ENC_EncTypeToStr           00000001400018d5 f   encoding.obj
 0001:0000090b       ENC_ChangeEndian           000000014000190b f   encoding.obj
 0001:0000097c       Utf32Get                   000000014000197c f   encoding.obj
 0001:00000a36       Utf8Put                    0000000140001a36 f   encoding.obj
 0001:00000c34       Utf32Bom                   0000000140001c34 f   encoding.obj
 0001:00000d14       ENC_Utf32Utf8_LE           0000000140001d14 f   encoding.obj
 0001:00000e41       ENC_Utf32Utf8_BE           0000000140001e41 f   encoding.obj
 0001:00000f6e       ENC_Uint32_to_BE           0000000140001f6e f   encoding.obj
 0001:00000fb3       ENC_CheckUtf32_LE          0000000140001fb3 f   encoding.obj
 0001:0000108a       ENC_CheckUtf32_BE          000000014000208a f   encoding.obj
 0001:00001170       alloc_and_zero_mem         0000000140002170 f   mem.obj
 0001:000011c4       free_mem                   00000001400021c4 f   mem.obj
 0001:00001210       SetMenuItemText            0000000140002210 f   menus.obj
 0001:000012bf       GetMenuItemText            00000001400022bf f   menus.obj
 0001:000013a0       ShowMessage                00000001400023a0 f   misc.obj
 0001:00001519       BeginDraw                  0000000140002519 f   misc.obj
 0001:00001543       EndDraw                    0000000140002543 f   misc.obj
 0001:00001583       undiv                      0000000140002583 f   misc.obj
 0001:000015b9       untoa                      00000001400025b9 f   misc.obj
 0001:0000167b       intoa                      000000014000267b f   misc.obj
 0001:000016d9       topxy                      00000001400026d9 f   misc.obj
 0001:000016f3       Parse_OUT_Buf              00000001400026f3 f   misc.obj
 0001:0000183f       Parse_OUT_Buf_Proc         000000014000283f f   misc.obj
 0001:00001881       HexDump                    0000000140002881 f   misc.obj
 0001:00001ab1       HexDumpProc                0000000140002ab1 f   misc.obj
 0001:00001ae4       PB_NewProgressBar          0000000140002ae4 f   misc.obj
 0001:00001b98       ExecAndCapture             0000000140002b98 f   misc.obj
 0001:000020a4       SimpleExec                 00000001400030a4 f   misc.obj
 0001:00002174       GetDefaultBrowser          0000000140003174 f   misc.obj
 0001:00002496       CopyListToClipboard        0000000140003496 f   misc.obj
 0001:0000267d       CenterDlg                  000000014000367d f   misc.obj
 0001:00002725       IsThereAnotherInstance     0000000140003725 f   misc.obj
 0001:00002a00       FILE_CommandLineToArgv     0000000140003a00 f   pathutils.obj
 0001:00002c5f       FILE_Extract_ext           0000000140003c5f f   pathutils.obj
 0001:00002cca       FILE_Extract_path          0000000140003cca f   pathutils.obj
 0001:00002d7d       FILE_Extract_full_fname    0000000140003d7d f   pathutils.obj
 0001:00002ded       FILE_Extract_filename      0000000140003ded f   pathutils.obj
 0001:00002ec9       FILE_FileExists            0000000140003ec9 f   pathutils.obj
 0001:00002f1a       FILE_GetFileSize           0000000140003f1a f   pathutils.obj
 0001:00002fb1       FILE_MakeFullIniFname      0000000140003fb1 f   pathutils.obj
 0001:000033e0       Rich_GetCaretPos           00000001400043e0 f   rich.obj
 0001:0000346c       Rich_GetModified           000000014000446c f   rich.obj
 0001:00003498       Rich_CanUndo               0000000140004498 f   rich.obj
 0001:000034c4       Rich_CanPaste              00000001400044c4 f   rich.obj
 0001:000034f0       Rich_SetModified           00000001400044f0 f   rich.obj
 0001:0000351d       Rich_ConvertCase           000000014000451d f   rich.obj
 0001:000035f8       Rich_ConvertTabsToSpaces   00000001400045f8 f   rich.obj
 0001:0000367e       Rich_SetBGColor            000000014000467e f   rich.obj
 0001:00003943       Rich_SetFGColor            0000000140004943 f   rich.obj
 0001:00003c7c       Rich_FindNext              0000000140004c7c f   rich.obj
 0001:00003d6e       Rich_TabReplace            0000000140004d6e f   rich.obj
 0001:00003e2f       Rich_GotoLine              0000000140004e2f f   rich.obj
 0001:00003e97       Rich_FindReplaceText       0000000140004e97 f   rich.obj
 0001:00004145       Rich_GetLineCount          0000000140005145 f   rich.obj
 0001:00004171       Rich_GetCrtLine            0000000140005171 f   rich.obj
 0001:000041ba       Rich_GetSelText            00000001400051ba f   rich.obj
 0001:00004251       Rich_GetSelLen             0000000140005251 f   rich.obj
 0001:00004285       Rich_Print                 0000000140005285 f   rich.obj
 0001:0000504d       Rich_NewRichedit           000000014000604d f   rich.obj
 0001:00005450       Rich_Streamin              0000000140006450 f   rich.obj
 0001:000055d7       Rich_SelStreamin           00000001400065d7 f   rich.obj
 0001:00005749       Rich_Streamout             0000000140006749 f   rich.obj
 0001:000058b9       Rich_SelStreamout          00000001400068b9 f   rich.obj
 0001:00005a28       Rich_SetFontNoCF           0000000140006a28 f   rich.obj
 0001:00005a56       Rich_SetFont               0000000140006a56 f   rich.obj
 0001:00005c77       Rich_ToggleSelBar          0000000140006c77 f   rich.obj
 0001:00005e7e       Rich_WordWrap              0000000140006e7e f   rich.obj
 0001:00005ed8       Rich_SaveSelandcurpos      0000000140006ed8 f   rich.obj
 0001:00005f40       Rich_RestoreSelandcurpos   0000000140006f40 f   rich.obj
 0001:00005fa8       Rich_CreateShowCaret       0000000140006fa8 f   rich.obj
 0001:00005fec       Rich_GetFontHeight         0000000140006fec f   rich.obj
 0001:000060ae       Rich_ClearText             00000001400070ae f   rich.obj
 0001:00006300       SB_MakeStatusBar           0000000140007300 f   sbar.obj
 0001:000063e4       SB_MenuHelp                00000001400073e4 f   sbar.obj
 0001:0000649e       SB_StatusResizePanels      000000014000749e f   sbar.obj
 0001:00006595       SB_StatusSetSimple         0000000140007595 f   sbar.obj
 0001:000065c2       SB_StatusSetText           00000001400075c2 f   sbar.obj
 0001:00006600       Tab_NewTab                 0000000140007600 f   tabs.obj
 0001:00006763       Tab_NewTabPage             0000000140007763 f   tabs.obj
 0001:000067bc       Tab_DeletePage             00000001400077bc f   tabs.obj
 0001:000067eb       Tab_GetCurSel              00000001400077eb f   tabs.obj
 0001:00006817       Tab_SetCurSel              0000000140007817 f   tabs.obj
 0001:00006846       Tab_GetCurFocus            0000000140007846 f   tabs.obj
 0001:00006872       Tab_SetCurFocus            0000000140007872 f   tabs.obj
 0001:000068a1       Tab_GetCount               00000001400078a1 f   tabs.obj
 0001:000068cd       Tab_SetText                00000001400078cd f   tabs.obj
 0001:00006926       Tab_SetPadding             0000000140007926 f   tabs.obj
 0001:00006971       Tab_SetImageList           0000000140007971 f   tabs.obj
 0001:0000699f       Tab_SetImg                 000000014000799f f   tabs.obj
 0001:000069f0       WinMain                    00000001400079f0 f   textedit.obj
 0001:000071c9       TabSubclassProc            00000001400081c9 f   textedit.obj
 0001:000072af       RichSubclassProc           00000001400082af f   textedit.obj
 0001:000074b7       OutwSubclassProc           00000001400084b7 f   textedit.obj
 0001:00007688       DLG_AboutDlgProc           0000000140008688 f   textedit.obj
 0001:00007726       DLG_TabsDlgProc            0000000140008726 f   textedit.obj
 0001:00007870       DLG_FindDlgProc            0000000140008870 f   textedit.obj
 0001:00007bcd       DLG_GotoDlgProc            0000000140008bcd f   textedit.obj
 0001:00007dc3       DLG_EXTToolDlgProc         0000000140008dc3 f   textedit.obj
 0001:000085f3       DLG_OUTviewDlgProc         00000001400095f3 f   textedit.obj
 0001:00008824       WndProc                    0000000140009824 f   textedit.obj
 0001:00008a6a       UpdateMenuStatus           0000000140009a6a f   textedit.obj
 0001:00008eda       DLG_OpenDlg                0000000140009eda f   textedit.obj
 0001:0000912c       DLG_SaveDlg                000000014000a12c f   textedit.obj
 0001:00009520       STR_StreamInProc           000000014000a520 f   textedit.obj
 0001:0000a071       STR_StreamOutProc          000000014000b071 f   textedit.obj
 0001:0000a8e3       Prompt_to_save             000000014000b8e3 f   textedit.obj
 0001:0000a9a5       UpdateTitlebar             000000014000b9a5 f   textedit.obj
 0001:0000aa0a       Menu_WipeClipboard         000000014000ba0a f   textedit.obj
 0001:0000aa47       Menu_NewInstance           000000014000ba47 f   textedit.obj
 0001:0000aa91       Menu_MergeFile             000000014000ba91 f   textedit.obj
 0001:0000ac4c       Menu_SaveSelection         000000014000bc4c f   textedit.obj
 0001:0000acd3       CvtTabsProc                000000014000bcd3 f   textedit.obj
 0001:0000ad7e       ExpandMacro                000000014000bd7e f   textedit.obj
 0001:0000b042       DLG_OutputWnd              000000014000c042 f   textedit.obj
 0001:0000b07a       Menu_HexView               000000014000c07a f   textedit.obj
 0001:0000b17a       DLG_HEXViewDlgProc         000000014000c17a f   textedit.obj
 0001:0000b39c       Menu_RefreshFromDisk       000000014000c39c f   textedit.obj
 0001:0000b643       ConvertTabsToSpaces        000000014000c643 f   textedit.obj
 0001:0000b770       EnableMenus                000000014000c770 f   textedit.obj
 0001:0000bcd1       Menu_Save                  000000014000ccd1 f   textedit.obj
 0001:0000c04c       Menu_Saveas                000000014000d04c f   textedit.obj
 0001:0000c104       Menu_New                   000000014000d104 f   textedit.obj
 0001:0000c44d       Menu_ToggleMargin          000000014000d44d f   textedit.obj
 0001:0000c9a2       Menu_Find                  000000014000d9a2 f   textedit.obj
 0001:0000cb58       Menu_ConvertTabs           000000014000db58 f   textedit.obj
 0001:0000cc32       Menu_SetFont               000000014000dc32 f   textedit.obj
 0001:0000ce7b       Menu_Print                 000000014000de7b f   textedit.obj
 0001:0000d00f       Menu_SetFGColor            000000014000e00f f   textedit.obj
 0001:0000d221       Menu_SetBGColor            000000014000e221 f   textedit.obj
 0001:0000d2f5       UpdateEncodingMenus        000000014000e2f5 f   textedit.obj
 0001:0000d39f       TD_UpdateTabDataEntry      000000014000e39f f   textedit.obj
 0001:0000d707       TD_RebuildTabData          000000014000e707 f   textedit.obj
 0001:0000d831       UpdateCaretPos             000000014000e831 f   textedit.obj
 0001:0000d8c5       Menu_WWrap                 000000014000e8c5 f   textedit.obj
 0001:0000da29       UpdateModifiedStatus       000000014000ea29 f   textedit.obj
 0001:0000db4d       UpdateEncodingStatus       000000014000eb4d f   textedit.obj
 0001:0000dca5       Menu_Open                  000000014000eca5 f   textedit.obj
 0001:0000ddf6       Menu_Quit                  000000014000edf6 f   textedit.obj
 0001:0000de25       QuitSaveCheck              000000014000ee25 f   textedit.obj
 0001:0000ded6       RemoveTab                  000000014000eed6 f   textedit.obj
 0001:0000e0be       MainWND_OnDropFiles        000000014000f0be f   textedit.obj
 0001:0000e3a7       MainWND_OnNotify           000000014000f3a7 f   textedit.obj
 0001:0000e5a6       MainWND_OnCreate           000000014000f5a6 f   textedit.obj
 0001:0000e7b6       MainWND_OnSize             000000014000f7b6 f   textedit.obj
 0001:0000e8f2       MainWND_OnInitMenuPopup    000000014000f8f2 f   textedit.obj
 0001:0000e962       MainWND_OnCommand          000000014000f962 f   textedit.obj
 0001:0000f221       OpenFileListFromCMDL       0000000140010221 f   textedit.obj
 0001:0000f51a       OpenFileListFromOFD        000000014001051a f   textedit.obj
 0001:0000f903       CycleTabs                  0000000140010903 f   textedit.obj
 0001:0000faae       InitImgList                0000000140010aae f   textedit.obj
 0001:0000fb77       Menu_Ontop                 0000000140010b77 f   textedit.obj
 0001:0000fccf       MainWND_OnCopyData         0000000140010ccf f   textedit.obj
 0001:000103f7       RunFileDlg                 00000001400113f7     shell32x:shell32.dll
 0001:00010400       memcmp                     0000000140011400 f   crtmt64:memcmp.obj
 0001:000104d0       __C_specific_handler       00000001400114d0 f   crtmt64:_ehandler.obj
 0001:00010650       memset                     0000000140011650 f   crtmt64:memset.obj
 0001:00010740       ldiv                       0000000140011740 f   crtmt64:ldiv.obj
 0001:00010760       isprint                    0000000140011760 f   crtmt64:isprint.obj
 0001:000107c0       _vsnwprintf                00000001400117c0 f   crtmt64:vsnwprintf.obj
 0001:00010820       memcpy                     0000000140011820 f   crtmt64:memcpy.obj
 0001:00010820       memmove                    0000000140011820     crtmt64:memcpy.obj
 0001:00010b80       _beginthread               0000000140011b80 f   crtmt64:thread.obj
 0001:00010c40       _endthread                 0000000140011c40 f   crtmt64:thread.obj
 0001:00010ca0       WinMainCRTStartup          0000000140011ca0 f   crtmt64:_wincrt0.obj
 0001:00010dd0       __crt_abort                0000000140011dd0 f   crtmt64:_crtabort.obj
 0001:00010f20       __mtinit                   0000000140011f20 f   crtmt64:_tidtable.obj
 0001:00010f90       __mtterm                   0000000140011f90 f   crtmt64:_tidtable.obj
 0001:00011000       __init_mtd                 0000000140012000 f   crtmt64:_tidtable.obj
 0001:00011090       __get_mtd                  0000000140012090 f   crtmt64:_tidtable.obj
 0001:00011110       __free_mtd                 0000000140012110 f   crtmt64:_tidtable.obj
 0001:00011200       __wprintf                  0000000140012200 f   crtmt64:_wprintf.obj
 0001:00011580       __xcptfilter               0000000140012580 f   crtmt64:_xcptfilter.obj
 0001:000118e0       __sheap_alloc              00000001400128e0 f   crtmt64:malloc.obj
 0001:00011c60       malloc                     0000000140012c60 f   crtmt64:malloc.obj
 0001:00011d00       __sheap_free               0000000140012d00 f   crtmt64:free.obj
 0001:000120a0       free                       00000001400130a0 f   crtmt64:free.obj
 0001:00012120       __maposerr                 0000000140013120 f   crtmt64:_maperr.obj
 0001:00012240       __errno                    0000000140013240 f   crtmt64:_maperr.obj
 0001:00012260       __thrd_free_reuse          0000000140013260 f   crtmt64:_thrdnew.obj
 0001:000123a0       __thrd_new                 00000001400133a0 f   crtmt64:_thrdnew.obj
 0001:00012480       __thrd_free                0000000140013480 f   crtmt64:_thrdnew.obj
 0001:000124f0       __thrd_detach              00000001400134f0 f   crtmt64:_thrdnew.obj
 0001:00012550       __bheapinit                0000000140013550 f   crtmt64:_bigheap.obj
 0001:00012580       __bheapterm                0000000140013580 f   crtmt64:_bigheap.obj
 0001:000125b0       __bheap_aligned_alloc      00000001400135b0 f   crtmt64:_bigheap.obj
 0001:00012620       __bheap_aligned_realloc    0000000140013620 f   crtmt64:_bigheap.obj
 0001:00012720       __bheap_alloc              0000000140013720 f   crtmt64:_bigheap.obj
 0001:00012730       __bheap_realloc            0000000140013730 f   crtmt64:_bigheap.obj
 0001:00012740       __bheap_free               0000000140013740 f   crtmt64:_bigheap.obj
 0001:00012760       __bheap_size               0000000140013760 f   crtmt64:_bigheap.obj
 0001:000127a0       __bheap_validate           00000001400137a0 f   crtmt64:_bigheap.obj
 0001:000127e0       __features                 00000001400137e0 f   crtmt64:features.obj
 0001:000128e0       __clockinit                00000001400138e0 f   crtmt64:clock.obj
 0001:00012940       clock                      0000000140013940 f   crtmt64:clock.obj
 0001:00012990       __ioinit                   0000000140013990 f   crtmt64:_ioinit.obj
 0001:00012af0       __ioterm                   0000000140013af0 f   crtmt64:_ioinit.obj
 0001:00012b80       __new_iotab                0000000140013b80 f   crtmt64:_ioinit.obj
 0001:00012da0       __setargv                  0000000140013da0 f   crtmt64:_setargv.obj
 0001:00012e60       __setenvp                  0000000140013e60 f   crtmt64:_setenvp.obj
 0001:00012f60       __wincmdln                 0000000140013f60 f   crtmt64:_wincmdln.obj
 0001:00012fb0       exit                       0000000140013fb0 f   crtmt64:exit.obj
 0001:00013050       __mtinitlocks              0000000140014050 f   crtmt64:_mtlock.obj
 0001:000130a0       __mttermlocks              00000001400140a0 f   crtmt64:_mtlock.obj
 0001:00013140       __mtlock                   0000000140014140 f   crtmt64:_mtlock.obj
 0001:000131d0       __mtunlock                 00000001400141d0 f   crtmt64:_mtlock.obj
 0001:000131f0       __mtlock_stream            00000001400141f0 f   crtmt64:_mtlock.obj
 0001:00013220       __mtunlock_stream          0000000140014220 f   crtmt64:_mtlock.obj
 0001:00013250       __mt_fputs                 0000000140014250 f   crtmt64:fputs.obj
 0001:00013290       fputs                      0000000140014290 f   crtmt64:fputs.obj
 0001:000132e0       _Exit                      00000001400142e0 f   crtmt64:_exit.obj
 0001:000132f0       ignore_handler_s           00000001400142f0 f   crtmt64:constraint_handler_s.obj
 0001:00013300       set_constraint_handler_s   0000000140014300 f   crtmt64:constraint_handler_s.obj
 0001:00013330       _crt_constraint            0000000140014330 f   crtmt64:constraint_handler_s.obj
 0001:00013360       _strdup                    0000000140014360 f   crtmt64:strdup.obj
 0001:000133c0       strdup                     00000001400143c0 f   crtmt64:strdup.obj
 0001:000133d0       __get_c_locale             00000001400143d0 f   crtmt64:_clocale.obj
 0001:000134c0       wcscspn                    00000001400144c0 f   crtmt64:wcscspn.obj
 0001:00013510       __iswctype                 0000000140014510 f   crtmt64:_iswctype.obj
 0001:00013590       __wputfield                0000000140014590 f   crtmt64:_wputfield.obj
 0001:00013bc0       __wputtxt                  0000000140014bc0 f   crtmt64:_wputtxt.obj
 0001:00013e70       signal                     0000000140014e70 f   crtmt64:signal.obj
 0001:00013f80       __getmem                   0000000140014f80 f   crtmt64:_getmem.obj
 0001:00014050       __mtx_init                 0000000140015050 f   crtmt64:_mtxinit.obj
 0001:000140f0       __mtx_destroy              00000001400150f0 f   crtmt64:_mtxinit.obj
 0001:000141a0       calloc                     00000001400151a0 f   crtmt64:calloc.obj
 0001:00014200       __tss_user_destructors     0000000140015200 f   crtmt64:_tss_dtors.obj
 0001:00014530       __mtx_lock                 0000000140015530 f   crtmt64:_mtxlock.obj
 0001:00014540       __mtx_timedlock            0000000140015540 f   crtmt64:_mtxlock.obj
 0001:00014560       __mtx_trylock              0000000140015560 f   crtmt64:_mtxlock.obj
 0001:00014570       __mtx_unlock               0000000140015570 f   crtmt64:_mtxlock.obj
 0001:00014580       __set_default_crt_heap_size 0000000140015580 f   crtmt64:_dflheap.obj
 0001:00014590       __ioexport                 0000000140015590 f   crtmt64:_ioxfer.obj
 0001:000146a0       __ioimport                 00000001400156a0 f   crtmt64:_ioxfer.obj
 0001:00014780       __mt_fputc                 0000000140015780 f   crtmt64:fputc.obj
 0001:000147f0       fputc                      00000001400157f0 f   crtmt64:fputc.obj
 0001:00014820       __buf_stream               0000000140015820 f   crtmt64:_stbuf.obj
 0001:000148d0       __unbuf_stream             00000001400158d0 f   crtmt64:_stbuf.obj
 0001:00014930       __strerror                 0000000140015930 f   crtmt64:_strerror.obj
 0001:00014c30       __btowc                    0000000140015c30 f   crtmt64:_btowc.obj
 0001:00014c80       __wlitob                   0000000140015c80 f   crtmt64:_wlitob.obj
 0001:00014e00       __fptestl                  0000000140015e00 f   crtmt64:_fptestl.obj
 0001:00014e10       __wldtob                   0000000140015e10 f   crtmt64:_wldtob.obj
 0001:000155a0       wmemchr                    00000001400165a0 f   crtmt64:wmemchr.obj
 0001:000155c0       __wputstr                  00000001400165c0 f   crtmt64:_wputstr.obj
 0001:00015730       __oshnd_wait               0000000140016730 f   crtmt64:_thrdwait.obj
 0001:00015760       __thrd_wait                0000000140016760 f   crtmt64:_thrdwait.obj
 0001:00015770       __thrd_timedwait           0000000140016770 f   crtmt64:_thrdwait.obj
 0001:00015780       __thrd_sleep               0000000140016780 f   crtmt64:_thrdwait.obj
 0001:00015790       __tss_init                 0000000140016790 f   crtmt64:_tss.obj
 0001:000157c0       __tss_free                 00000001400167c0 f   crtmt64:_tss.obj
 0001:000157e0       __tss_get                  00000001400167e0 f   crtmt64:_tss.obj
 0001:000157f0       __tss_set                  00000001400167f0 f   crtmt64:_tss.obj
 0001:00015810       __thrd_key_create          0000000140016810 f   crtmt64:_thrdkey.obj
 0001:00015890       __thrd_key_destroy         0000000140016890 f   crtmt64:_thrdkey.obj
 0001:00015900       thrd_current               0000000140016900 f   crtmt64:thrd_current.obj
 0001:00015970       thrd_equal                 0000000140016970 f   crtmt64:thrd_equal.obj
 0001:00015990       __fflush                   0000000140016990 f   crtmt64:_fflush.obj
 0001:00015ac0       __fwrite                   0000000140016ac0 f   crtmt64:_fwrite.obj
 0001:00015bd0       _fileno                    0000000140016bd0 f   crtmt64:fileno.obj
 0001:00015be0       _isatty                    0000000140016be0 f   crtmt64:isatty.obj
 0001:00015c10       __mbtowc                   0000000140016c10 f   crtmt64:_mbtowc.obj
 0001:00015f40       __fptest                   0000000140016f40 f   crtmt64:_fptest.obj
 0001:00015fc0       __fpunscalel               0000000140016fc0 f   crtmt64:_fpunscalel.obj
 0001:00015fd0       __fpscalel                 0000000140016fd0 f   crtmt64:_fpscalel.obj
 0001:00015fe0       __wgenld                   0000000140016fe0 f   crtmt64:_wgenld.obj
 0001:00016490       __fpgetwl                  0000000140017490 f   crtmt64:_fpxprecl.obj
 0001:00016520       __fpsetwl                  0000000140017520 f   crtmt64:_fpxprecl.obj
 0001:00016650       __fpaddhl                  0000000140017650 f   crtmt64:_fpxprecl.obj
 0001:00016a40       __fpmulhl                  0000000140017a40 f   crtmt64:_fpxprecl.obj
 0001:00016c30       __fpsetnl                  0000000140017c30 f   crtmt64:_fpxprecl.obj
 0001:00016c50       __fpmovxl                  0000000140017c50 f   crtmt64:_fpxprecl.obj
 0001:00016c70       __fpaddxl                  0000000140017c70 f   crtmt64:_fpxprecl.obj
 0001:00016cd0       __fpsubxl                  0000000140017cd0 f   crtmt64:_fpxprecl.obj
 0001:00016d40       __fpldexpxl                0000000140017d40 f   crtmt64:_fpxprecl.obj
 0001:00016da0       __fpmulxl                  0000000140017da0 f   crtmt64:_fpxprecl.obj
 0001:00016ea0       __fpinvxl                  0000000140017ea0 f   crtmt64:_fpxprecl.obj
 0001:00017510       __mt_write                 0000000140018510 f   crtmt64:write.obj
 0001:000176e0       _write                     00000001400186e0 f   crtmt64:write.obj
 0001:00017800       __init_closeall            0000000140018800 f   crtmt64:fclose.obj
 0001:000179a0       fclose                     00000001400189a0 f   crtmt64:fclose.obj
 0001:000179f0       ___mbtowc                  00000001400189f0 f   crtmt64:__mbtowc.obj
 0001:00017aa0       __fpunscale                0000000140018aa0 f   crtmt64:_fpunscale.obj
 0001:00017b40       __fpscale                  0000000140018b40 f   crtmt64:_fpscale.obj
 0001:00017d40       __fpintl                   0000000140018d40 f   crtmt64:_fpintl.obj
 0001:00017d50       __feraise                  0000000140018d50 f   crtmt64:_feraise.obj
 0001:00017d90       ldexpl                     0000000140018d90 f   crtmt64:ldexpl.obj
 0001:00017ef0       __new_osfhnd               0000000140018ef0 f   crtmt64:_osfinfo.obj
 0001:00017ff0       __free_osfhnd              0000000140018ff0 f   crtmt64:_osfinfo.obj
 0001:000180a0       __set_osfhnd               00000001400190a0 f   crtmt64:_osfinfo.obj
 0001:00018140       __get_osfhnd               0000000140019140 f   crtmt64:_osfinfo.obj
 0001:00018160       __is_unicode_osfhnd        0000000140019160 f   crtmt64:_osfinfo.obj
 0001:000181a0       __is_console_osfhnd        00000001400191a0 f   crtmt64:_osfinfo.obj
 0001:000181f0       _get_osfhandle             00000001400191f0 f   crtmt64:_osfinfo.obj
 0001:00018250       _open_osfhandle            0000000140019250 f   crtmt64:_osfinfo.obj
 0001:00018380       __lock_osfhnd              0000000140019380 f   crtmt64:_osfinfo.obj
 0001:000183b0       __unlock_osfhnd            00000001400193b0 f   crtmt64:_osfinfo.obj
 0001:000183e0       __cp_to_cp                 00000001400193e0 f   crtmt64:_cp2cp.obj
 0001:000184f0       __mt_lseek64               00000001400194f0 f   crtmt64:lseek64.obj
 0001:00018580       _lseek64                   0000000140019580 f   crtmt64:lseek64.obj
 0001:000185f0       _Atexit                    00000001400195f0 f   crtmt64:_atexit.obj
 0001:00018620       __mt_close                 0000000140019620 f   crtmt64:close.obj
 0001:000186c0       _close                     00000001400196c0 f   crtmt64:close.obj
 0001:00018720       remove                     0000000140019720 f   crtmt64:remove.obj
 0001:00018730       __fpnorm                   0000000140019730 f   crtmt64:_fpnorm.obj
 0001:000188a0       __fpint                    00000001400198a0 f   crtmt64:_fpint.obj
 0001:000189f0       feraiseexcept              00000001400199f0 f   crtmt64:feraiseexcept.obj
 0001:00018a60       _matherr                   0000000140019a60 f   crtmt64:_matherr.obj
 0001:00018a70       abort                      0000000140019a70 f   crtmt64:abort.obj
 0001:00018a90       _unlink                    0000000140019a90 f   crtmt64:unlink.obj
 0001:00018ac0       raise                      0000000140019ac0 f   crtmt64:raise.obj
 0003:00000ff0       Alphabet                   000000014001bff0     misc.obj
 0003:00004020       __c_times                  000000014001f020     crtmt64:_tinfo.obj
 0003:00004310       __inf                      000000014001f310     crtmt64:_values.obj
 0003:00004318       __nan                      000000014001f318     crtmt64:_values.obj
 0003:00004320       __eps                      000000014001f320     crtmt64:_values.obj
 0003:00004328       __rteps                    000000014001f328     crtmt64:_values.obj
 0003:00004330       __xbig                     000000014001f330     crtmt64:_values.obj
 0003:00004338       __zero                     000000014001f338     crtmt64:_values.obj
 0003:00004340       __llongmax                 000000014001f340     crtmt64:_values.obj
 0003:00004350       __negmask                  000000014001f350     crtmt64:_values.obj
 0003:00004360       __absmask                  000000014001f360     crtmt64:_values.obj
 0003:00004390       __infl                     000000014001f390     crtmt64:_lvalues.obj
 0003:00004398       __nanl                     000000014001f398     crtmt64:_lvalues.obj
 0003:000043a0       __epsl                     000000014001f3a0     crtmt64:_lvalues.obj
 0003:000043a8       __rtepsl                   000000014001f3a8     crtmt64:_lvalues.obj
 0003:000043b0       __xbigl                    000000014001f3b0     crtmt64:_lvalues.obj
 0003:000043b8       __zerol                    000000014001f3b8     crtmt64:_lvalues.obj
 0003:000044f8       __xi_a                     000000014001f4f8     crtmt64:_initex.obj
 0003:000044f8       __xi_z                     000000014001f4f8     crtmt64:_initex.obj
 0003:000044f8       __xt_a                     000000014001f4f8     crtmt64:_initex.obj
 0003:000044f8       __xt_z                     000000014001f4f8     crtmt64:_initex.obj
 0004:00000000       UTF_16_BE_BOM              0000000140020000     encoding.obj
 0004:00000008       UTF_16_LE_BOM              0000000140020008     encoding.obj
 0004:00000010       UTF_8_BOM                  0000000140020010     encoding.obj
 0004:00000018       UTF_32_BE_BOM              0000000140020018     encoding.obj
 0004:00000020       UTF_32_LE_BOM              0000000140020020     encoding.obj
 0004:00000090       opn_filter                 0000000140020090     misc.obj
 0004:00000098       opn_title                  0000000140020098     misc.obj
 0004:000000a0       sav_title                  00000001400200a0     misc.obj
 0004:000000a8       opn_defext                 00000001400200a8     misc.obj
 0004:000000b0       app_classname              00000001400200b0     misc.obj
 0004:000000b8       app_classname2             00000001400200b8     misc.obj
 0004:000000c0       app_title                  00000001400200c0     misc.obj
 0004:000000d0       g_bmargin                  00000001400200d0     textedit.obj
 0004:000000d4       g_bprompt                  00000001400200d4     textedit.obj
 0004:000000d8       g_bfwd                     00000001400200d8     textedit.obj
 0004:000000dc       g_bmenu_needs_update       00000001400200dc     textedit.obj
 0004:000000e0       g_dwtabsize                00000001400200e0     textedit.obj
 0004:000000e4       g_fencoding                00000001400200e4     textedit.obj
 0004:000000f0       __tlsidx                   00000001400200f0     crtmt64:_tidtable.obj
 0004:00000110       __bheap_threshold          0000000140020110     crtmt64:_crt0dat.obj
 0004:00000120       __feature_mask             0000000140020120     crtmt64:features.obj
 0004:00000140       __atcount                  0000000140020140     crtmt64:exit.obj
 0004:00000150       __stdin                    0000000140020150     crtmt64:_files.obj
 0004:000001d0       __stdout                   00000001400201d0     crtmt64:_files.obj
 0004:00000250       __stderr                   0000000140020250     crtmt64:_files.obj
 0004:000002d0       __filetab                  00000001400202d0     crtmt64:_files.obj
 0004:00001340       __c_locale                 0000000140021340     crtmt64:_clocale.obj
 0004:000016a0       __mbcurmax                 00000001400216a0     crtmt64:_state.obj
 0004:000016a8       __collatetab               00000001400216a8     crtmt64:_state.obj
 0004:00001728       __wcollatetab              0000000140021728     crtmt64:_state.obj
 0004:000017a8       __mbtowctab                00000001400217a8     crtmt64:_state.obj
 0004:00001828       __wctombtab                0000000140021828     crtmt64:_state.obj
 0004:000018b0       __ctypetab                 00000001400218b0     crtmt64:_ctypetab.obj
 0004:000018c0       __tolowertab               00000001400218c0     crtmt64:_tolowertab.obj
 0004:000018d0       __touppertab               00000001400218d0     crtmt64:_touppertab.obj
 0004:000018e0       __wctranstab               00000001400218e0     crtmt64:_wctranstab.obj
 0004:000018f0       __wctypetab                00000001400218f0     crtmt64:_wctypetab.obj
 0004:00001900       __locale                   0000000140021900     crtmt64:localeconv.obj
 0004:00001960       __times                    0000000140021960     crtmt64:_tinfo.obj
 0004:00001a08       __IMPORT_DESCRIPTOR_KERNEL32 0000000140021a08     kernel32:KERNEL32.dll
 0004:00001a1c       __IMPORT_DESCRIPTOR_USER32 0000000140021a1c     user32:USER32.dll
 0004:00001a30       __IMPORT_DESCRIPTOR_GDI32  0000000140021a30     gdi32:GDI32.dll
 0004:00001a44       __IMPORT_DESCRIPTOR_COMCTL32 0000000140021a44     comctl32:COMCTL32.dll
 0004:00001a58       __IMPORT_DESCRIPTOR_COMDLG32 0000000140021a58     comdlg32:COMDLG32.dll
 0004:00001a6c       __IMPORT_DESCRIPTOR_ADVAPI32 0000000140021a6c     advapi32:ADVAPI32.dll
 0004:00001a80       __IMPORT_DESCRIPTOR_SHELL32 0000000140021a80     shell32:SHELL32.dll
 0004:00001a94       __IMPORT_DESCRIPTOR_shell32 0000000140021a94     shell32x:shell32.dll
 0004:00001aa8       __IMPORT_DESCRIPTOR_SHLWAPI 0000000140021aa8     shlwapi:SHLWAPI.dll
 0004:00001abc       __NULL_IMPORT_DESCRIPTOR   0000000140021abc     kernel32:KERNEL32.dll
 0004:00002150       __imp_GetPrivateProfileStructW 0000000140022150     kernel32:KERNEL32.dll
 0004:00002158       __imp_WritePrivateProfileStringW 0000000140022158     kernel32:KERNEL32.dll
 0004:00002160       __imp_WritePrivateProfileStructW 0000000140022160     kernel32:KERNEL32.dll
 0004:00002168       __imp_CreateFileW          0000000140022168     kernel32:KERNEL32.dll
 0004:00002170       __imp_CreateFileMappingW   0000000140022170     kernel32:KERNEL32.dll
 0004:00002178       __imp_GetLastError         0000000140022178     kernel32:KERNEL32.dll
 0004:00002180       __imp_MapViewOfFile        0000000140022180     kernel32:KERNEL32.dll
 0004:00002188       __imp_GetFileSize          0000000140022188     kernel32:KERNEL32.dll
 0004:00002190       __imp_UnmapViewOfFile      0000000140022190     kernel32:KERNEL32.dll
 0004:00002198       __imp_CloseHandle          0000000140022198     kernel32:KERNEL32.dll
 0004:000021a0       __imp_LocalAlloc           00000001400221a0     kernel32:KERNEL32.dll
 0004:000021a8       __imp_LocalFree            00000001400221a8     kernel32:KERNEL32.dll
 0004:000021b0       __imp_GetModuleFileNameW   00000001400221b0     kernel32:KERNEL32.dll
 0004:000021b8       __imp_lstrlenW             00000001400221b8     kernel32:KERNEL32.dll
 0004:000021c0       __imp_GetModuleHandleW     00000001400221c0     kernel32:KERNEL32.dll
 0004:000021c8       __imp_CreatePipe           00000001400221c8     kernel32:KERNEL32.dll
 0004:000021d0       __imp_GetCurrentProcess    00000001400221d0     kernel32:KERNEL32.dll
 0004:000021d8       __imp_DuplicateHandle      00000001400221d8     kernel32:KERNEL32.dll
 0004:000021e0       __imp_CreateProcessW       00000001400221e0     kernel32:KERNEL32.dll
 0004:000021e8       __imp_ReadFile             00000001400221e8     kernel32:KERNEL32.dll
 0004:000021f0       __imp_MultiByteToWideChar  00000001400221f0     kernel32:KERNEL32.dll
 0004:000021f8       __imp_VerSetConditionMask  00000001400221f8     kernel32:KERNEL32.dll
 0004:00002200       __imp_VerifyVersionInfoW   0000000140022200     kernel32:KERNEL32.dll
 0004:00002208       __imp_GlobalAlloc          0000000140022208     kernel32:KERNEL32.dll
 0004:00002210       __imp_GlobalLock           0000000140022210     kernel32:KERNEL32.dll
 0004:00002218       __imp_GlobalUnlock         0000000140022218     kernel32:KERNEL32.dll
 0004:00002220       __imp_GlobalFree           0000000140022220     kernel32:KERNEL32.dll
 0004:00002228       __imp_lstrcpynW            0000000140022228     kernel32:KERNEL32.dll
 0004:00002230       __imp_FindFirstFileW       0000000140022230     kernel32:KERNEL32.dll
 0004:00002238       __imp_FindClose            0000000140022238     kernel32:KERNEL32.dll
 0004:00002240       __imp_MulDiv               0000000140022240     kernel32:KERNEL32.dll
 0004:00002248       __imp_InitializeCriticalSection 0000000140022248     kernel32:KERNEL32.dll
 0004:00002250       __imp_LoadLibraryW         0000000140022250     kernel32:KERNEL32.dll
 0004:00002258       __imp_GetPrivateProfileIntW 0000000140022258     kernel32:KERNEL32.dll
 0004:00002260       __imp_GetCommandLineW      0000000140022260     kernel32:KERNEL32.dll
 0004:00002268       __imp_FreeLibrary          0000000140022268     kernel32:KERNEL32.dll
 0004:00002270       __imp_DeleteCriticalSection 0000000140022270     kernel32:KERNEL32.dll
 0004:00002278       __imp_GetPrivateProfileStringW 0000000140022278     kernel32:KERNEL32.dll
 0004:00002280       __imp_lstrcmpW             0000000140022280     kernel32:KERNEL32.dll
 0004:00002288       __imp_WriteFile            0000000140022288     kernel32:KERNEL32.dll
 0004:00002290       __imp_GetACP               0000000140022290     kernel32:KERNEL32.dll
 0004:00002298       __imp_WideCharToMultiByte  0000000140022298     kernel32:KERNEL32.dll
 0004:000022a0       __imp_EnterCriticalSection 00000001400222a0     kernel32:KERNEL32.dll
 0004:000022a8       __imp_LeaveCriticalSection 00000001400222a8     kernel32:KERNEL32.dll
 0004:000022b0       __imp_RtlUnwindEx          00000001400222b0     kernel32:KERNEL32.dll
 0004:000022b8       __imp_TlsSetValue          00000001400222b8     kernel32:KERNEL32.dll
 0004:000022c0       __imp_CreateThread         00000001400222c0     kernel32:KERNEL32.dll
 0004:000022c8       __imp_ResumeThread         00000001400222c8     kernel32:KERNEL32.dll
 0004:000022d0       __imp_ExitThread           00000001400222d0     kernel32:KERNEL32.dll
 0004:000022d8       __imp_GetStartupInfoA      00000001400222d8     kernel32:KERNEL32.dll
 0004:000022e0       __imp_GetModuleHandleA     00000001400222e0     kernel32:KERNEL32.dll
 0004:000022e8       __imp_IsDebuggerPresent    00000001400222e8     kernel32:KERNEL32.dll
 0004:000022f0       __imp_OutputDebugStringA   00000001400222f0     kernel32:KERNEL32.dll
 0004:000022f8       __imp_TlsAlloc             00000001400222f8     kernel32:KERNEL32.dll
 0004:00002300       __imp_GetCurrentThreadId   0000000140022300     kernel32:KERNEL32.dll
 0004:00002308       __imp_TlsGetValue          0000000140022308     kernel32:KERNEL32.dll
 0004:00002310       __imp_TlsFree              0000000140022310     kernel32:KERNEL32.dll
 0004:00002318       __imp_SetLastError         0000000140022318     kernel32:KERNEL32.dll
 0004:00002320       __imp_UnhandledExceptionFilter 0000000140022320     kernel32:KERNEL32.dll
 0004:00002328       __imp_HeapCreate           0000000140022328     kernel32:KERNEL32.dll
 0004:00002330       __imp_HeapDestroy          0000000140022330     kernel32:KERNEL32.dll
 0004:00002338       __imp_HeapAlloc            0000000140022338     kernel32:KERNEL32.dll
 0004:00002340       __imp_HeapReAlloc          0000000140022340     kernel32:KERNEL32.dll
 0004:00002348       __imp_HeapFree             0000000140022348     kernel32:KERNEL32.dll
 0004:00002350       __imp_HeapSize             0000000140022350     kernel32:KERNEL32.dll
 0004:00002358       __imp_HeapValidate         0000000140022358     kernel32:KERNEL32.dll
 0004:00002360       __imp_QueryPerformanceFrequency 0000000140022360     kernel32:KERNEL32.dll
 0004:00002368       __imp_QueryPerformanceCounter 0000000140022368     kernel32:KERNEL32.dll
 0004:00002370       __imp_GetStartupInfoW      0000000140022370     kernel32:KERNEL32.dll
 0004:00002378       __imp_GetStdHandle         0000000140022378     kernel32:KERNEL32.dll
 0004:00002380       __imp_GetFileType          0000000140022380     kernel32:KERNEL32.dll
 0004:00002388       __imp_GetCommandLineA      0000000140022388     kernel32:KERNEL32.dll
 0004:00002390       __imp_GetModuleFileNameA   0000000140022390     kernel32:KERNEL32.dll
 0004:00002398       __imp_GetEnvironmentStrings 0000000140022398     kernel32:KERNEL32.dll
 0004:000023a0       __imp_FreeEnvironmentStringsA 00000001400223a0     kernel32:KERNEL32.dll
 0004:000023a8       __imp_ExitProcess          00000001400223a8     kernel32:KERNEL32.dll
 0004:000023b0       __imp_SetConsoleCtrlHandler 00000001400223b0     kernel32:KERNEL32.dll
 0004:000023b8       __imp_VirtualAlloc         00000001400223b8     kernel32:KERNEL32.dll
 0004:000023c0       __imp_VirtualQuery         00000001400223c0     kernel32:KERNEL32.dll
 0004:000023c8       __imp_CreateEventW         00000001400223c8     kernel32:KERNEL32.dll
 0004:000023d0       __imp_SetEvent             00000001400223d0     kernel32:KERNEL32.dll
 0004:000023d8       __imp_WaitForSingleObject  00000001400223d8     kernel32:KERNEL32.dll
 0004:000023e0       __imp_Sleep                00000001400223e0     kernel32:KERNEL32.dll
 0004:000023e8       __imp_GetConsoleOutputCP   00000001400223e8     kernel32:KERNEL32.dll
 0004:000023f0       __imp_WriteConsoleW        00000001400223f0     kernel32:KERNEL32.dll
 0004:000023f8       __imp_IsDBCSLeadByteEx     00000001400223f8     kernel32:KERNEL32.dll
 0004:00002400       __imp_SetStdHandle         0000000140022400     kernel32:KERNEL32.dll
 0004:00002408       __imp_GetConsoleMode       0000000140022408     kernel32:KERNEL32.dll
 0004:00002410       __imp_SetFilePointerEx     0000000140022410     kernel32:KERNEL32.dll
 0004:00002418       __imp_DeleteFileA          0000000140022418     kernel32:KERNEL32.dll
 0004:00002420       KERNEL32_NULL_THUNK_DATA  0000000140022420     kernel32:KERNEL32.dll
 0004:00002428       __imp_GetWindowPlacement   0000000140022428     user32:USER32.dll
 0004:00002430       __imp_GetWindowRect        0000000140022430     user32:USER32.dll
 0004:00002438       __imp_GetMenuItemInfoW     0000000140022438     user32:USER32.dll
 0004:00002440       __imp_SetMenuItemInfoW     0000000140022440     user32:USER32.dll
 0004:00002448       __imp_MessageBoxIndirectW  0000000140022448     user32:USER32.dll
 0004:00002450       __imp_SendMessageW         0000000140022450     user32:USER32.dll
 0004:00002458       __imp_InvalidateRect       0000000140022458     user32:USER32.dll
 0004:00002460       __imp_wsprintfW            0000000140022460     user32:USER32.dll
 0004:00002468       __imp_GetClientRect        0000000140022468     user32:USER32.dll
 0004:00002470       __imp_CreateWindowExW      0000000140022470     user32:USER32.dll
 0004:00002478       __imp_OpenClipboard        0000000140022478     user32:USER32.dll
 0004:00002480       __imp_EmptyClipboard       0000000140022480     user32:USER32.dll
 0004:00002488       __imp_SetClipboardData     0000000140022488     user32:USER32.dll
 0004:00002490       __imp_CloseClipboard       0000000140022490     user32:USER32.dll
 0004:00002498       __imp_MoveWindow           0000000140022498     user32:USER32.dll
 0004:000024a0       __imp_FindWindowW          00000001400224a0     user32:USER32.dll
 0004:000024a8       __imp_GetWindowTextLengthW 00000001400224a8     user32:USER32.dll
 0004:000024b0       __imp_CharLowerW           00000001400224b0     user32:USER32.dll
 0004:000024b8       __imp_CharUpperW           00000001400224b8     user32:USER32.dll
 0004:000024c0       __imp_GetSysColor          00000001400224c0     user32:USER32.dll
 0004:000024c8       __imp_SetFocus             00000001400224c8     user32:USER32.dll
 0004:000024d0       __imp_CopyRect             00000001400224d0     user32:USER32.dll
 0004:000024d8       __imp_GetClassLongW        00000001400224d8     user32:USER32.dll
 0004:000024e0       __imp_SetClassLongW        00000001400224e0     user32:USER32.dll
 0004:000024e8       __imp_SetWindowLongPtrW    00000001400224e8     user32:USER32.dll
 0004:000024f0       __imp_DestroyWindow        00000001400224f0     user32:USER32.dll
 0004:000024f8       __imp_SetWindowTextW       00000001400224f8     user32:USER32.dll
 0004:00002500       __imp_CreateCaret          0000000140022500     user32:USER32.dll
 0004:00002508       __imp_ShowCaret            0000000140022508     user32:USER32.dll
 0004:00002510       __imp_GetDC                0000000140022510     user32:USER32.dll
 0004:00002518       __imp_LoadStringW          0000000140022518     user32:USER32.dll
 0004:00002520       __imp_GetWindowLongW       0000000140022520     user32:USER32.dll
 0004:00002528       __imp_SetWindowLongW       0000000140022528     user32:USER32.dll
 0004:00002530       __imp_LoadIconW            0000000140022530     user32:USER32.dll
 0004:00002538       __imp_LoadCursorW          0000000140022538     user32:USER32.dll
 0004:00002540       __imp_RegisterClassExW     0000000140022540     user32:USER32.dll
 0004:00002548       __imp_GetSystemMetrics     0000000140022548     user32:USER32.dll
 0004:00002550       __imp_SetWindowPos         0000000140022550     user32:USER32.dll
 0004:00002558       __imp_ShowWindow           0000000140022558     user32:USER32.dll
 0004:00002560       __imp_UpdateWindow         0000000140022560     user32:USER32.dll
 0004:00002568       __imp_LoadAcceleratorsW    0000000140022568     user32:USER32.dll
 0004:00002570       __imp_GetMenu              0000000140022570     user32:USER32.dll
 0004:00002578       __imp_GetSubMenu           0000000140022578     user32:USER32.dll
 0004:00002580       __imp_RedrawWindow         0000000140022580     user32:USER32.dll
 0004:00002588       __imp_TranslateAcceleratorW 0000000140022588     user32:USER32.dll
 0004:00002590       __imp_TranslateMessage     0000000140022590     user32:USER32.dll
 0004:00002598       __imp_DispatchMessageW     0000000140022598     user32:USER32.dll
 0004:000025a0       __imp_GetMessageW          00000001400225a0     user32:USER32.dll
 0004:000025a8       __imp_CallWindowProcW      00000001400225a8     user32:USER32.dll
 0004:000025b0       __imp_DestroyCaret         00000001400225b0     user32:USER32.dll
 0004:000025b8       __imp_GetCursorPos         00000001400225b8     user32:USER32.dll
 0004:000025c0       __imp_TrackPopupMenuEx     00000001400225c0     user32:USER32.dll
 0004:000025c8       __imp_DestroyMenu          00000001400225c8     user32:USER32.dll
 0004:000025d0       __imp_LoadMenuW            00000001400225d0     user32:USER32.dll
 0004:000025d8       __imp_EnableMenuItem       00000001400225d8     user32:USER32.dll
 0004:000025e0       __imp_EndDialog            00000001400225e0     user32:USER32.dll
 0004:000025e8       __imp_GetDlgItem           00000001400225e8     user32:USER32.dll
 0004:000025f0       __imp_SetDlgItemInt        00000001400225f0     user32:USER32.dll
 0004:000025f8       __imp_GetDlgItemInt        00000001400225f8     user32:USER32.dll
 0004:00002600       __imp_GetDlgItemTextW      0000000140022600     user32:USER32.dll
 0004:00002608       __imp_IsDlgButtonChecked   0000000140022608     user32:USER32.dll
 0004:00002610       __imp_CheckDlgButton       0000000140022610     user32:USER32.dll
 0004:00002618       __imp_SetDlgItemTextW      0000000140022618     user32:USER32.dll
 0004:00002620       __imp_SendDlgItemMessageW  0000000140022620     user32:USER32.dll
 0004:00002628       __imp_PostQuitMessage      0000000140022628     user32:USER32.dll
 0004:00002630       __imp_DefWindowProcW       0000000140022630     user32:USER32.dll
 0004:00002638       __imp_CheckMenuItem        0000000140022638     user32:USER32.dll
 0004:00002640       __imp_DialogBoxParamW      0000000140022640     user32:USER32.dll
 0004:00002648       __imp_EnableWindow         0000000140022648     user32:USER32.dll
 0004:00002650       __imp_ShowCursor           0000000140022650     user32:USER32.dll
 0004:00002658       __imp_CheckMenuRadioItem   0000000140022658     user32:USER32.dll
 0004:00002660       __imp_GetWindowLongPtrW    0000000140022660     user32:USER32.dll
 0004:00002668       __imp_IsIconic             0000000140022668     user32:USER32.dll
 0004:00002670       USER32_NULL_THUNK_DATA    0000000140022670     user32:USER32.dll
 0004:00002678       __imp_CreateFontIndirectW  0000000140022678     gdi32:GDI32.dll
 0004:00002680       __imp_StartDocW            0000000140022680     gdi32:GDI32.dll
 0004:00002688       __imp_DeleteDC             0000000140022688     gdi32:GDI32.dll
 0004:00002690       __imp_GetDeviceCaps        0000000140022690     gdi32:GDI32.dll
 0004:00002698       __imp_CreateFontW          0000000140022698     gdi32:GDI32.dll
 0004:000026a0       __imp_SelectObject         00000001400226a0     gdi32:GDI32.dll
 0004:000026a8       __imp_StartPage            00000001400226a8     gdi32:GDI32.dll
 0004:000026b0       __imp_SetTextColor         00000001400226b0     gdi32:GDI32.dll
 0004:000026b8       __imp_TextOutW             00000001400226b8     gdi32:GDI32.dll
 0004:000026c0       __imp_EndPage              00000001400226c0     gdi32:GDI32.dll
 0004:000026c8       __imp_EndDoc               00000001400226c8     gdi32:GDI32.dll
 0004:000026d0       __imp_AbortDoc             00000001400226d0     gdi32:GDI32.dll
 0004:000026d8       __imp_DeleteObject         00000001400226d8     gdi32:GDI32.dll
 0004:000026e0       __imp_GetStockObject       00000001400226e0     gdi32:GDI32.dll
 0004:000026e8       GDI32_NULL_THUNK_DATA     00000001400226e8     gdi32:GDI32.dll
 0004:000026f0       __imp_CreateStatusWindowW  00000001400226f0     comctl32:COMCTL32.dll
 0004:000026f8       __imp_InitCommonControls   00000001400226f8     comctl32:COMCTL32.dll
 0004:00002700       __imp_ImageList_Destroy    0000000140022700     comctl32:COMCTL32.dll
 0004:00002708       __imp_ImageList_Create     0000000140022708     comctl32:COMCTL32.dll
 0004:00002710       __imp_ImageList_ReplaceIcon 0000000140022710     comctl32:COMCTL32.dll
 0004:00002718       COMCTL32_NULL_THUNK_DATA  0000000140022718     comctl32:COMCTL32.dll
 0004:00002720       __imp_ChooseColorW         0000000140022720     comdlg32:COMDLG32.dll
 0004:00002728       __imp_PrintDlgW            0000000140022728     comdlg32:COMDLG32.dll
 0004:00002730       __imp_ChooseFontW          0000000140022730     comdlg32:COMDLG32.dll
 0004:00002738       __imp_GetOpenFileNameW     0000000140022738     comdlg32:COMDLG32.dll
 0004:00002740       __imp_GetSaveFileNameW     0000000140022740     comdlg32:COMDLG32.dll
 0004:00002748       COMDLG32_NULL_THUNK_DATA  0000000140022748     comdlg32:COMDLG32.dll
 0004:00002750       __imp_IsTextUnicode        0000000140022750     advapi32:ADVAPI32.dll
 0004:00002758       __imp_RegOpenKeyExW        0000000140022758     advapi32:ADVAPI32.dll
 0004:00002760       __imp_RegQueryValueExW     0000000140022760     advapi32:ADVAPI32.dll
 0004:00002768       __imp_RegCloseKey          0000000140022768     advapi32:ADVAPI32.dll
 0004:00002770       ADVAPI32_NULL_THUNK_DATA  0000000140022770     advapi32:ADVAPI32.dll
 0004:00002778       __imp_DragAcceptFiles      0000000140022778     shell32:SHELL32.dll
 0004:00002780       __imp_DragQueryFileW       0000000140022780     shell32:SHELL32.dll
 0004:00002788       __imp_DragFinish           0000000140022788     shell32:SHELL32.dll
 0004:00002790       __imp_SHAddToRecentDocs    0000000140022790     shell32:SHELL32.dll
 0004:00002798       __imp_SHFindFiles          0000000140022798     shell32:SHELL32.dll
 0004:000027a0       __imp_SHObjectProperties   00000001400227a0     shell32:SHELL32.dll
 0004:000027a8       SHELL32_NULL_THUNK_DATA   00000001400227a8     shell32:SHELL32.dll
 0004:000027b0       __imp_RunFileDlg           00000001400227b0     shell32x:shell32.dll
 0004:000027b8       shell32_NULL_THUNK_DATA   00000001400227b8     shell32x:shell32.dll
 0004:000027c0       __imp_PathQuoteSpacesW     00000001400227c0     shlwapi:SHLWAPI.dll
 0004:000027c8       SHLWAPI_NULL_THUNK_DATA   00000001400227c8     shlwapi:SHLWAPI.dll
 0004:00005320       g_lock                     0000000140025320     <common>
 0004:00005360       g_outw_buf                 0000000140025360     <common>
 0004:00005380       g_hInst                    0000000140025380     <common>
 0004:000053a0       g_hDll                     00000001400253a0     <common>
 0004:000053c0       g_bnot_alone               00000001400253c0     <common>
 0004:000053e0       g_hIcon                    00000001400253e0     <common>
 0004:00005400       g_hSmallIcon               0000000140025400     <common>
 0004:00005420       g_hIml                     0000000140025420     <common>
 0004:00005440       g_szinifile                0000000140025440     <common>
 0004:00005860       g_hFont                    0000000140025860     <common>
 0004:00005880       g_bwrap                    0000000140025880     <common>
 0004:000058a0       g_bontop                   00000001400258a0     <common>
 0004:000058c0       g_hAccel                   00000001400258c0     <common>
 0004:000058e0       g_hMain                    00000001400258e0     <common>
 0004:00005900       g_hMainmenu                0000000140025900     <common>
 0004:00005920       g_hFilemenu                0000000140025920     <common>
 0004:00005940       g_hEditmenu                0000000140025940     <common>
 0004:00005960       g_hToolsmenu               0000000140025960     <common>
 0004:00005980       g_hViewmenu                0000000140025980     <common>
 0004:000059a0       g_sztextbuf                00000001400259a0     <common>
 0004:00005da0       g_hTab                     0000000140025da0     <common>
 0004:00005dc0       g_szbuf                    0000000140025dc0     <common>
 0004:000061e0       tab_data                   00000001400261e0     <common>
 0004:0000de20       g_curtab                   000000014002de20     <common>
 0004:0000de40       g_converting               000000014002de40     <common>
 0004:0000de60       g_tab_old_proc             000000014002de60     <common>
 0004:0000de80       g_rich_old_proc            000000014002de80     <common>
 0004:0000dea0       g_fontheight               000000014002dea0     <common>
 0004:0000dec0       g_outw_old_proc            000000014002dec0     <common>
 0004:0000dee0       g_bcase                    000000014002dee0     <common>
 0004:0000df00       g_bwhole                   000000014002df00     <common>
 0004:0000df20       g_ball                     000000014002df20     <common>
 0004:0000df40       g_szrepbuf                 000000014002df40     <common>
 0004:0000e340       g_hStatus                  000000014002e340     <common>
 0004:0000e360       g_bom_written              000000014002e360     <common>
 0004:0000e380       g_hRich                    000000014002e380     <common>
 0004:0000e3a0       __crtheapsize              000000014002e3a0     <common>
 0004:0000e3c0       __sigtab                   000000014002e3c0     <common>
 0004:0000e520       __malloc_hiword            000000014002e520     <common>
 0004:0000e540       __malloc_mem               000000014002e540     <common>
 0004:0000e560       __malloc_loword            000000014002e560     <common>
 0004:0000e580       __malloc_lastbin           000000014002e580     <common>
 0004:0000e5a0       __malloc_rovers            000000014002e5a0     <common>
 0004:0000e600       __malloc_firstbin          000000014002e600     <common>
 0004:0000e620       __argc                     000000014002e620     <common>
 0004:0000e640       __argv                     000000014002e640     <common>
 0004:0000e660       __envp                     000000014002e660     <common>
 0004:0000e680       __crtheap                  000000014002e680     <common>
 0004:0000e6a0       __iotab                    000000014002e6a0     <common>
 0004:0000eaa0       __original_stderr_osfhnd   000000014002eaa0     <common>
 0004:0000eac0       __iolim                    000000014002eac0     <common>
 0004:0000eae0       __atfuncs                  000000014002eae0     <common>
 0004:0000ed60       __atcount0                 000000014002ed60     <common>

 entry point at        0001:00010ca0

 Static symbols

 0001:00002755       _StringLengthWorkerW       0000000140003755 f   misc.obj
 0001:000027f5       _StringValidateDestW       00000001400037f5 f   misc.obj
 0001:00002838       _StringValidateDestAndLengthW 0000000140003838 f   misc.obj
 0001:000028a5       _StringCopyWorkerW         00000001400038a5 f   misc.obj
 0001:00002974       StringCchCatW              0000000140003974 f   misc.obj
 0001:00003086       _StringLengthWorkerW       0000000140004086 f   pathutils.obj
 0001:0000312a       _StringValidateDestW       000000014000412a f   pathutils.obj
 0001:0000316d       _StringValidateDestAndLengthW 000000014000416d f   pathutils.obj
 0001:000031da       _StringCopyWorkerW         00000001400041da f   pathutils.obj
 0001:000032a9       StringCchCopyNW            00000001400042a9 f   pathutils.obj
 0001:00003357       StringCchCatW              0000000140004357 f   pathutils.obj
 0001:00006110       _StringValidateDestW       0000000140007110 f   rich.obj
 0001:00006153       _StringVPrintfWorkerW      0000000140007153 f   rich.obj
 0001:0000625e       StringCchPrintfW           000000014000725e f   rich.obj
 0001:0000fe81       _StringLengthWorkerW       0000000140010e81 f   textedit.obj
 0001:0000ff25       _StringValidateDestW       0000000140010f25 f   textedit.obj
 0001:0000ff68       _StringValidateDestAndLengthW 0000000140010f68 f   textedit.obj
 0001:0000ffd5       _StringCopyWorkerW         0000000140010fd5 f   textedit.obj
 0001:000100a4       _StringVPrintfWorkerW      00000001400110a4 f   textedit.obj
 0001:000101af       StringCchCopyW             00000001400111af f   textedit.obj
 0001:00010231       StringCchCopyNW            0000000140011231 f   textedit.obj
 0001:000102df       StringCchCatW              00000001400112df f   textedit.obj
 0001:0001035c       StringCchPrintfW           000000014001135c f   textedit.obj
 0001:00010790       prout                      0000000140011790 f   crtmt64:vsnwprintf.obj
 0001:00010b10       _threadstart               0000000140011b10 f   crtmt64:thread.obj
 0001:00010b60       _threadstart@filt@1        0000000140011b60 f   crtmt64:thread.obj
 0001:00010db0       WinMainCRTStartup@filt@1   0000000140011db0 f   crtmt64:_wincrt0.obj
 0001:00011600       grabhunk                   0000000140012600 f   crtmt64:malloc.obj
 0001:00011ce0       malloc@term@1              0000000140012ce0 f   crtmt64:malloc.obj
 0001:00012100       free@term@1                0000000140013100 f   crtmt64:free.obj
 0001:000122b0       thread_reuse_add           00000001400132b0 f   crtmt64:_thrdnew.obj
 0001:00012320       thread_reuse_remove        0000000140013320 f   crtmt64:_thrdnew.obj
 0001:000128a0       scale_count                00000001400138a0 f   crtmt64:clock.obj
 0001:00012bf0       parse_cmdline              0000000140013bf0 f   crtmt64:_setargv.obj
 0001:00013030       exit@term@1                0000000140014030 f   crtmt64:exit.obj
 0001:00013e20       ctrlevent_capture          0000000140014e20 f   crtmt64:signal.obj
 0001:00014300       lock                       0000000140015300 f   crtmt64:_mtxlock.obj
 0001:00014400       trylock                    0000000140015400 f   crtmt64:_mtxlock.obj
 0001:00014490       unlock                     0000000140015490 f   crtmt64:_mtxlock.obj
 0001:00016ff0       write_txt_ansi             0000000140017ff0 f   crtmt64:write.obj
 0001:00017150       write_txt_utf16            0000000140018150 f   crtmt64:write.obj
 0001:000172d0       write_txt_utf8             00000001400182d0 f   crtmt64:write.obj
 0001:000174a0       write_bin                  00000001400184a0 f   crtmt64:write.obj
 0001:000177a0       _write@term@1              00000001400187a0 f   crtmt64:write.obj
 0001:000177c0       closeall                   00000001400187c0 f   crtmt64:fclose.obj
 0001:00017840       __init_closeall@term@1     0000000140018840 f   crtmt64:fclose.obj
 0001:00017860       _mt_fclose                 0000000140018860 f   crtmt64:fclose.obj
 0001:000179d0       fclose@term@1              00000001400189d0 f   crtmt64:fclose.obj
 0001:00017e90       lock_ioinfo                0000000140018e90 f   crtmt64:_osfinfo.obj
 0001:00017ee0       unlock_ioinfo              0000000140018ee0 f   crtmt64:_osfinfo.obj
