 textedit.exe

 Timestamp is 5f4121dc (Sat Aug 22 16:47:08 2020)

 Preferred load address is 0000000140000000

 Start         Length     Name                   Class
 0001:00000000 0001809dH .text                   CODE
 0002:00000000 00000eacH .pdata                  DATA
 0003:00000000 00000decH .xdata                  DATA
 0003:00000df0 000034a8H .rdata                  DATA
 0004:00000000 000019f8H .data                   DATA
 0004:000019f8 000000b4H .idata$2                DATA
 0004:00001aac 00000014H .idata$3                DATA
 0004:00001ac0 00000658H .idata$4                DATA
 0004:00002118 00000658H .idata$5                DATA
 0004:00002770 00000d2eH .idata$6                DATA
 0004:000034a0 0000b7a8H .bss                    DATA
 0005:00000000 00008ac8H .rsrc                   DATA
 0006:00000000 000004d8H .reloc                  DATA

  Address         Publics by Value              Rva+Base             Lib:Object

 0001:00000000       LoadFontFromInifile        0000000140001000 f   config.obj
 0001:00000065       SaveWindowPosition         0000000140001065 f   config.obj
 0001:00000122       LoadWindowPosition         0000000140001122 f   config.obj
 0001:00000160       ENC_CheckBOM               0000000140001160 f   encoding.obj
 0001:00000274       ENC_IsUTF8                 0000000140001274 f   encoding.obj
 0001:00000523       ENC_IsUNICODE              0000000140001523 f   encoding.obj
 0001:000005be       ENC_CheckEncoding          00000001400015be f   encoding.obj
 0001:000006a0       ENC_FileCheckEncoding      00000001400016a0 f   encoding.obj
 0001:00000835       ENC_EncTypeToStr           0000000140001835 f   encoding.obj
 0001:0000086b       ENC_ChangeEndian           000000014000186b f   encoding.obj
 0001:000008dc       Utf32Get                   00000001400018dc f   encoding.obj
 0001:00000996       Utf8Put                    0000000140001996 f   encoding.obj
 0001:00000b94       Utf32Bom                   0000000140001b94 f   encoding.obj
 0001:00000c74       ENC_Utf32Utf8_LE           0000000140001c74 f   encoding.obj
 0001:00000da1       ENC_Utf32Utf8_BE           0000000140001da1 f   encoding.obj
 0001:00000ece       ENC_Uint32_to_BE           0000000140001ece f   encoding.obj
 0001:00000f13       ENC_CheckUtf32_LE          0000000140001f13 f   encoding.obj
 0001:00000fea       ENC_CheckUtf32_BE          0000000140001fea f   encoding.obj
 0001:000010d0       alloc_and_zero_mem         00000001400020d0 f   mem.obj
 0001:00001124       free_mem                   0000000140002124 f   mem.obj
 0001:00001170       SetMenuItemText            0000000140002170 f   menus.obj
 0001:0000121f       GetMenuItemText            000000014000221f f   menus.obj
 0001:00001300       ShowMessage                0000000140002300 f   misc.obj
 0001:00001479       BeginDraw                  0000000140002479 f   misc.obj
 0001:000014a3       EndDraw                    00000001400024a3 f   misc.obj
 0001:000014e3       undiv                      00000001400024e3 f   misc.obj
 0001:00001519       untoa                      0000000140002519 f   misc.obj
 0001:000015db       intoa                      00000001400025db f   misc.obj
 0001:00001639       topxy                      0000000140002639 f   misc.obj
 0001:00001653       Parse_OUT_Buf              0000000140002653 f   misc.obj
 0001:0000179f       Parse_OUT_Buf_Proc         000000014000279f f   misc.obj
 0001:000017e1       HexDump                    00000001400027e1 f   misc.obj
 0001:00001a11       HexDumpProc                0000000140002a11 f   misc.obj
 0001:00001a44       PB_NewProgressBar          0000000140002a44 f   misc.obj
 0001:00001af8       ExecAndCapture             0000000140002af8 f   misc.obj
 0001:00002004       SimpleExec                 0000000140003004 f   misc.obj
 0001:000020d4       GetDefaultBrowser          00000001400030d4 f   misc.obj
 0001:000023f6       CopyListToClipboard        00000001400033f6 f   misc.obj
 0001:000025dd       CenterDlg                  00000001400035dd f   misc.obj
 0001:00002920       FILE_CommandLineToArgv     0000000140003920 f   pathutils.obj
 0001:00002b7f       FILE_Extract_ext           0000000140003b7f f   pathutils.obj
 0001:00002bea       FILE_Extract_path          0000000140003bea f   pathutils.obj
 0001:00002c9d       FILE_Extract_full_fname    0000000140003c9d f   pathutils.obj
 0001:00002d0d       FILE_Extract_filename      0000000140003d0d f   pathutils.obj
 0001:00002de9       FILE_FileExists            0000000140003de9 f   pathutils.obj
 0001:00002e3a       FILE_GetFileSize           0000000140003e3a f   pathutils.obj
 0001:00002ed1       FILE_MakeFullIniFname      0000000140003ed1 f   pathutils.obj
 0001:00003300       Rich_GetCaretPos           0000000140004300 f   rich.obj
 0001:0000338c       Rich_GetModified           000000014000438c f   rich.obj
 0001:000033b8       Rich_CanUndo               00000001400043b8 f   rich.obj
 0001:000033e4       Rich_CanPaste              00000001400043e4 f   rich.obj
 0001:00003410       Rich_SetModified           0000000140004410 f   rich.obj
 0001:0000343d       Rich_ConvertCase           000000014000443d f   rich.obj
 0001:00003518       Rich_ConvertTabsToSpaces   0000000140004518 f   rich.obj
 0001:0000359e       Rich_SetBGColor            000000014000459e f   rich.obj
 0001:00003863       Rich_SetFGColor            0000000140004863 f   rich.obj
 0001:00003b9c       Rich_FindNext              0000000140004b9c f   rich.obj
 0001:00003c8e       Rich_TabReplace            0000000140004c8e f   rich.obj
 0001:00003d4f       Rich_GotoLine              0000000140004d4f f   rich.obj
 0001:00003db7       Rich_FindReplaceText       0000000140004db7 f   rich.obj
 0001:00004065       Rich_GetLineCount          0000000140005065 f   rich.obj
 0001:00004091       Rich_GetCrtLine            0000000140005091 f   rich.obj
 0001:000040da       Rich_GetSelText            00000001400050da f   rich.obj
 0001:00004171       Rich_GetSelLen             0000000140005171 f   rich.obj
 0001:000041a5       Rich_Print                 00000001400051a5 f   rich.obj
 0001:00004f6d       Rich_NewRichedit           0000000140005f6d f   rich.obj
 0001:00005370       Rich_Streamin              0000000140006370 f   rich.obj
 0001:000054f7       Rich_SelStreamin           00000001400064f7 f   rich.obj
 0001:00005669       Rich_Streamout             0000000140006669 f   rich.obj
 0001:000057d9       Rich_SelStreamout          00000001400067d9 f   rich.obj
 0001:00005948       Rich_SetFontNoCF           0000000140006948 f   rich.obj
 0001:00005976       Rich_SetFont               0000000140006976 f   rich.obj
 0001:00005b97       Rich_ToggleSelBar          0000000140006b97 f   rich.obj
 0001:00005d9e       Rich_WordWrap              0000000140006d9e f   rich.obj
 0001:00005df8       Rich_SaveSelandcurpos      0000000140006df8 f   rich.obj
 0001:00005e60       Rich_RestoreSelandcurpos   0000000140006e60 f   rich.obj
 0001:00005ec8       Rich_CreateShowCaret       0000000140006ec8 f   rich.obj
 0001:00005f0c       Rich_GetFontHeight         0000000140006f0c f   rich.obj
 0001:00005fce       Rich_ClearText             0000000140006fce f   rich.obj
 0001:00006220       SB_MakeStatusBar           0000000140007220 f   sbar.obj
 0001:00006304       SB_MenuHelp                0000000140007304 f   sbar.obj
 0001:000063be       SB_StatusResizePanels      00000001400073be f   sbar.obj
 0001:000064b5       SB_StatusSetSimple         00000001400074b5 f   sbar.obj
 0001:000064e2       SB_StatusSetText           00000001400074e2 f   sbar.obj
 0001:00006520       Tab_NewTab                 0000000140007520 f   tabs.obj
 0001:00006683       Tab_NewTabPage             0000000140007683 f   tabs.obj
 0001:000066dc       Tab_DeletePage             00000001400076dc f   tabs.obj
 0001:0000670b       Tab_GetCurSel              000000014000770b f   tabs.obj
 0001:00006737       Tab_SetCurSel              0000000140007737 f   tabs.obj
 0001:00006766       Tab_GetCurFocus            0000000140007766 f   tabs.obj
 0001:00006792       Tab_SetCurFocus            0000000140007792 f   tabs.obj
 0001:000067c1       Tab_GetCount               00000001400077c1 f   tabs.obj
 0001:000067ed       Tab_SetText                00000001400077ed f   tabs.obj
 0001:00006846       Tab_SetPadding             0000000140007846 f   tabs.obj
 0001:00006891       Tab_SetImageList           0000000140007891 f   tabs.obj
 0001:000068bf       Tab_SetImg                 00000001400078bf f   tabs.obj
 0001:00006910       WinMain                    0000000140007910 f   textedit.obj
 0001:00006f88       TabSubclassProc            0000000140007f88 f   textedit.obj
 0001:0000706a       RichSubclassProc           000000014000806a f   textedit.obj
 0001:00007272       OutwSubclassProc           0000000140008272 f   textedit.obj
 0001:00007440       DLG_AboutDlgProc           0000000140008440 f   textedit.obj
 0001:000074db       DLG_TabsDlgProc            00000001400084db f   textedit.obj
 0001:00007621       DLG_FindDlgProc            0000000140008621 f   textedit.obj
 0001:0000797a       DLG_GotoDlgProc            000000014000897a f   textedit.obj
 0001:00007b70       DLG_EXTToolDlgProc         0000000140008b70 f   textedit.obj
 0001:000082dd       DLG_OUTviewDlgProc         00000001400092dd f   textedit.obj
 0001:000084a1       WndProc                    00000001400094a1 f   textedit.obj
 0001:000086b9       UpdateMenuStatus           00000001400096b9 f   textedit.obj
 0001:00008b05       DLG_OpenDlg                0000000140009b05 f   textedit.obj
 0001:00008f04       DLG_SaveDlg                0000000140009f04 f   textedit.obj
 0001:000092f8       STR_StreamInProc           000000014000a2f8 f   textedit.obj
 0001:00009e49       STR_StreamOutProc          000000014000ae49 f   textedit.obj
 0001:0000a6bb       Prompt_to_save             000000014000b6bb f   textedit.obj
 0001:0000a77d       UpdateTitlebar             000000014000b77d f   textedit.obj
 0001:0000a7e2       Menu_WipeClipboard         000000014000b7e2 f   textedit.obj
 0001:0000a81f       Menu_NewInstance           000000014000b81f f   textedit.obj
 0001:0000a869       Menu_MergeFile             000000014000b869 f   textedit.obj
 0001:0000a999       Menu_SaveSelection         000000014000b999 f   textedit.obj
 0001:0000aa20       CvtTabsProc                000000014000ba20 f   textedit.obj
 0001:0000aacb       ExpandMacro                000000014000bacb f   textedit.obj
 0001:0000ad8f       DLG_OutputWnd              000000014000bd8f f   textedit.obj
 0001:0000adc7       Menu_HexView               000000014000bdc7 f   textedit.obj
 0001:0000aec7       DLG_HEXViewDlgProc         000000014000bec7 f   textedit.obj
 0001:0000b07c       Menu_RefreshFromDisk       000000014000c07c f   textedit.obj
 0001:0000b323       ConvertTabsToSpaces        000000014000c323 f   textedit.obj
 0001:0000b450       EnableMenus                000000014000c450 f   textedit.obj
 0001:0000b980       Menu_Save                  000000014000c980 f   textedit.obj
 0001:0000bcfb       Menu_Saveas                000000014000ccfb f   textedit.obj
 0001:0000bdb3       Menu_New                   000000014000cdb3 f   textedit.obj
 0001:0000c0fc       Menu_ToggleMargin          000000014000d0fc f   textedit.obj
 0001:0000c651       Menu_Find                  000000014000d651 f   textedit.obj
 0001:0000c807       Menu_ConvertTabs           000000014000d807 f   textedit.obj
 0001:0000c8e1       Menu_SetFont               000000014000d8e1 f   textedit.obj
 0001:0000cb2a       Menu_Print                 000000014000db2a f   textedit.obj
 0001:0000ccbe       Menu_SetFGColor            000000014000dcbe f   textedit.obj
 0001:0000ced0       Menu_SetBGColor            000000014000ded0 f   textedit.obj
 0001:0000cfa4       UpdateEncodingMenus        000000014000dfa4 f   textedit.obj
 0001:0000d04e       TD_UpdateTabDataEntry      000000014000e04e f   textedit.obj
 0001:0000d3b6       TD_RebuildTabData          000000014000e3b6 f   textedit.obj
 0001:0000d4e0       UpdateCaretPos             000000014000e4e0 f   textedit.obj
 0001:0000d574       Menu_WWrap                 000000014000e574 f   textedit.obj
 0001:0000d6d8       UpdateModifiedStatus       000000014000e6d8 f   textedit.obj
 0001:0000d7fc       UpdateEncodingStatus       000000014000e7fc f   textedit.obj
 0001:0000d954       Menu_Open                  000000014000e954 f   textedit.obj
 0001:0000daeb       Menu_Quit                  000000014000eaeb f   textedit.obj
 0001:0000db1a       QuitSaveCheck              000000014000eb1a f   textedit.obj
 0001:0000dbcb       RemoveTab                  000000014000ebcb f   textedit.obj
 0001:0000ddb3       MainWND_OnDropFiles        000000014000edb3 f   textedit.obj
 0001:0000e09c       MainWND_OnNotify           000000014000f09c f   textedit.obj
 0001:0000e29b       MainWND_OnCreate           000000014000f29b f   textedit.obj
 0001:0000e4ab       MainWND_OnSize             000000014000f4ab f   textedit.obj
 0001:0000e5e7       MainWND_OnInitMenuPopup    000000014000f5e7 f   textedit.obj
 0001:0000e655       MainWND_OnCommand          000000014000f655 f   textedit.obj
 0001:0000ef02       OpenFileList               000000014000ff02 f   textedit.obj
 0001:0000f134       CycleTabs                  0000000140010134 f   textedit.obj
 0001:0000f2df       InitImgList                00000001400102df f   textedit.obj
 0001:0000f870       RunFileDlg                 0000000140010870     shell32x:shell32.dll
 0001:0000f880       memcmp                     0000000140010880 f   crtmt64:memcmp.obj
 0001:0000f950       __C_specific_handler       0000000140010950 f   crtmt64:_ehandler.obj
 0001:0000fad0       memset                     0000000140010ad0 f   crtmt64:memset.obj
 0001:0000fbc0       ldiv                       0000000140010bc0 f   crtmt64:ldiv.obj
 0001:0000fbe0       isprint                    0000000140010be0 f   crtmt64:isprint.obj
 0001:0000fc40       _vsnwprintf                0000000140010c40 f   crtmt64:vsnwprintf.obj
 0001:0000fca0       memcpy                     0000000140010ca0 f   crtmt64:memcpy.obj
 0001:0000fca0       memmove                    0000000140010ca0     crtmt64:memcpy.obj
 0001:00010000       _beginthread               0000000140011000 f   crtmt64:thread.obj
 0001:000100c0       _endthread                 00000001400110c0 f   crtmt64:thread.obj
 0001:00010120       WinMainCRTStartup          0000000140011120 f   crtmt64:_wincrt0.obj
 0001:00010250       __crt_abort                0000000140011250 f   crtmt64:_crtabort.obj
 0001:000103a0       __mtinit                   00000001400113a0 f   crtmt64:_tidtable.obj
 0001:00010410       __mtterm                   0000000140011410 f   crtmt64:_tidtable.obj
 0001:00010480       __init_mtd                 0000000140011480 f   crtmt64:_tidtable.obj
 0001:00010510       __get_mtd                  0000000140011510 f   crtmt64:_tidtable.obj
 0001:00010590       __free_mtd                 0000000140011590 f   crtmt64:_tidtable.obj
 0001:00010680       __wprintf                  0000000140011680 f   crtmt64:_wprintf.obj
 0001:00010a00       __xcptfilter               0000000140011a00 f   crtmt64:_xcptfilter.obj
 0001:00010d60       __sheap_alloc              0000000140011d60 f   crtmt64:malloc.obj
 0001:000110e0       malloc                     00000001400120e0 f   crtmt64:malloc.obj
 0001:00011180       __sheap_free               0000000140012180 f   crtmt64:free.obj
 0001:00011520       free                       0000000140012520 f   crtmt64:free.obj
 0001:000115a0       __maposerr                 00000001400125a0 f   crtmt64:_maperr.obj
 0001:000116c0       __errno                    00000001400126c0 f   crtmt64:_maperr.obj
 0001:000116e0       __thrd_free_reuse          00000001400126e0 f   crtmt64:_thrdnew.obj
 0001:00011820       __thrd_new                 0000000140012820 f   crtmt64:_thrdnew.obj
 0001:00011900       __thrd_free                0000000140012900 f   crtmt64:_thrdnew.obj
 0001:00011970       __thrd_detach              0000000140012970 f   crtmt64:_thrdnew.obj
 0001:000119d0       __bheapinit                00000001400129d0 f   crtmt64:_bigheap.obj
 0001:00011a00       __bheapterm                0000000140012a00 f   crtmt64:_bigheap.obj
 0001:00011a30       __bheap_aligned_alloc      0000000140012a30 f   crtmt64:_bigheap.obj
 0001:00011aa0       __bheap_aligned_realloc    0000000140012aa0 f   crtmt64:_bigheap.obj
 0001:00011ba0       __bheap_alloc              0000000140012ba0 f   crtmt64:_bigheap.obj
 0001:00011bb0       __bheap_realloc            0000000140012bb0 f   crtmt64:_bigheap.obj
 0001:00011bc0       __bheap_free               0000000140012bc0 f   crtmt64:_bigheap.obj
 0001:00011be0       __bheap_size               0000000140012be0 f   crtmt64:_bigheap.obj
 0001:00011c20       __bheap_validate           0000000140012c20 f   crtmt64:_bigheap.obj
 0001:00011c60       __features                 0000000140012c60 f   crtmt64:features.obj
 0001:00011d60       __clockinit                0000000140012d60 f   crtmt64:clock.obj
 0001:00011dc0       clock                      0000000140012dc0 f   crtmt64:clock.obj
 0001:00011e10       __ioinit                   0000000140012e10 f   crtmt64:_ioinit.obj
 0001:00011f70       __ioterm                   0000000140012f70 f   crtmt64:_ioinit.obj
 0001:00012000       __new_iotab                0000000140013000 f   crtmt64:_ioinit.obj
 0001:00012220       __setargv                  0000000140013220 f   crtmt64:_setargv.obj
 0001:000122e0       __setenvp                  00000001400132e0 f   crtmt64:_setenvp.obj
 0001:000123e0       __wincmdln                 00000001400133e0 f   crtmt64:_wincmdln.obj
 0001:00012430       exit                       0000000140013430 f   crtmt64:exit.obj
 0001:000124d0       __mtinitlocks              00000001400134d0 f   crtmt64:_mtlock.obj
 0001:00012520       __mttermlocks              0000000140013520 f   crtmt64:_mtlock.obj
 0001:000125c0       __mtlock                   00000001400135c0 f   crtmt64:_mtlock.obj
 0001:00012650       __mtunlock                 0000000140013650 f   crtmt64:_mtlock.obj
 0001:00012670       __mtlock_stream            0000000140013670 f   crtmt64:_mtlock.obj
 0001:000126a0       __mtunlock_stream          00000001400136a0 f   crtmt64:_mtlock.obj
 0001:000126d0       __mt_fputs                 00000001400136d0 f   crtmt64:fputs.obj
 0001:00012710       fputs                      0000000140013710 f   crtmt64:fputs.obj
 0001:00012760       _Exit                      0000000140013760 f   crtmt64:_exit.obj
 0001:00012770       ignore_handler_s           0000000140013770 f   crtmt64:constraint_handler_s.obj
 0001:00012780       set_constraint_handler_s   0000000140013780 f   crtmt64:constraint_handler_s.obj
 0001:000127b0       _crt_constraint            00000001400137b0 f   crtmt64:constraint_handler_s.obj
 0001:000127e0       _strdup                    00000001400137e0 f   crtmt64:strdup.obj
 0001:00012840       strdup                     0000000140013840 f   crtmt64:strdup.obj
 0001:00012850       __get_c_locale             0000000140013850 f   crtmt64:_clocale.obj
 0001:00012940       wcscspn                    0000000140013940 f   crtmt64:wcscspn.obj
 0001:00012990       __iswctype                 0000000140013990 f   crtmt64:_iswctype.obj
 0001:00012a10       __wputfield                0000000140013a10 f   crtmt64:_wputfield.obj
 0001:00013040       __wputtxt                  0000000140014040 f   crtmt64:_wputtxt.obj
 0001:000132f0       signal                     00000001400142f0 f   crtmt64:signal.obj
 0001:00013400       __getmem                   0000000140014400 f   crtmt64:_getmem.obj
 0001:000134d0       __mtx_init                 00000001400144d0 f   crtmt64:_mtxinit.obj
 0001:00013570       __mtx_destroy              0000000140014570 f   crtmt64:_mtxinit.obj
 0001:00013620       calloc                     0000000140014620 f   crtmt64:calloc.obj
 0001:00013680       __tss_user_destructors     0000000140014680 f   crtmt64:_tss_dtors.obj
 0001:000139b0       __mtx_lock                 00000001400149b0 f   crtmt64:_mtxlock.obj
 0001:000139c0       __mtx_timedlock            00000001400149c0 f   crtmt64:_mtxlock.obj
 0001:000139e0       __mtx_trylock              00000001400149e0 f   crtmt64:_mtxlock.obj
 0001:000139f0       __mtx_unlock               00000001400149f0 f   crtmt64:_mtxlock.obj
 0001:00013a00       __set_default_crt_heap_size 0000000140014a00 f   crtmt64:_dflheap.obj
 0001:00013a10       __ioexport                 0000000140014a10 f   crtmt64:_ioxfer.obj
 0001:00013b20       __ioimport                 0000000140014b20 f   crtmt64:_ioxfer.obj
 0001:00013c00       __mt_fputc                 0000000140014c00 f   crtmt64:fputc.obj
 0001:00013c70       fputc                      0000000140014c70 f   crtmt64:fputc.obj
 0001:00013ca0       __buf_stream               0000000140014ca0 f   crtmt64:_stbuf.obj
 0001:00013d50       __unbuf_stream             0000000140014d50 f   crtmt64:_stbuf.obj
 0001:00013db0       __strerror                 0000000140014db0 f   crtmt64:_strerror.obj
 0001:000140b0       __btowc                    00000001400150b0 f   crtmt64:_btowc.obj
 0001:00014100       __wlitob                   0000000140015100 f   crtmt64:_wlitob.obj
 0001:00014280       __fptestl                  0000000140015280 f   crtmt64:_fptestl.obj
 0001:00014290       __wldtob                   0000000140015290 f   crtmt64:_wldtob.obj
 0001:00014a20       wmemchr                    0000000140015a20 f   crtmt64:wmemchr.obj
 0001:00014a40       __wputstr                  0000000140015a40 f   crtmt64:_wputstr.obj
 0001:00014bb0       __oshnd_wait               0000000140015bb0 f   crtmt64:_thrdwait.obj
 0001:00014be0       __thrd_wait                0000000140015be0 f   crtmt64:_thrdwait.obj
 0001:00014bf0       __thrd_timedwait           0000000140015bf0 f   crtmt64:_thrdwait.obj
 0001:00014c00       __thrd_sleep               0000000140015c00 f   crtmt64:_thrdwait.obj
 0001:00014c10       __tss_init                 0000000140015c10 f   crtmt64:_tss.obj
 0001:00014c40       __tss_free                 0000000140015c40 f   crtmt64:_tss.obj
 0001:00014c60       __tss_get                  0000000140015c60 f   crtmt64:_tss.obj
 0001:00014c70       __tss_set                  0000000140015c70 f   crtmt64:_tss.obj
 0001:00014c90       __thrd_key_create          0000000140015c90 f   crtmt64:_thrdkey.obj
 0001:00014d10       __thrd_key_destroy         0000000140015d10 f   crtmt64:_thrdkey.obj
 0001:00014d80       thrd_current               0000000140015d80 f   crtmt64:thrd_current.obj
 0001:00014df0       thrd_equal                 0000000140015df0 f   crtmt64:thrd_equal.obj
 0001:00014e10       __fflush                   0000000140015e10 f   crtmt64:_fflush.obj
 0001:00014f40       __fwrite                   0000000140015f40 f   crtmt64:_fwrite.obj
 0001:00015050       _fileno                    0000000140016050 f   crtmt64:fileno.obj
 0001:00015060       _isatty                    0000000140016060 f   crtmt64:isatty.obj
 0001:00015090       __mbtowc                   0000000140016090 f   crtmt64:_mbtowc.obj
 0001:000153c0       __fptest                   00000001400163c0 f   crtmt64:_fptest.obj
 0001:00015440       __fpunscalel               0000000140016440 f   crtmt64:_fpunscalel.obj
 0001:00015450       __fpscalel                 0000000140016450 f   crtmt64:_fpscalel.obj
 0001:00015460       __wgenld                   0000000140016460 f   crtmt64:_wgenld.obj
 0001:00015910       __fpgetwl                  0000000140016910 f   crtmt64:_fpxprecl.obj
 0001:000159a0       __fpsetwl                  00000001400169a0 f   crtmt64:_fpxprecl.obj
 0001:00015ad0       __fpaddhl                  0000000140016ad0 f   crtmt64:_fpxprecl.obj
 0001:00015ec0       __fpmulhl                  0000000140016ec0 f   crtmt64:_fpxprecl.obj
 0001:000160b0       __fpsetnl                  00000001400170b0 f   crtmt64:_fpxprecl.obj
 0001:000160d0       __fpmovxl                  00000001400170d0 f   crtmt64:_fpxprecl.obj
 0001:000160f0       __fpaddxl                  00000001400170f0 f   crtmt64:_fpxprecl.obj
 0001:00016150       __fpsubxl                  0000000140017150 f   crtmt64:_fpxprecl.obj
 0001:000161c0       __fpldexpxl                00000001400171c0 f   crtmt64:_fpxprecl.obj
 0001:00016220       __fpmulxl                  0000000140017220 f   crtmt64:_fpxprecl.obj
 0001:00016320       __fpinvxl                  0000000140017320 f   crtmt64:_fpxprecl.obj
 0001:00016990       __mt_write                 0000000140017990 f   crtmt64:write.obj
 0001:00016b60       _write                     0000000140017b60 f   crtmt64:write.obj
 0001:00016c80       __init_closeall            0000000140017c80 f   crtmt64:fclose.obj
 0001:00016e20       fclose                     0000000140017e20 f   crtmt64:fclose.obj
 0001:00016e70       ___mbtowc                  0000000140017e70 f   crtmt64:__mbtowc.obj
 0001:00016f20       __fpunscale                0000000140017f20 f   crtmt64:_fpunscale.obj
 0001:00016fc0       __fpscale                  0000000140017fc0 f   crtmt64:_fpscale.obj
 0001:000171c0       __fpintl                   00000001400181c0 f   crtmt64:_fpintl.obj
 0001:000171d0       __feraise                  00000001400181d0 f   crtmt64:_feraise.obj
 0001:00017210       ldexpl                     0000000140018210 f   crtmt64:ldexpl.obj
 0001:00017370       __new_osfhnd               0000000140018370 f   crtmt64:_osfinfo.obj
 0001:00017470       __free_osfhnd              0000000140018470 f   crtmt64:_osfinfo.obj
 0001:00017520       __set_osfhnd               0000000140018520 f   crtmt64:_osfinfo.obj
 0001:000175c0       __get_osfhnd               00000001400185c0 f   crtmt64:_osfinfo.obj
 0001:000175e0       __is_unicode_osfhnd        00000001400185e0 f   crtmt64:_osfinfo.obj
 0001:00017620       __is_console_osfhnd        0000000140018620 f   crtmt64:_osfinfo.obj
 0001:00017670       _get_osfhandle             0000000140018670 f   crtmt64:_osfinfo.obj
 0001:000176d0       _open_osfhandle            00000001400186d0 f   crtmt64:_osfinfo.obj
 0001:00017800       __lock_osfhnd              0000000140018800 f   crtmt64:_osfinfo.obj
 0001:00017830       __unlock_osfhnd            0000000140018830 f   crtmt64:_osfinfo.obj
 0001:00017860       __cp_to_cp                 0000000140018860 f   crtmt64:_cp2cp.obj
 0001:00017970       __mt_lseek64               0000000140018970 f   crtmt64:lseek64.obj
 0001:00017a00       _lseek64                   0000000140018a00 f   crtmt64:lseek64.obj
 0001:00017a70       _Atexit                    0000000140018a70 f   crtmt64:_atexit.obj
 0001:00017aa0       __mt_close                 0000000140018aa0 f   crtmt64:close.obj
 0001:00017b40       _close                     0000000140018b40 f   crtmt64:close.obj
 0001:00017ba0       remove                     0000000140018ba0 f   crtmt64:remove.obj
 0001:00017bb0       __fpnorm                   0000000140018bb0 f   crtmt64:_fpnorm.obj
 0001:00017d20       __fpint                    0000000140018d20 f   crtmt64:_fpint.obj
 0001:00017e70       feraiseexcept              0000000140018e70 f   crtmt64:feraiseexcept.obj
 0001:00017ee0       _matherr                   0000000140018ee0 f   crtmt64:_matherr.obj
 0001:00017ef0       abort                      0000000140018ef0 f   crtmt64:abort.obj
 0001:00017f10       _unlink                    0000000140018f10 f   crtmt64:unlink.obj
 0001:00017f40       raise                      0000000140018f40 f   crtmt64:raise.obj
 0003:00000fa0       Alphabet                   000000014001bfa0     misc.obj
 0003:00003dc0       __c_times                  000000014001edc0     crtmt64:_tinfo.obj
 0003:000040b0       __inf                      000000014001f0b0     crtmt64:_values.obj
 0003:000040b8       __nan                      000000014001f0b8     crtmt64:_values.obj
 0003:000040c0       __eps                      000000014001f0c0     crtmt64:_values.obj
 0003:000040c8       __rteps                    000000014001f0c8     crtmt64:_values.obj
 0003:000040d0       __xbig                     000000014001f0d0     crtmt64:_values.obj
 0003:000040d8       __zero                     000000014001f0d8     crtmt64:_values.obj
 0003:000040e0       __llongmax                 000000014001f0e0     crtmt64:_values.obj
 0003:000040f0       __negmask                  000000014001f0f0     crtmt64:_values.obj
 0003:00004100       __absmask                  000000014001f100     crtmt64:_values.obj
 0003:00004130       __infl                     000000014001f130     crtmt64:_lvalues.obj
 0003:00004138       __nanl                     000000014001f138     crtmt64:_lvalues.obj
 0003:00004140       __epsl                     000000014001f140     crtmt64:_lvalues.obj
 0003:00004148       __rtepsl                   000000014001f148     crtmt64:_lvalues.obj
 0003:00004150       __xbigl                    000000014001f150     crtmt64:_lvalues.obj
 0003:00004158       __zerol                    000000014001f158     crtmt64:_lvalues.obj
 0003:00004298       __xi_a                     000000014001f298     crtmt64:_initex.obj
 0003:00004298       __xi_z                     000000014001f298     crtmt64:_initex.obj
 0003:00004298       __xt_a                     000000014001f298     crtmt64:_initex.obj
 0003:00004298       __xt_z                     000000014001f298     crtmt64:_initex.obj
 0004:00000000       UTF_16_BE_BOM              0000000140020000     encoding.obj
 0004:00000008       UTF_16_LE_BOM              0000000140020008     encoding.obj
 0004:00000010       UTF_8_BOM                  0000000140020010     encoding.obj
 0004:00000018       UTF_32_BE_BOM              0000000140020018     encoding.obj
 0004:00000020       UTF_32_LE_BOM              0000000140020020     encoding.obj
 0004:00000090       opn_filter                 0000000140020090     misc.obj
 0004:00000098       opn_title                  0000000140020098     misc.obj
 0004:000000a0       sav_title                  00000001400200a0     misc.obj
 0004:000000a8       opn_defext                 00000001400200a8     misc.obj
 0004:000000b0       app_classname              00000001400200b0     misc.obj
 0004:000000b8       app_title                  00000001400200b8     misc.obj
 0004:000000c0       g_bmargin                  00000001400200c0     textedit.obj
 0004:000000c4       g_bprompt                  00000001400200c4     textedit.obj
 0004:000000c8       g_bfwd                     00000001400200c8     textedit.obj
 0004:000000cc       g_bmenu_needs_update       00000001400200cc     textedit.obj
 0004:000000d0       g_dwtabsize                00000001400200d0     textedit.obj
 0004:000000d4       g_fencoding                00000001400200d4     textedit.obj
 0004:000000e0       __tlsidx                   00000001400200e0     crtmt64:_tidtable.obj
 0004:00000100       __bheap_threshold          0000000140020100     crtmt64:_crt0dat.obj
 0004:00000110       __feature_mask             0000000140020110     crtmt64:features.obj
 0004:00000130       __atcount                  0000000140020130     crtmt64:exit.obj
 0004:00000140       __stdin                    0000000140020140     crtmt64:_files.obj
 0004:000001c0       __stdout                   00000001400201c0     crtmt64:_files.obj
 0004:00000240       __stderr                   0000000140020240     crtmt64:_files.obj
 0004:000002c0       __filetab                  00000001400202c0     crtmt64:_files.obj
 0004:00001330       __c_locale                 0000000140021330     crtmt64:_clocale.obj
 0004:00001690       __mbcurmax                 0000000140021690     crtmt64:_state.obj
 0004:00001698       __collatetab               0000000140021698     crtmt64:_state.obj
 0004:00001718       __wcollatetab              0000000140021718     crtmt64:_state.obj
 0004:00001798       __mbtowctab                0000000140021798     crtmt64:_state.obj
 0004:00001818       __wctombtab                0000000140021818     crtmt64:_state.obj
 0004:000018a0       __ctypetab                 00000001400218a0     crtmt64:_ctypetab.obj
 0004:000018b0       __tolowertab               00000001400218b0     crtmt64:_tolowertab.obj
 0004:000018c0       __touppertab               00000001400218c0     crtmt64:_touppertab.obj
 0004:000018d0       __wctranstab               00000001400218d0     crtmt64:_wctranstab.obj
 0004:000018e0       __wctypetab                00000001400218e0     crtmt64:_wctypetab.obj
 0004:000018f0       __locale                   00000001400218f0     crtmt64:localeconv.obj
 0004:00001950       __times                    0000000140021950     crtmt64:_tinfo.obj
 0004:000019f8       __IMPORT_DESCRIPTOR_KERNEL32 00000001400219f8     kernel32:KERNEL32.dll
 0004:00001a0c       __IMPORT_DESCRIPTOR_USER32 0000000140021a0c     user32:USER32.dll
 0004:00001a20       __IMPORT_DESCRIPTOR_GDI32  0000000140021a20     gdi32:GDI32.dll
 0004:00001a34       __IMPORT_DESCRIPTOR_COMCTL32 0000000140021a34     comctl32:COMCTL32.dll
 0004:00001a48       __IMPORT_DESCRIPTOR_COMDLG32 0000000140021a48     comdlg32:COMDLG32.dll
 0004:00001a5c       __IMPORT_DESCRIPTOR_ADVAPI32 0000000140021a5c     advapi32:ADVAPI32.dll
 0004:00001a70       __IMPORT_DESCRIPTOR_SHELL32 0000000140021a70     shell32:SHELL32.dll
 0004:00001a84       __IMPORT_DESCRIPTOR_shell32 0000000140021a84     shell32x:shell32.dll
 0004:00001a98       __IMPORT_DESCRIPTOR_SHLWAPI 0000000140021a98     shlwapi:SHLWAPI.dll
 0004:00001aac       __NULL_IMPORT_DESCRIPTOR   0000000140021aac     kernel32:KERNEL32.dll
 0004:00002118       __imp_GetPrivateProfileStructW 0000000140022118     kernel32:KERNEL32.dll
 0004:00002120       __imp_WritePrivateProfileStringW 0000000140022120     kernel32:KERNEL32.dll
 0004:00002128       __imp_WritePrivateProfileStructW 0000000140022128     kernel32:KERNEL32.dll
 0004:00002130       __imp_CreateFileW          0000000140022130     kernel32:KERNEL32.dll
 0004:00002138       __imp_CreateFileMappingW   0000000140022138     kernel32:KERNEL32.dll
 0004:00002140       __imp_GetLastError         0000000140022140     kernel32:KERNEL32.dll
 0004:00002148       __imp_MapViewOfFile        0000000140022148     kernel32:KERNEL32.dll
 0004:00002150       __imp_GetFileSize          0000000140022150     kernel32:KERNEL32.dll
 0004:00002158       __imp_UnmapViewOfFile      0000000140022158     kernel32:KERNEL32.dll
 0004:00002160       __imp_CloseHandle          0000000140022160     kernel32:KERNEL32.dll
 0004:00002168       __imp_LocalAlloc           0000000140022168     kernel32:KERNEL32.dll
 0004:00002170       __imp_LocalFree            0000000140022170     kernel32:KERNEL32.dll
 0004:00002178       __imp_GetModuleFileNameW   0000000140022178     kernel32:KERNEL32.dll
 0004:00002180       __imp_lstrlenW             0000000140022180     kernel32:KERNEL32.dll
 0004:00002188       __imp_GetModuleHandleW     0000000140022188     kernel32:KERNEL32.dll
 0004:00002190       __imp_CreatePipe           0000000140022190     kernel32:KERNEL32.dll
 0004:00002198       __imp_GetCurrentProcess    0000000140022198     kernel32:KERNEL32.dll
 0004:000021a0       __imp_DuplicateHandle      00000001400221a0     kernel32:KERNEL32.dll
 0004:000021a8       __imp_CreateProcessW       00000001400221a8     kernel32:KERNEL32.dll
 0004:000021b0       __imp_ReadFile             00000001400221b0     kernel32:KERNEL32.dll
 0004:000021b8       __imp_MultiByteToWideChar  00000001400221b8     kernel32:KERNEL32.dll
 0004:000021c0       __imp_VerSetConditionMask  00000001400221c0     kernel32:KERNEL32.dll
 0004:000021c8       __imp_VerifyVersionInfoW   00000001400221c8     kernel32:KERNEL32.dll
 0004:000021d0       __imp_GlobalAlloc          00000001400221d0     kernel32:KERNEL32.dll
 0004:000021d8       __imp_GlobalLock           00000001400221d8     kernel32:KERNEL32.dll
 0004:000021e0       __imp_GlobalUnlock         00000001400221e0     kernel32:KERNEL32.dll
 0004:000021e8       __imp_GlobalFree           00000001400221e8     kernel32:KERNEL32.dll
 0004:000021f0       __imp_lstrcpynW            00000001400221f0     kernel32:KERNEL32.dll
 0004:000021f8       __imp_FindFirstFileW       00000001400221f8     kernel32:KERNEL32.dll
 0004:00002200       __imp_FindClose            0000000140022200     kernel32:KERNEL32.dll
 0004:00002208       __imp_MulDiv               0000000140022208     kernel32:KERNEL32.dll
 0004:00002210       __imp_InitializeCriticalSection 0000000140022210     kernel32:KERNEL32.dll
 0004:00002218       __imp_LoadLibraryW         0000000140022218     kernel32:KERNEL32.dll
 0004:00002220       __imp_GetPrivateProfileIntW 0000000140022220     kernel32:KERNEL32.dll
 0004:00002228       __imp_GetCommandLineW      0000000140022228     kernel32:KERNEL32.dll
 0004:00002230       __imp_FreeLibrary          0000000140022230     kernel32:KERNEL32.dll
 0004:00002238       __imp_DeleteCriticalSection 0000000140022238     kernel32:KERNEL32.dll
 0004:00002240       __imp_GetPrivateProfileStringW 0000000140022240     kernel32:KERNEL32.dll
 0004:00002248       __imp_lstrcmpW             0000000140022248     kernel32:KERNEL32.dll
 0004:00002250       __imp_WriteFile            0000000140022250     kernel32:KERNEL32.dll
 0004:00002258       __imp_GetACP               0000000140022258     kernel32:KERNEL32.dll
 0004:00002260       __imp_WideCharToMultiByte  0000000140022260     kernel32:KERNEL32.dll
 0004:00002268       __imp_EnterCriticalSection 0000000140022268     kernel32:KERNEL32.dll
 0004:00002270       __imp_LeaveCriticalSection 0000000140022270     kernel32:KERNEL32.dll
 0004:00002278       __imp_RtlUnwindEx          0000000140022278     kernel32:KERNEL32.dll
 0004:00002280       __imp_TlsSetValue          0000000140022280     kernel32:KERNEL32.dll
 0004:00002288       __imp_CreateThread         0000000140022288     kernel32:KERNEL32.dll
 0004:00002290       __imp_ResumeThread         0000000140022290     kernel32:KERNEL32.dll
 0004:00002298       __imp_ExitThread           0000000140022298     kernel32:KERNEL32.dll
 0004:000022a0       __imp_GetStartupInfoA      00000001400222a0     kernel32:KERNEL32.dll
 0004:000022a8       __imp_GetModuleHandleA     00000001400222a8     kernel32:KERNEL32.dll
 0004:000022b0       __imp_IsDebuggerPresent    00000001400222b0     kernel32:KERNEL32.dll
 0004:000022b8       __imp_OutputDebugStringA   00000001400222b8     kernel32:KERNEL32.dll
 0004:000022c0       __imp_TlsAlloc             00000001400222c0     kernel32:KERNEL32.dll
 0004:000022c8       __imp_GetCurrentThreadId   00000001400222c8     kernel32:KERNEL32.dll
 0004:000022d0       __imp_TlsGetValue          00000001400222d0     kernel32:KERNEL32.dll
 0004:000022d8       __imp_TlsFree              00000001400222d8     kernel32:KERNEL32.dll
 0004:000022e0       __imp_SetLastError         00000001400222e0     kernel32:KERNEL32.dll
 0004:000022e8       __imp_UnhandledExceptionFilter 00000001400222e8     kernel32:KERNEL32.dll
 0004:000022f0       __imp_HeapCreate           00000001400222f0     kernel32:KERNEL32.dll
 0004:000022f8       __imp_HeapDestroy          00000001400222f8     kernel32:KERNEL32.dll
 0004:00002300       __imp_HeapAlloc            0000000140022300     kernel32:KERNEL32.dll
 0004:00002308       __imp_HeapReAlloc          0000000140022308     kernel32:KERNEL32.dll
 0004:00002310       __imp_HeapFree             0000000140022310     kernel32:KERNEL32.dll
 0004:00002318       __imp_HeapSize             0000000140022318     kernel32:KERNEL32.dll
 0004:00002320       __imp_HeapValidate         0000000140022320     kernel32:KERNEL32.dll
 0004:00002328       __imp_QueryPerformanceFrequency 0000000140022328     kernel32:KERNEL32.dll
 0004:00002330       __imp_QueryPerformanceCounter 0000000140022330     kernel32:KERNEL32.dll
 0004:00002338       __imp_GetStartupInfoW      0000000140022338     kernel32:KERNEL32.dll
 0004:00002340       __imp_GetStdHandle         0000000140022340     kernel32:KERNEL32.dll
 0004:00002348       __imp_GetFileType          0000000140022348     kernel32:KERNEL32.dll
 0004:00002350       __imp_GetCommandLineA      0000000140022350     kernel32:KERNEL32.dll
 0004:00002358       __imp_GetModuleFileNameA   0000000140022358     kernel32:KERNEL32.dll
 0004:00002360       __imp_GetEnvironmentStrings 0000000140022360     kernel32:KERNEL32.dll
 0004:00002368       __imp_FreeEnvironmentStringsA 0000000140022368     kernel32:KERNEL32.dll
 0004:00002370       __imp_ExitProcess          0000000140022370     kernel32:KERNEL32.dll
 0004:00002378       __imp_SetConsoleCtrlHandler 0000000140022378     kernel32:KERNEL32.dll
 0004:00002380       __imp_VirtualAlloc         0000000140022380     kernel32:KERNEL32.dll
 0004:00002388       __imp_VirtualQuery         0000000140022388     kernel32:KERNEL32.dll
 0004:00002390       __imp_CreateEventW         0000000140022390     kernel32:KERNEL32.dll
 0004:00002398       __imp_SetEvent             0000000140022398     kernel32:KERNEL32.dll
 0004:000023a0       __imp_WaitForSingleObject  00000001400223a0     kernel32:KERNEL32.dll
 0004:000023a8       __imp_Sleep                00000001400223a8     kernel32:KERNEL32.dll
 0004:000023b0       __imp_GetConsoleOutputCP   00000001400223b0     kernel32:KERNEL32.dll
 0004:000023b8       __imp_WriteConsoleW        00000001400223b8     kernel32:KERNEL32.dll
 0004:000023c0       __imp_IsDBCSLeadByteEx     00000001400223c0     kernel32:KERNEL32.dll
 0004:000023c8       __imp_SetStdHandle         00000001400223c8     kernel32:KERNEL32.dll
 0004:000023d0       __imp_GetConsoleMode       00000001400223d0     kernel32:KERNEL32.dll
 0004:000023d8       __imp_SetFilePointerEx     00000001400223d8     kernel32:KERNEL32.dll
 0004:000023e0       __imp_DeleteFileA          00000001400223e0     kernel32:KERNEL32.dll
 0004:000023e8       KERNEL32_NULL_THUNK_DATA  00000001400223e8     kernel32:KERNEL32.dll
 0004:000023f0       __imp_GetWindowPlacement   00000001400223f0     user32:USER32.dll
 0004:000023f8       __imp_GetWindowRect        00000001400223f8     user32:USER32.dll
 0004:00002400       __imp_GetMenuItemInfoW     0000000140022400     user32:USER32.dll
 0004:00002408       __imp_SetMenuItemInfoW     0000000140022408     user32:USER32.dll
 0004:00002410       __imp_MessageBoxIndirectW  0000000140022410     user32:USER32.dll
 0004:00002418       __imp_SendMessageW         0000000140022418     user32:USER32.dll
 0004:00002420       __imp_InvalidateRect       0000000140022420     user32:USER32.dll
 0004:00002428       __imp_wsprintfW            0000000140022428     user32:USER32.dll
 0004:00002430       __imp_GetClientRect        0000000140022430     user32:USER32.dll
 0004:00002438       __imp_CreateWindowExW      0000000140022438     user32:USER32.dll
 0004:00002440       __imp_OpenClipboard        0000000140022440     user32:USER32.dll
 0004:00002448       __imp_EmptyClipboard       0000000140022448     user32:USER32.dll
 0004:00002450       __imp_SetClipboardData     0000000140022450     user32:USER32.dll
 0004:00002458       __imp_CloseClipboard       0000000140022458     user32:USER32.dll
 0004:00002460       __imp_MoveWindow           0000000140022460     user32:USER32.dll
 0004:00002468       __imp_GetWindowTextLengthW 0000000140022468     user32:USER32.dll
 0004:00002470       __imp_CharLowerW           0000000140022470     user32:USER32.dll
 0004:00002478       __imp_CharUpperW           0000000140022478     user32:USER32.dll
 0004:00002480       __imp_GetSysColor          0000000140022480     user32:USER32.dll
 0004:00002488       __imp_SetFocus             0000000140022488     user32:USER32.dll
 0004:00002490       __imp_CopyRect             0000000140022490     user32:USER32.dll
 0004:00002498       __imp_GetClassLongW        0000000140022498     user32:USER32.dll
 0004:000024a0       __imp_SetClassLongW        00000001400224a0     user32:USER32.dll
 0004:000024a8       __imp_SetWindowLongPtrW    00000001400224a8     user32:USER32.dll
 0004:000024b0       __imp_DestroyWindow        00000001400224b0     user32:USER32.dll
 0004:000024b8       __imp_SetWindowTextW       00000001400224b8     user32:USER32.dll
 0004:000024c0       __imp_CreateCaret          00000001400224c0     user32:USER32.dll
 0004:000024c8       __imp_ShowCaret            00000001400224c8     user32:USER32.dll
 0004:000024d0       __imp_GetDC                00000001400224d0     user32:USER32.dll
 0004:000024d8       __imp_LoadStringW          00000001400224d8     user32:USER32.dll
 0004:000024e0       __imp_GetWindowLongW       00000001400224e0     user32:USER32.dll
 0004:000024e8       __imp_SetWindowLongW       00000001400224e8     user32:USER32.dll
 0004:000024f0       __imp_LoadIconW            00000001400224f0     user32:USER32.dll
 0004:000024f8       __imp_LoadCursorW          00000001400224f8     user32:USER32.dll
 0004:00002500       __imp_RegisterClassExW     0000000140022500     user32:USER32.dll
 0004:00002508       __imp_GetSystemMetrics     0000000140022508     user32:USER32.dll
 0004:00002510       __imp_ShowWindow           0000000140022510     user32:USER32.dll
 0004:00002518       __imp_UpdateWindow         0000000140022518     user32:USER32.dll
 0004:00002520       __imp_LoadAcceleratorsW    0000000140022520     user32:USER32.dll
 0004:00002528       __imp_GetMenu              0000000140022528     user32:USER32.dll
 0004:00002530       __imp_GetSubMenu           0000000140022530     user32:USER32.dll
 0004:00002538       __imp_RedrawWindow         0000000140022538     user32:USER32.dll
 0004:00002540       __imp_TranslateAcceleratorW 0000000140022540     user32:USER32.dll
 0004:00002548       __imp_TranslateMessage     0000000140022548     user32:USER32.dll
 0004:00002550       __imp_DispatchMessageW     0000000140022550     user32:USER32.dll
 0004:00002558       __imp_GetMessageW          0000000140022558     user32:USER32.dll
 0004:00002560       __imp_CallWindowProcW      0000000140022560     user32:USER32.dll
 0004:00002568       __imp_DestroyCaret         0000000140022568     user32:USER32.dll
 0004:00002570       __imp_GetCursorPos         0000000140022570     user32:USER32.dll
 0004:00002578       __imp_TrackPopupMenuEx     0000000140022578     user32:USER32.dll
 0004:00002580       __imp_DestroyMenu          0000000140022580     user32:USER32.dll
 0004:00002588       __imp_LoadMenuW            0000000140022588     user32:USER32.dll
 0004:00002590       __imp_EnableMenuItem       0000000140022590     user32:USER32.dll
 0004:00002598       __imp_EndDialog            0000000140022598     user32:USER32.dll
 0004:000025a0       __imp_GetDlgItem           00000001400225a0     user32:USER32.dll
 0004:000025a8       __imp_SetDlgItemInt        00000001400225a8     user32:USER32.dll
 0004:000025b0       __imp_GetDlgItemInt        00000001400225b0     user32:USER32.dll
 0004:000025b8       __imp_GetDlgItemTextW      00000001400225b8     user32:USER32.dll
 0004:000025c0       __imp_IsDlgButtonChecked   00000001400225c0     user32:USER32.dll
 0004:000025c8       __imp_CheckDlgButton       00000001400225c8     user32:USER32.dll
 0004:000025d0       __imp_SetDlgItemTextW      00000001400225d0     user32:USER32.dll
 0004:000025d8       __imp_PostQuitMessage      00000001400225d8     user32:USER32.dll
 0004:000025e0       __imp_DefWindowProcW       00000001400225e0     user32:USER32.dll
 0004:000025e8       __imp_CheckMenuItem        00000001400225e8     user32:USER32.dll
 0004:000025f0       __imp_DialogBoxParamW      00000001400225f0     user32:USER32.dll
 0004:000025f8       __imp_EnableWindow         00000001400225f8     user32:USER32.dll
 0004:00002600       __imp_ShowCursor           0000000140022600     user32:USER32.dll
 0004:00002608       __imp_CheckMenuRadioItem   0000000140022608     user32:USER32.dll
 0004:00002610       USER32_NULL_THUNK_DATA    0000000140022610     user32:USER32.dll
 0004:00002618       __imp_CreateFontIndirectW  0000000140022618     gdi32:GDI32.dll
 0004:00002620       __imp_StartDocW            0000000140022620     gdi32:GDI32.dll
 0004:00002628       __imp_DeleteDC             0000000140022628     gdi32:GDI32.dll
 0004:00002630       __imp_GetDeviceCaps        0000000140022630     gdi32:GDI32.dll
 0004:00002638       __imp_CreateFontW          0000000140022638     gdi32:GDI32.dll
 0004:00002640       __imp_SelectObject         0000000140022640     gdi32:GDI32.dll
 0004:00002648       __imp_StartPage            0000000140022648     gdi32:GDI32.dll
 0004:00002650       __imp_SetTextColor         0000000140022650     gdi32:GDI32.dll
 0004:00002658       __imp_TextOutW             0000000140022658     gdi32:GDI32.dll
 0004:00002660       __imp_EndPage              0000000140022660     gdi32:GDI32.dll
 0004:00002668       __imp_EndDoc               0000000140022668     gdi32:GDI32.dll
 0004:00002670       __imp_AbortDoc             0000000140022670     gdi32:GDI32.dll
 0004:00002678       __imp_DeleteObject         0000000140022678     gdi32:GDI32.dll
 0004:00002680       __imp_GetStockObject       0000000140022680     gdi32:GDI32.dll
 0004:00002688       GDI32_NULL_THUNK_DATA     0000000140022688     gdi32:GDI32.dll
 0004:00002690       __imp_CreateStatusWindowW  0000000140022690     comctl32:COMCTL32.dll
 0004:00002698       __imp_InitCommonControls   0000000140022698     comctl32:COMCTL32.dll
 0004:000026a0       __imp_ImageList_Destroy    00000001400226a0     comctl32:COMCTL32.dll
 0004:000026a8       __imp_ImageList_Create     00000001400226a8     comctl32:COMCTL32.dll
 0004:000026b0       __imp_ImageList_ReplaceIcon 00000001400226b0     comctl32:COMCTL32.dll
 0004:000026b8       COMCTL32_NULL_THUNK_DATA  00000001400226b8     comctl32:COMCTL32.dll
 0004:000026c0       __imp_ChooseColorW         00000001400226c0     comdlg32:COMDLG32.dll
 0004:000026c8       __imp_PrintDlgW            00000001400226c8     comdlg32:COMDLG32.dll
 0004:000026d0       __imp_ChooseFontW          00000001400226d0     comdlg32:COMDLG32.dll
 0004:000026d8       __imp_GetOpenFileNameW     00000001400226d8     comdlg32:COMDLG32.dll
 0004:000026e0       __imp_GetSaveFileNameW     00000001400226e0     comdlg32:COMDLG32.dll
 0004:000026e8       COMDLG32_NULL_THUNK_DATA  00000001400226e8     comdlg32:COMDLG32.dll
 0004:000026f0       __imp_IsTextUnicode        00000001400226f0     advapi32:ADVAPI32.dll
 0004:000026f8       __imp_RegOpenKeyExW        00000001400226f8     advapi32:ADVAPI32.dll
 0004:00002700       __imp_RegQueryValueExW     0000000140022700     advapi32:ADVAPI32.dll
 0004:00002708       __imp_RegCloseKey          0000000140022708     advapi32:ADVAPI32.dll
 0004:00002710       ADVAPI32_NULL_THUNK_DATA  0000000140022710     advapi32:ADVAPI32.dll
 0004:00002718       __imp_DragAcceptFiles      0000000140022718     shell32:SHELL32.dll
 0004:00002720       __imp_DragQueryFileW       0000000140022720     shell32:SHELL32.dll
 0004:00002728       __imp_DragFinish           0000000140022728     shell32:SHELL32.dll
 0004:00002730       __imp_SHAddToRecentDocs    0000000140022730     shell32:SHELL32.dll
 0004:00002738       __imp_SHFindFiles          0000000140022738     shell32:SHELL32.dll
 0004:00002740       __imp_SHObjectProperties   0000000140022740     shell32:SHELL32.dll
 0004:00002748       SHELL32_NULL_THUNK_DATA   0000000140022748     shell32:SHELL32.dll
 0004:00002750       __imp_RunFileDlg           0000000140022750     shell32x:shell32.dll
 0004:00002758       shell32_NULL_THUNK_DATA   0000000140022758     shell32x:shell32.dll
 0004:00002760       __imp_PathQuoteSpacesW     0000000140022760     shlwapi:SHLWAPI.dll
 0004:00002768       SHLWAPI_NULL_THUNK_DATA   0000000140022768     shlwapi:SHLWAPI.dll
 0004:00005260       g_lock                     0000000140025260     <common>
 0004:000052a0       g_outw_buf                 00000001400252a0     <common>
 0004:000052c0       g_hInst                    00000001400252c0     <common>
 0004:000052e0       g_hDll                     00000001400252e0     <common>
 0004:00005300       g_hIcon                    0000000140025300     <common>
 0004:00005320       g_hSmallIcon               0000000140025320     <common>
 0004:00005340       g_hIml                     0000000140025340     <common>
 0004:00005360       g_szinifile                0000000140025360     <common>
 0004:00005780       g_hFont                    0000000140025780     <common>
 0004:000057a0       g_bwrap                    00000001400257a0     <common>
 0004:000057c0       g_hAccel                   00000001400257c0     <common>
 0004:000057e0       g_hMain                    00000001400257e0     <common>
 0004:00005800       g_hMainmenu                0000000140025800     <common>
 0004:00005820       g_hFilemenu                0000000140025820     <common>
 0004:00005840       g_hEditmenu                0000000140025840     <common>
 0004:00005860       g_hToolsmenu               0000000140025860     <common>
 0004:00005880       g_sztextbuf                0000000140025880     <common>
 0004:00005c80       g_hTab                     0000000140025c80     <common>
 0004:00005ca0       g_szbuf                    0000000140025ca0     <common>
 0004:000060c0       tab_data                   00000001400260c0     <common>
 0004:0000dd00       g_curtab                   000000014002dd00     <common>
 0004:0000dd20       g_converting               000000014002dd20     <common>
 0004:0000dd40       g_tab_old_proc             000000014002dd40     <common>
 0004:0000dd60       g_rich_old_proc            000000014002dd60     <common>
 0004:0000dd80       g_fontheight               000000014002dd80     <common>
 0004:0000dda0       g_outw_old_proc            000000014002dda0     <common>
 0004:0000ddc0       g_bcase                    000000014002ddc0     <common>
 0004:0000dde0       g_bwhole                   000000014002dde0     <common>
 0004:0000de00       g_ball                     000000014002de00     <common>
 0004:0000de20       g_szrepbuf                 000000014002de20     <common>
 0004:0000e220       g_hStatus                  000000014002e220     <common>
 0004:0000e240       g_bom_written              000000014002e240     <common>
 0004:0000e260       g_hRich                    000000014002e260     <common>
 0004:0000e280       __crtheapsize              000000014002e280     <common>
 0004:0000e2a0       __sigtab                   000000014002e2a0     <common>
 0004:0000e400       __malloc_hiword            000000014002e400     <common>
 0004:0000e420       __malloc_mem               000000014002e420     <common>
 0004:0000e440       __malloc_loword            000000014002e440     <common>
 0004:0000e460       __malloc_lastbin           000000014002e460     <common>
 0004:0000e480       __malloc_rovers            000000014002e480     <common>
 0004:0000e4e0       __malloc_firstbin          000000014002e4e0     <common>
 0004:0000e500       __argc                     000000014002e500     <common>
 0004:0000e520       __argv                     000000014002e520     <common>
 0004:0000e540       __envp                     000000014002e540     <common>
 0004:0000e560       __crtheap                  000000014002e560     <common>
 0004:0000e580       __iotab                    000000014002e580     <common>
 0004:0000e980       __original_stderr_osfhnd   000000014002e980     <common>
 0004:0000e9a0       __iolim                    000000014002e9a0     <common>
 0004:0000e9c0       __atfuncs                  000000014002e9c0     <common>
 0004:0000ec40       __atcount0                 000000014002ec40     <common>

 entry point at        0001:00010120

 Static symbols

 0001:00002685       _StringLengthWorkerW       0000000140003685 f   misc.obj
 0001:0000271e       _StringValidateDestW       000000014000371e f   misc.obj
 0001:00002761       _StringValidateDestAndLengthW 0000000140003761 f   misc.obj
 0001:000027ce       _StringCopyWorkerW         00000001400037ce f   misc.obj
 0001:0000289d       StringCchCatW              000000014000389d f   misc.obj
 0001:00002fa6       _StringLengthWorkerW       0000000140003fa6 f   pathutils.obj
 0001:0000304a       _StringValidateDestW       000000014000404a f   pathutils.obj
 0001:0000308d       _StringValidateDestAndLengthW 000000014000408d f   pathutils.obj
 0001:000030fa       _StringCopyWorkerW         00000001400040fa f   pathutils.obj
 0001:000031c9       StringCchCopyNW            00000001400041c9 f   pathutils.obj
 0001:00003277       StringCchCatW              0000000140004277 f   pathutils.obj
 0001:00006030       _StringValidateDestW       0000000140007030 f   rich.obj
 0001:00006073       _StringVPrintfWorkerW      0000000140007073 f   rich.obj
 0001:0000617e       StringCchPrintfW           000000014000717e f   rich.obj
 0001:0000f3a8       _StringLengthWorkerW       00000001400103a8 f   textedit.obj
 0001:0000f44c       _StringValidateDestW       000000014001044c f   textedit.obj
 0001:0000f48f       _StringValidateDestAndLengthW 000000014001048f f   textedit.obj
 0001:0000f4fc       _StringCopyWorkerW         00000001400104fc f   textedit.obj
 0001:0000f5cb       _StringVPrintfWorkerW      00000001400105cb f   textedit.obj
 0001:0000f6d6       StringCchCopyW             00000001400106d6 f   textedit.obj
 0001:0000f758       StringCchCatW              0000000140010758 f   textedit.obj
 0001:0000f7d5       StringCchPrintfW           00000001400107d5 f   textedit.obj
 0001:0000fc10       prout                      0000000140010c10 f   crtmt64:vsnwprintf.obj
 0001:0000ff90       _threadstart               0000000140010f90 f   crtmt64:thread.obj
 0001:0000ffe0       _threadstart@filt@1        0000000140010fe0 f   crtmt64:thread.obj
 0001:00010230       WinMainCRTStartup@filt@1   0000000140011230 f   crtmt64:_wincrt0.obj
 0001:00010a80       grabhunk                   0000000140011a80 f   crtmt64:malloc.obj
 0001:00011160       malloc@term@1              0000000140012160 f   crtmt64:malloc.obj
 0001:00011580       free@term@1                0000000140012580 f   crtmt64:free.obj
 0001:00011730       thread_reuse_add           0000000140012730 f   crtmt64:_thrdnew.obj
 0001:000117a0       thread_reuse_remove        00000001400127a0 f   crtmt64:_thrdnew.obj
 0001:00011d20       scale_count                0000000140012d20 f   crtmt64:clock.obj
 0001:00012070       parse_cmdline              0000000140013070 f   crtmt64:_setargv.obj
 0001:000124b0       exit@term@1                00000001400134b0 f   crtmt64:exit.obj
 0001:000132a0       ctrlevent_capture          00000001400142a0 f   crtmt64:signal.obj
 0001:00013780       lock                       0000000140014780 f   crtmt64:_mtxlock.obj
 0001:00013880       trylock                    0000000140014880 f   crtmt64:_mtxlock.obj
 0001:00013910       unlock                     0000000140014910 f   crtmt64:_mtxlock.obj
 0001:00016470       write_txt_ansi             0000000140017470 f   crtmt64:write.obj
 0001:000165d0       write_txt_utf16            00000001400175d0 f   crtmt64:write.obj
 0001:00016750       write_txt_utf8             0000000140017750 f   crtmt64:write.obj
 0001:00016920       write_bin                  0000000140017920 f   crtmt64:write.obj
 0001:00016c20       _write@term@1              0000000140017c20 f   crtmt64:write.obj
 0001:00016c40       closeall                   0000000140017c40 f   crtmt64:fclose.obj
 0001:00016cc0       __init_closeall@term@1     0000000140017cc0 f   crtmt64:fclose.obj
 0001:00016ce0       _mt_fclose                 0000000140017ce0 f   crtmt64:fclose.obj
 0001:00016e50       fclose@term@1              0000000140017e50 f   crtmt64:fclose.obj
 0001:00017310       lock_ioinfo                0000000140018310 f   crtmt64:_osfinfo.obj
 0001:00017360       unlock_ioinfo              0000000140018360 f   crtmt64:_osfinfo.obj
