 textedit.exe

 Timestamp is 5f46ce02 (Thu Aug 27 00:02:58 2020)

 Preferred load address is 0000000140000000

 Start         Length     Name                   Class
 0001:00000000 00018c8dH .text                   CODE
 0002:00000000 00000f00H .pdata                  DATA
 0003:00000000 00000e3cH .xdata                  DATA
 0003:00000e40 000036b8H .rdata                  DATA
 0004:00000000 00001a08H .data                   DATA
 0004:00001a08 000000b4H .idata$2                DATA
 0004:00001abc 00000014H .idata$3                DATA
 0004:00001ad0 00000680H .idata$4                DATA
 0004:00002150 00000680H .idata$5                DATA
 0004:000027d0 00000d82H .idata$6                DATA
 0004:00003560 0000b808H .bss                    DATA
 0005:00000000 00008bc8H .rsrc                   DATA
 0006:00000000 000004e8H .reloc                  DATA

  Address         Publics by Value              Rva+Base             Lib:Object

 0001:00000000       LoadFontFromInifile        0000000140001000 f   config.obj
 0001:00000065       SaveWindowPosition         0000000140001065 f   config.obj
 0001:00000122       LoadWindowPosition         0000000140001122 f   config.obj
 0001:0000015e       SaveDlgPosition            000000014000115e f   config.obj
 0001:000001b2       LoadDlgPosition            00000001400011b2 f   config.obj
 0001:00000200       ENC_CheckBOM               0000000140001200 f   encoding.obj
 0001:00000314       ENC_IsUTF8                 0000000140001314 f   encoding.obj
 0001:000005c3       ENC_IsUNICODE              00000001400015c3 f   encoding.obj
 0001:0000065e       ENC_CheckEncoding          000000014000165e f   encoding.obj
 0001:00000740       ENC_FileCheckEncoding      0000000140001740 f   encoding.obj
 0001:000008d5       ENC_EncTypeToStr           00000001400018d5 f   encoding.obj
 0001:0000090b       ENC_ChangeEndian           000000014000190b f   encoding.obj
 0001:0000097c       Utf32Get                   000000014000197c f   encoding.obj
 0001:00000a36       Utf8Put                    0000000140001a36 f   encoding.obj
 0001:00000c34       Utf32Bom                   0000000140001c34 f   encoding.obj
 0001:00000d14       ENC_Utf32Utf8_LE           0000000140001d14 f   encoding.obj
 0001:00000e41       ENC_Utf32Utf8_BE           0000000140001e41 f   encoding.obj
 0001:00000f6e       ENC_Uint32_to_BE           0000000140001f6e f   encoding.obj
 0001:00000fb3       ENC_CheckUtf32_LE          0000000140001fb3 f   encoding.obj
 0001:0000108a       ENC_CheckUtf32_BE          000000014000208a f   encoding.obj
 0001:00001170       alloc_and_zero_mem         0000000140002170 f   mem.obj
 0001:000011c4       free_mem                   00000001400021c4 f   mem.obj
 0001:00001210       SetMenuItemText            0000000140002210 f   menus.obj
 0001:000012bf       GetMenuItemText            00000001400022bf f   menus.obj
 0001:000013a0       ShowMessage                00000001400023a0 f   misc.obj
 0001:00001519       BeginDraw                  0000000140002519 f   misc.obj
 0001:00001543       EndDraw                    0000000140002543 f   misc.obj
 0001:00001583       undiv                      0000000140002583 f   misc.obj
 0001:000015b9       untoa                      00000001400025b9 f   misc.obj
 0001:0000167b       intoa                      000000014000267b f   misc.obj
 0001:000016d9       topxy                      00000001400026d9 f   misc.obj
 0001:000016f3       Parse_OUT_Buf              00000001400026f3 f   misc.obj
 0001:0000183f       Parse_OUT_Buf_Proc         000000014000283f f   misc.obj
 0001:00001881       HexDump                    0000000140002881 f   misc.obj
 0001:00001ab1       HexDumpProc                0000000140002ab1 f   misc.obj
 0001:00001ae4       PB_NewProgressBar          0000000140002ae4 f   misc.obj
 0001:00001b98       ExecAndCapture             0000000140002b98 f   misc.obj
 0001:000020a4       SimpleExec                 00000001400030a4 f   misc.obj
 0001:00002174       GetDefaultBrowser          0000000140003174 f   misc.obj
 0001:00002496       CopyListToClipboard        0000000140003496 f   misc.obj
 0001:0000267d       CenterDlg                  000000014000367d f   misc.obj
 0001:00002725       IsThereAnotherInstance     0000000140003725 f   misc.obj
 0001:00002a00       FILE_CommandLineToArgv     0000000140003a00 f   pathutils.obj
 0001:00002c5f       FILE_Extract_ext           0000000140003c5f f   pathutils.obj
 0001:00002cca       FILE_Extract_path          0000000140003cca f   pathutils.obj
 0001:00002d7d       FILE_Extract_full_fname    0000000140003d7d f   pathutils.obj
 0001:00002ded       FILE_Extract_filename      0000000140003ded f   pathutils.obj
 0001:00002ec9       FILE_FileExists            0000000140003ec9 f   pathutils.obj
 0001:00002f1a       FILE_GetFileSize           0000000140003f1a f   pathutils.obj
 0001:00002fb1       FILE_MakeFullIniFname      0000000140003fb1 f   pathutils.obj
 0001:000033e0       Rich_GetCaretPos           00000001400043e0 f   rich.obj
 0001:0000346c       Rich_GetModified           000000014000446c f   rich.obj
 0001:00003498       Rich_CanUndo               0000000140004498 f   rich.obj
 0001:000034c4       Rich_CanPaste              00000001400044c4 f   rich.obj
 0001:000034f0       Rich_SetModified           00000001400044f0 f   rich.obj
 0001:0000351d       Rich_ConvertCase           000000014000451d f   rich.obj
 0001:000035f8       Rich_ConvertTabsToSpaces   00000001400045f8 f   rich.obj
 0001:0000367e       Rich_SetBGColor            000000014000467e f   rich.obj
 0001:00003943       Rich_SetFGColor            0000000140004943 f   rich.obj
 0001:00003c7c       Rich_FindNext              0000000140004c7c f   rich.obj
 0001:00003d6e       Rich_TabReplace            0000000140004d6e f   rich.obj
 0001:00003e2f       Rich_GotoLine              0000000140004e2f f   rich.obj
 0001:00003e97       Rich_FindReplaceText       0000000140004e97 f   rich.obj
 0001:00004145       Rich_GetLineCount          0000000140005145 f   rich.obj
 0001:00004171       Rich_GetCrtLine            0000000140005171 f   rich.obj
 0001:000041ba       Rich_GetSelText            00000001400051ba f   rich.obj
 0001:00004251       Rich_GetSelLen             0000000140005251 f   rich.obj
 0001:00004285       Rich_Print                 0000000140005285 f   rich.obj
 0001:0000504d       Rich_NewRichedit           000000014000604d f   rich.obj
 0001:00005450       Rich_Streamin              0000000140006450 f   rich.obj
 0001:000055d7       Rich_SelStreamin           00000001400065d7 f   rich.obj
 0001:00005749       Rich_Streamout             0000000140006749 f   rich.obj
 0001:000058b9       Rich_SelStreamout          00000001400068b9 f   rich.obj
 0001:00005a28       Rich_SetFontNoCF           0000000140006a28 f   rich.obj
 0001:00005a56       Rich_SetFont               0000000140006a56 f   rich.obj
 0001:00005c77       Rich_ToggleSelBar          0000000140006c77 f   rich.obj
 0001:00005e7e       Rich_WordWrap              0000000140006e7e f   rich.obj
 0001:00005ed8       Rich_SaveSelandcurpos      0000000140006ed8 f   rich.obj
 0001:00005f40       Rich_RestoreSelandcurpos   0000000140006f40 f   rich.obj
 0001:00005fa8       Rich_CreateShowCaret       0000000140006fa8 f   rich.obj
 0001:00005fec       Rich_GetFontHeight         0000000140006fec f   rich.obj
 0001:000060ae       Rich_ClearText             00000001400070ae f   rich.obj
 0001:00006300       SB_MakeStatusBar           0000000140007300 f   sbar.obj
 0001:000063e4       SB_MenuHelp                00000001400073e4 f   sbar.obj
 0001:0000649e       SB_StatusResizePanels      000000014000749e f   sbar.obj
 0001:00006595       SB_StatusSetSimple         0000000140007595 f   sbar.obj
 0001:000065c2       SB_StatusSetText           00000001400075c2 f   sbar.obj
 0001:00006600       Tab_NewTab                 0000000140007600 f   tabs.obj
 0001:00006763       Tab_NewTabPage             0000000140007763 f   tabs.obj
 0001:000067bc       Tab_DeletePage             00000001400077bc f   tabs.obj
 0001:000067eb       Tab_GetCurSel              00000001400077eb f   tabs.obj
 0001:00006817       Tab_SetCurSel              0000000140007817 f   tabs.obj
 0001:00006846       Tab_GetCurFocus            0000000140007846 f   tabs.obj
 0001:00006872       Tab_SetCurFocus            0000000140007872 f   tabs.obj
 0001:000068a1       Tab_GetCount               00000001400078a1 f   tabs.obj
 0001:000068cd       Tab_SetText                00000001400078cd f   tabs.obj
 0001:00006926       Tab_SetPadding             0000000140007926 f   tabs.obj
 0001:00006971       Tab_SetImageList           0000000140007971 f   tabs.obj
 0001:0000699f       Tab_SetImg                 000000014000799f f   tabs.obj
 0001:000069f0       WinMain                    00000001400079f0 f   textedit.obj
 0001:000071c9       TabSubclassProc            00000001400081c9 f   textedit.obj
 0001:000072af       RichSubclassProc           00000001400082af f   textedit.obj
 0001:00007524       OutwSubclassProc           0000000140008524 f   textedit.obj
 0001:000076f5       DLG_AboutDlgProc           00000001400086f5 f   textedit.obj
 0001:00007793       DLG_TabsDlgProc            0000000140008793 f   textedit.obj
 0001:000078dd       DLG_FindDlgProc            00000001400088dd f   textedit.obj
 0001:00007c3a       DLG_GotoDlgProc            0000000140008c3a f   textedit.obj
 0001:00007e30       DLG_EXTToolDlgProc         0000000140008e30 f   textedit.obj
 0001:00008660       DLG_OUTviewDlgProc         0000000140009660 f   textedit.obj
 0001:00008891       WndProc                    0000000140009891 f   textedit.obj
 0001:00008ad7       UpdateMenuStatus           0000000140009ad7 f   textedit.obj
 0001:00008f47       DLG_OpenDlg                0000000140009f47 f   textedit.obj
 0001:00009199       DLG_SaveDlg                000000014000a199 f   textedit.obj
 0001:0000958d       STR_StreamInProc           000000014000a58d f   textedit.obj
 0001:0000a0de       STR_StreamOutProc          000000014000b0de f   textedit.obj
 0001:0000a950       Prompt_to_save             000000014000b950 f   textedit.obj
 0001:0000aa12       UpdateTitlebar             000000014000ba12 f   textedit.obj
 0001:0000aa77       Menu_WipeClipboard         000000014000ba77 f   textedit.obj
 0001:0000aab4       Menu_NewInstance           000000014000bab4 f   textedit.obj
 0001:0000aafe       Menu_MergeFile             000000014000bafe f   textedit.obj
 0001:0000acb9       Menu_SaveSelection         000000014000bcb9 f   textedit.obj
 0001:0000ad40       CvtTabsProc                000000014000bd40 f   textedit.obj
 0001:0000adeb       ExpandMacro                000000014000bdeb f   textedit.obj
 0001:0000b0af       DLG_OutputWnd              000000014000c0af f   textedit.obj
 0001:0000b0e7       Menu_HexView               000000014000c0e7 f   textedit.obj
 0001:0000b1e7       DLG_HEXViewDlgProc         000000014000c1e7 f   textedit.obj
 0001:0000b409       Menu_RefreshFromDisk       000000014000c409 f   textedit.obj
 0001:0000b6b0       ConvertTabsToSpaces        000000014000c6b0 f   textedit.obj
 0001:0000b7dd       EnableMenus                000000014000c7dd f   textedit.obj
 0001:0000bd3e       Menu_Save                  000000014000cd3e f   textedit.obj
 0001:0000c0b9       Menu_Saveas                000000014000d0b9 f   textedit.obj
 0001:0000c171       Menu_New                   000000014000d171 f   textedit.obj
 0001:0000c4ba       Menu_ToggleMargin          000000014000d4ba f   textedit.obj
 0001:0000ca0f       Menu_Find                  000000014000da0f f   textedit.obj
 0001:0000cbc5       Menu_ConvertTabs           000000014000dbc5 f   textedit.obj
 0001:0000cc9f       Menu_SetFont               000000014000dc9f f   textedit.obj
 0001:0000cee8       Menu_Print                 000000014000dee8 f   textedit.obj
 0001:0000d07c       Menu_SetFGColor            000000014000e07c f   textedit.obj
 0001:0000d28e       Menu_SetBGColor            000000014000e28e f   textedit.obj
 0001:0000d362       UpdateEncodingMenus        000000014000e362 f   textedit.obj
 0001:0000d40c       TD_UpdateTabDataEntry      000000014000e40c f   textedit.obj
 0001:0000d774       TD_RebuildTabData          000000014000e774 f   textedit.obj
 0001:0000d89e       UpdateCaretPos             000000014000e89e f   textedit.obj
 0001:0000d932       Menu_WWrap                 000000014000e932 f   textedit.obj
 0001:0000da96       UpdateModifiedStatus       000000014000ea96 f   textedit.obj
 0001:0000dbba       UpdateEncodingStatus       000000014000ebba f   textedit.obj
 0001:0000dd12       Menu_Open                  000000014000ed12 f   textedit.obj
 0001:0000de63       Menu_Quit                  000000014000ee63 f   textedit.obj
 0001:0000de92       QuitSaveCheck              000000014000ee92 f   textedit.obj
 0001:0000df43       RemoveTab                  000000014000ef43 f   textedit.obj
 0001:0000e12b       MainWND_OnDropFiles        000000014000f12b f   textedit.obj
 0001:0000e414       MainWND_OnNotify           000000014000f414 f   textedit.obj
 0001:0000e613       MainWND_OnCreate           000000014000f613 f   textedit.obj
 0001:0000e823       MainWND_OnSize             000000014000f823 f   textedit.obj
 0001:0000e95f       MainWND_OnInitMenuPopup    000000014000f95f f   textedit.obj
 0001:0000e9cf       MainWND_OnCommand          000000014000f9cf f   textedit.obj
 0001:0000f28e       OpenFileListFromCMDL       000000014001028e f   textedit.obj
 0001:0000f587       OpenFileListFromOFD        0000000140010587 f   textedit.obj
 0001:0000f970       CycleTabs                  0000000140010970 f   textedit.obj
 0001:0000fb1b       InitImgList                0000000140010b1b f   textedit.obj
 0001:0000fbe4       Menu_Ontop                 0000000140010be4 f   textedit.obj
 0001:0000fd3c       MainWND_OnCopyData         0000000140010d3c f   textedit.obj
 0001:00010464       RunFileDlg                 0000000140011464     shell32x:shell32.dll
 0001:00010470       memcmp                     0000000140011470 f   crtmt64:memcmp.obj
 0001:00010540       __C_specific_handler       0000000140011540 f   crtmt64:_ehandler.obj
 0001:000106c0       memset                     00000001400116c0 f   crtmt64:memset.obj
 0001:000107b0       ldiv                       00000001400117b0 f   crtmt64:ldiv.obj
 0001:000107d0       isprint                    00000001400117d0 f   crtmt64:isprint.obj
 0001:00010830       _vsnwprintf                0000000140011830 f   crtmt64:vsnwprintf.obj
 0001:00010890       memcpy                     0000000140011890 f   crtmt64:memcpy.obj
 0001:00010890       memmove                    0000000140011890     crtmt64:memcpy.obj
 0001:00010bf0       _beginthread               0000000140011bf0 f   crtmt64:thread.obj
 0001:00010cb0       _endthread                 0000000140011cb0 f   crtmt64:thread.obj
 0001:00010d10       WinMainCRTStartup          0000000140011d10 f   crtmt64:_wincrt0.obj
 0001:00010e40       __crt_abort                0000000140011e40 f   crtmt64:_crtabort.obj
 0001:00010f90       __mtinit                   0000000140011f90 f   crtmt64:_tidtable.obj
 0001:00011000       __mtterm                   0000000140012000 f   crtmt64:_tidtable.obj
 0001:00011070       __init_mtd                 0000000140012070 f   crtmt64:_tidtable.obj
 0001:00011100       __get_mtd                  0000000140012100 f   crtmt64:_tidtable.obj
 0001:00011180       __free_mtd                 0000000140012180 f   crtmt64:_tidtable.obj
 0001:00011270       __wprintf                  0000000140012270 f   crtmt64:_wprintf.obj
 0001:000115f0       __xcptfilter               00000001400125f0 f   crtmt64:_xcptfilter.obj
 0001:00011950       __sheap_alloc              0000000140012950 f   crtmt64:malloc.obj
 0001:00011cd0       malloc                     0000000140012cd0 f   crtmt64:malloc.obj
 0001:00011d70       __sheap_free               0000000140012d70 f   crtmt64:free.obj
 0001:00012110       free                       0000000140013110 f   crtmt64:free.obj
 0001:00012190       __maposerr                 0000000140013190 f   crtmt64:_maperr.obj
 0001:000122b0       __errno                    00000001400132b0 f   crtmt64:_maperr.obj
 0001:000122d0       __thrd_free_reuse          00000001400132d0 f   crtmt64:_thrdnew.obj
 0001:00012410       __thrd_new                 0000000140013410 f   crtmt64:_thrdnew.obj
 0001:000124f0       __thrd_free                00000001400134f0 f   crtmt64:_thrdnew.obj
 0001:00012560       __thrd_detach              0000000140013560 f   crtmt64:_thrdnew.obj
 0001:000125c0       __bheapinit                00000001400135c0 f   crtmt64:_bigheap.obj
 0001:000125f0       __bheapterm                00000001400135f0 f   crtmt64:_bigheap.obj
 0001:00012620       __bheap_aligned_alloc      0000000140013620 f   crtmt64:_bigheap.obj
 0001:00012690       __bheap_aligned_realloc    0000000140013690 f   crtmt64:_bigheap.obj
 0001:00012790       __bheap_alloc              0000000140013790 f   crtmt64:_bigheap.obj
 0001:000127a0       __bheap_realloc            00000001400137a0 f   crtmt64:_bigheap.obj
 0001:000127b0       __bheap_free               00000001400137b0 f   crtmt64:_bigheap.obj
 0001:000127d0       __bheap_size               00000001400137d0 f   crtmt64:_bigheap.obj
 0001:00012810       __bheap_validate           0000000140013810 f   crtmt64:_bigheap.obj
 0001:00012850       __features                 0000000140013850 f   crtmt64:features.obj
 0001:00012950       __clockinit                0000000140013950 f   crtmt64:clock.obj
 0001:000129b0       clock                      00000001400139b0 f   crtmt64:clock.obj
 0001:00012a00       __ioinit                   0000000140013a00 f   crtmt64:_ioinit.obj
 0001:00012b60       __ioterm                   0000000140013b60 f   crtmt64:_ioinit.obj
 0001:00012bf0       __new_iotab                0000000140013bf0 f   crtmt64:_ioinit.obj
 0001:00012e10       __setargv                  0000000140013e10 f   crtmt64:_setargv.obj
 0001:00012ed0       __setenvp                  0000000140013ed0 f   crtmt64:_setenvp.obj
 0001:00012fd0       __wincmdln                 0000000140013fd0 f   crtmt64:_wincmdln.obj
 0001:00013020       exit                       0000000140014020 f   crtmt64:exit.obj
 0001:000130c0       __mtinitlocks              00000001400140c0 f   crtmt64:_mtlock.obj
 0001:00013110       __mttermlocks              0000000140014110 f   crtmt64:_mtlock.obj
 0001:000131b0       __mtlock                   00000001400141b0 f   crtmt64:_mtlock.obj
 0001:00013240       __mtunlock                 0000000140014240 f   crtmt64:_mtlock.obj
 0001:00013260       __mtlock_stream            0000000140014260 f   crtmt64:_mtlock.obj
 0001:00013290       __mtunlock_stream          0000000140014290 f   crtmt64:_mtlock.obj
 0001:000132c0       __mt_fputs                 00000001400142c0 f   crtmt64:fputs.obj
 0001:00013300       fputs                      0000000140014300 f   crtmt64:fputs.obj
 0001:00013350       _Exit                      0000000140014350 f   crtmt64:_exit.obj
 0001:00013360       ignore_handler_s           0000000140014360 f   crtmt64:constraint_handler_s.obj
 0001:00013370       set_constraint_handler_s   0000000140014370 f   crtmt64:constraint_handler_s.obj
 0001:000133a0       _crt_constraint            00000001400143a0 f   crtmt64:constraint_handler_s.obj
 0001:000133d0       _strdup                    00000001400143d0 f   crtmt64:strdup.obj
 0001:00013430       strdup                     0000000140014430 f   crtmt64:strdup.obj
 0001:00013440       __get_c_locale             0000000140014440 f   crtmt64:_clocale.obj
 0001:00013530       wcscspn                    0000000140014530 f   crtmt64:wcscspn.obj
 0001:00013580       __iswctype                 0000000140014580 f   crtmt64:_iswctype.obj
 0001:00013600       __wputfield                0000000140014600 f   crtmt64:_wputfield.obj
 0001:00013c30       __wputtxt                  0000000140014c30 f   crtmt64:_wputtxt.obj
 0001:00013ee0       signal                     0000000140014ee0 f   crtmt64:signal.obj
 0001:00013ff0       __getmem                   0000000140014ff0 f   crtmt64:_getmem.obj
 0001:000140c0       __mtx_init                 00000001400150c0 f   crtmt64:_mtxinit.obj
 0001:00014160       __mtx_destroy              0000000140015160 f   crtmt64:_mtxinit.obj
 0001:00014210       calloc                     0000000140015210 f   crtmt64:calloc.obj
 0001:00014270       __tss_user_destructors     0000000140015270 f   crtmt64:_tss_dtors.obj
 0001:000145a0       __mtx_lock                 00000001400155a0 f   crtmt64:_mtxlock.obj
 0001:000145b0       __mtx_timedlock            00000001400155b0 f   crtmt64:_mtxlock.obj
 0001:000145d0       __mtx_trylock              00000001400155d0 f   crtmt64:_mtxlock.obj
 0001:000145e0       __mtx_unlock               00000001400155e0 f   crtmt64:_mtxlock.obj
 0001:000145f0       __set_default_crt_heap_size 00000001400155f0 f   crtmt64:_dflheap.obj
 0001:00014600       __ioexport                 0000000140015600 f   crtmt64:_ioxfer.obj
 0001:00014710       __ioimport                 0000000140015710 f   crtmt64:_ioxfer.obj
 0001:000147f0       __mt_fputc                 00000001400157f0 f   crtmt64:fputc.obj
 0001:00014860       fputc                      0000000140015860 f   crtmt64:fputc.obj
 0001:00014890       __buf_stream               0000000140015890 f   crtmt64:_stbuf.obj
 0001:00014940       __unbuf_stream             0000000140015940 f   crtmt64:_stbuf.obj
 0001:000149a0       __strerror                 00000001400159a0 f   crtmt64:_strerror.obj
 0001:00014ca0       __btowc                    0000000140015ca0 f   crtmt64:_btowc.obj
 0001:00014cf0       __wlitob                   0000000140015cf0 f   crtmt64:_wlitob.obj
 0001:00014e70       __fptestl                  0000000140015e70 f   crtmt64:_fptestl.obj
 0001:00014e80       __wldtob                   0000000140015e80 f   crtmt64:_wldtob.obj
 0001:00015610       wmemchr                    0000000140016610 f   crtmt64:wmemchr.obj
 0001:00015630       __wputstr                  0000000140016630 f   crtmt64:_wputstr.obj
 0001:000157a0       __oshnd_wait               00000001400167a0 f   crtmt64:_thrdwait.obj
 0001:000157d0       __thrd_wait                00000001400167d0 f   crtmt64:_thrdwait.obj
 0001:000157e0       __thrd_timedwait           00000001400167e0 f   crtmt64:_thrdwait.obj
 0001:000157f0       __thrd_sleep               00000001400167f0 f   crtmt64:_thrdwait.obj
 0001:00015800       __tss_init                 0000000140016800 f   crtmt64:_tss.obj
 0001:00015830       __tss_free                 0000000140016830 f   crtmt64:_tss.obj
 0001:00015850       __tss_get                  0000000140016850 f   crtmt64:_tss.obj
 0001:00015860       __tss_set                  0000000140016860 f   crtmt64:_tss.obj
 0001:00015880       __thrd_key_create          0000000140016880 f   crtmt64:_thrdkey.obj
 0001:00015900       __thrd_key_destroy         0000000140016900 f   crtmt64:_thrdkey.obj
 0001:00015970       thrd_current               0000000140016970 f   crtmt64:thrd_current.obj
 0001:000159e0       thrd_equal                 00000001400169e0 f   crtmt64:thrd_equal.obj
 0001:00015a00       __fflush                   0000000140016a00 f   crtmt64:_fflush.obj
 0001:00015b30       __fwrite                   0000000140016b30 f   crtmt64:_fwrite.obj
 0001:00015c40       _fileno                    0000000140016c40 f   crtmt64:fileno.obj
 0001:00015c50       _isatty                    0000000140016c50 f   crtmt64:isatty.obj
 0001:00015c80       __mbtowc                   0000000140016c80 f   crtmt64:_mbtowc.obj
 0001:00015fb0       __fptest                   0000000140016fb0 f   crtmt64:_fptest.obj
 0001:00016030       __fpunscalel               0000000140017030 f   crtmt64:_fpunscalel.obj
 0001:00016040       __fpscalel                 0000000140017040 f   crtmt64:_fpscalel.obj
 0001:00016050       __wgenld                   0000000140017050 f   crtmt64:_wgenld.obj
 0001:00016500       __fpgetwl                  0000000140017500 f   crtmt64:_fpxprecl.obj
 0001:00016590       __fpsetwl                  0000000140017590 f   crtmt64:_fpxprecl.obj
 0001:000166c0       __fpaddhl                  00000001400176c0 f   crtmt64:_fpxprecl.obj
 0001:00016ab0       __fpmulhl                  0000000140017ab0 f   crtmt64:_fpxprecl.obj
 0001:00016ca0       __fpsetnl                  0000000140017ca0 f   crtmt64:_fpxprecl.obj
 0001:00016cc0       __fpmovxl                  0000000140017cc0 f   crtmt64:_fpxprecl.obj
 0001:00016ce0       __fpaddxl                  0000000140017ce0 f   crtmt64:_fpxprecl.obj
 0001:00016d40       __fpsubxl                  0000000140017d40 f   crtmt64:_fpxprecl.obj
 0001:00016db0       __fpldexpxl                0000000140017db0 f   crtmt64:_fpxprecl.obj
 0001:00016e10       __fpmulxl                  0000000140017e10 f   crtmt64:_fpxprecl.obj
 0001:00016f10       __fpinvxl                  0000000140017f10 f   crtmt64:_fpxprecl.obj
 0001:00017580       __mt_write                 0000000140018580 f   crtmt64:write.obj
 0001:00017750       _write                     0000000140018750 f   crtmt64:write.obj
 0001:00017870       __init_closeall            0000000140018870 f   crtmt64:fclose.obj
 0001:00017a10       fclose                     0000000140018a10 f   crtmt64:fclose.obj
 0001:00017a60       ___mbtowc                  0000000140018a60 f   crtmt64:__mbtowc.obj
 0001:00017b10       __fpunscale                0000000140018b10 f   crtmt64:_fpunscale.obj
 0001:00017bb0       __fpscale                  0000000140018bb0 f   crtmt64:_fpscale.obj
 0001:00017db0       __fpintl                   0000000140018db0 f   crtmt64:_fpintl.obj
 0001:00017dc0       __feraise                  0000000140018dc0 f   crtmt64:_feraise.obj
 0001:00017e00       ldexpl                     0000000140018e00 f   crtmt64:ldexpl.obj
 0001:00017f60       __new_osfhnd               0000000140018f60 f   crtmt64:_osfinfo.obj
 0001:00018060       __free_osfhnd              0000000140019060 f   crtmt64:_osfinfo.obj
 0001:00018110       __set_osfhnd               0000000140019110 f   crtmt64:_osfinfo.obj
 0001:000181b0       __get_osfhnd               00000001400191b0 f   crtmt64:_osfinfo.obj
 0001:000181d0       __is_unicode_osfhnd        00000001400191d0 f   crtmt64:_osfinfo.obj
 0001:00018210       __is_console_osfhnd        0000000140019210 f   crtmt64:_osfinfo.obj
 0001:00018260       _get_osfhandle             0000000140019260 f   crtmt64:_osfinfo.obj
 0001:000182c0       _open_osfhandle            00000001400192c0 f   crtmt64:_osfinfo.obj
 0001:000183f0       __lock_osfhnd              00000001400193f0 f   crtmt64:_osfinfo.obj
 0001:00018420       __unlock_osfhnd            0000000140019420 f   crtmt64:_osfinfo.obj
 0001:00018450       __cp_to_cp                 0000000140019450 f   crtmt64:_cp2cp.obj
 0001:00018560       __mt_lseek64               0000000140019560 f   crtmt64:lseek64.obj
 0001:000185f0       _lseek64                   00000001400195f0 f   crtmt64:lseek64.obj
 0001:00018660       _Atexit                    0000000140019660 f   crtmt64:_atexit.obj
 0001:00018690       __mt_close                 0000000140019690 f   crtmt64:close.obj
 0001:00018730       _close                     0000000140019730 f   crtmt64:close.obj
 0001:00018790       remove                     0000000140019790 f   crtmt64:remove.obj
 0001:000187a0       __fpnorm                   00000001400197a0 f   crtmt64:_fpnorm.obj
 0001:00018910       __fpint                    0000000140019910 f   crtmt64:_fpint.obj
 0001:00018a60       feraiseexcept              0000000140019a60 f   crtmt64:feraiseexcept.obj
 0001:00018ad0       _matherr                   0000000140019ad0 f   crtmt64:_matherr.obj
 0001:00018ae0       abort                      0000000140019ae0 f   crtmt64:abort.obj
 0001:00018b00       _unlink                    0000000140019b00 f   crtmt64:unlink.obj
 0001:00018b30       raise                      0000000140019b30 f   crtmt64:raise.obj
 0003:00000ff0       Alphabet                   000000014001bff0     misc.obj
 0003:00004020       __c_times                  000000014001f020     crtmt64:_tinfo.obj
 0003:00004310       __inf                      000000014001f310     crtmt64:_values.obj
 0003:00004318       __nan                      000000014001f318     crtmt64:_values.obj
 0003:00004320       __eps                      000000014001f320     crtmt64:_values.obj
 0003:00004328       __rteps                    000000014001f328     crtmt64:_values.obj
 0003:00004330       __xbig                     000000014001f330     crtmt64:_values.obj
 0003:00004338       __zero                     000000014001f338     crtmt64:_values.obj
 0003:00004340       __llongmax                 000000014001f340     crtmt64:_values.obj
 0003:00004350       __negmask                  000000014001f350     crtmt64:_values.obj
 0003:00004360       __absmask                  000000014001f360     crtmt64:_values.obj
 0003:00004390       __infl                     000000014001f390     crtmt64:_lvalues.obj
 0003:00004398       __nanl                     000000014001f398     crtmt64:_lvalues.obj
 0003:000043a0       __epsl                     000000014001f3a0     crtmt64:_lvalues.obj
 0003:000043a8       __rtepsl                   000000014001f3a8     crtmt64:_lvalues.obj
 0003:000043b0       __xbigl                    000000014001f3b0     crtmt64:_lvalues.obj
 0003:000043b8       __zerol                    000000014001f3b8     crtmt64:_lvalues.obj
 0003:000044f8       __xi_a                     000000014001f4f8     crtmt64:_initex.obj
 0003:000044f8       __xi_z                     000000014001f4f8     crtmt64:_initex.obj
 0003:000044f8       __xt_a                     000000014001f4f8     crtmt64:_initex.obj
 0003:000044f8       __xt_z                     000000014001f4f8     crtmt64:_initex.obj
 0004:00000000       UTF_16_BE_BOM              0000000140020000     encoding.obj
 0004:00000008       UTF_16_LE_BOM              0000000140020008     encoding.obj
 0004:00000010       UTF_8_BOM                  0000000140020010     encoding.obj
 0004:00000018       UTF_32_BE_BOM              0000000140020018     encoding.obj
 0004:00000020       UTF_32_LE_BOM              0000000140020020     encoding.obj
 0004:00000090       opn_filter                 0000000140020090     misc.obj
 0004:00000098       opn_title                  0000000140020098     misc.obj
 0004:000000a0       sav_title                  00000001400200a0     misc.obj
 0004:000000a8       opn_defext                 00000001400200a8     misc.obj
 0004:000000b0       app_classname              00000001400200b0     misc.obj
 0004:000000b8       app_classname2             00000001400200b8     misc.obj
 0004:000000c0       app_title                  00000001400200c0     misc.obj
 0004:000000d0       g_bmargin                  00000001400200d0     textedit.obj
 0004:000000d4       g_bprompt                  00000001400200d4     textedit.obj
 0004:000000d8       g_bfwd                     00000001400200d8     textedit.obj
 0004:000000dc       g_bmenu_needs_update       00000001400200dc     textedit.obj
 0004:000000e0       g_dwtabsize                00000001400200e0     textedit.obj
 0004:000000e4       g_fencoding                00000001400200e4     textedit.obj
 0004:000000f0       __tlsidx                   00000001400200f0     crtmt64:_tidtable.obj
 0004:00000110       __bheap_threshold          0000000140020110     crtmt64:_crt0dat.obj
 0004:00000120       __feature_mask             0000000140020120     crtmt64:features.obj
 0004:00000140       __atcount                  0000000140020140     crtmt64:exit.obj
 0004:00000150       __stdin                    0000000140020150     crtmt64:_files.obj
 0004:000001d0       __stdout                   00000001400201d0     crtmt64:_files.obj
 0004:00000250       __stderr                   0000000140020250     crtmt64:_files.obj
 0004:000002d0       __filetab                  00000001400202d0     crtmt64:_files.obj
 0004:00001340       __c_locale                 0000000140021340     crtmt64:_clocale.obj
 0004:000016a0       __mbcurmax                 00000001400216a0     crtmt64:_state.obj
 0004:000016a8       __collatetab               00000001400216a8     crtmt64:_state.obj
 0004:00001728       __wcollatetab              0000000140021728     crtmt64:_state.obj
 0004:000017a8       __mbtowctab                00000001400217a8     crtmt64:_state.obj
 0004:00001828       __wctombtab                0000000140021828     crtmt64:_state.obj
 0004:000018b0       __ctypetab                 00000001400218b0     crtmt64:_ctypetab.obj
 0004:000018c0       __tolowertab               00000001400218c0     crtmt64:_tolowertab.obj
 0004:000018d0       __touppertab               00000001400218d0     crtmt64:_touppertab.obj
 0004:000018e0       __wctranstab               00000001400218e0     crtmt64:_wctranstab.obj
 0004:000018f0       __wctypetab                00000001400218f0     crtmt64:_wctypetab.obj
 0004:00001900       __locale                   0000000140021900     crtmt64:localeconv.obj
 0004:00001960       __times                    0000000140021960     crtmt64:_tinfo.obj
 0004:00001a08       __IMPORT_DESCRIPTOR_KERNEL32 0000000140021a08     kernel32:KERNEL32.dll
 0004:00001a1c       __IMPORT_DESCRIPTOR_USER32 0000000140021a1c     user32:USER32.dll
 0004:00001a30       __IMPORT_DESCRIPTOR_GDI32  0000000140021a30     gdi32:GDI32.dll
 0004:00001a44       __IMPORT_DESCRIPTOR_COMCTL32 0000000140021a44     comctl32:COMCTL32.dll
 0004:00001a58       __IMPORT_DESCRIPTOR_COMDLG32 0000000140021a58     comdlg32:COMDLG32.dll
 0004:00001a6c       __IMPORT_DESCRIPTOR_ADVAPI32 0000000140021a6c     advapi32:ADVAPI32.dll
 0004:00001a80       __IMPORT_DESCRIPTOR_SHELL32 0000000140021a80     shell32:SHELL32.dll
 0004:00001a94       __IMPORT_DESCRIPTOR_shell32 0000000140021a94     shell32x:shell32.dll
 0004:00001aa8       __IMPORT_DESCRIPTOR_SHLWAPI 0000000140021aa8     shlwapi:SHLWAPI.dll
 0004:00001abc       __NULL_IMPORT_DESCRIPTOR   0000000140021abc     kernel32:KERNEL32.dll
 0004:00002150       __imp_GetPrivateProfileStructW 0000000140022150     kernel32:KERNEL32.dll
 0004:00002158       __imp_WritePrivateProfileStringW 0000000140022158     kernel32:KERNEL32.dll
 0004:00002160       __imp_WritePrivateProfileStructW 0000000140022160     kernel32:KERNEL32.dll
 0004:00002168       __imp_CreateFileW          0000000140022168     kernel32:KERNEL32.dll
 0004:00002170       __imp_CreateFileMappingW   0000000140022170     kernel32:KERNEL32.dll
 0004:00002178       __imp_GetLastError         0000000140022178     kernel32:KERNEL32.dll
 0004:00002180       __imp_MapViewOfFile        0000000140022180     kernel32:KERNEL32.dll
 0004:00002188       __imp_GetFileSize          0000000140022188     kernel32:KERNEL32.dll
 0004:00002190       __imp_UnmapViewOfFile      0000000140022190     kernel32:KERNEL32.dll
 0004:00002198       __imp_CloseHandle          0000000140022198     kernel32:KERNEL32.dll
 0004:000021a0       __imp_LocalAlloc           00000001400221a0     kernel32:KERNEL32.dll
 0004:000021a8       __imp_LocalFree            00000001400221a8     kernel32:KERNEL32.dll
 0004:000021b0       __imp_GetModuleFileNameW   00000001400221b0     kernel32:KERNEL32.dll
 0004:000021b8       __imp_lstrlenW             00000001400221b8     kernel32:KERNEL32.dll
 0004:000021c0       __imp_GetModuleHandleW     00000001400221c0     kernel32:KERNEL32.dll
 0004:000021c8       __imp_CreatePipe           00000001400221c8     kernel32:KERNEL32.dll
 0004:000021d0       __imp_GetCurrentProcess    00000001400221d0     kernel32:KERNEL32.dll
 0004:000021d8       __imp_DuplicateHandle      00000001400221d8     kernel32:KERNEL32.dll
 0004:000021e0       __imp_CreateProcessW       00000001400221e0     kernel32:KERNEL32.dll
 0004:000021e8       __imp_ReadFile             00000001400221e8     kernel32:KERNEL32.dll
 0004:000021f0       __imp_MultiByteToWideChar  00000001400221f0     kernel32:KERNEL32.dll
 0004:000021f8       __imp_VerSetConditionMask  00000001400221f8     kernel32:KERNEL32.dll
 0004:00002200       __imp_VerifyVersionInfoW   0000000140022200     kernel32:KERNEL32.dll
 0004:00002208       __imp_GlobalAlloc          0000000140022208     kernel32:KERNEL32.dll
 0004:00002210       __imp_GlobalLock           0000000140022210     kernel32:KERNEL32.dll
 0004:00002218       __imp_GlobalUnlock         0000000140022218     kernel32:KERNEL32.dll
 0004:00002220       __imp_GlobalFree           0000000140022220     kernel32:KERNEL32.dll
 0004:00002228       __imp_lstrcpynW            0000000140022228     kernel32:KERNEL32.dll
 0004:00002230       __imp_FindFirstFileW       0000000140022230     kernel32:KERNEL32.dll
 0004:00002238       __imp_FindClose            0000000140022238     kernel32:KERNEL32.dll
 0004:00002240       __imp_MulDiv               0000000140022240     kernel32:KERNEL32.dll
 0004:00002248       __imp_InitializeCriticalSection 0000000140022248     kernel32:KERNEL32.dll
 0004:00002250       __imp_LoadLibraryW         0000000140022250     kernel32:KERNEL32.dll
 0004:00002258       __imp_GetPrivateProfileIntW 0000000140022258     kernel32:KERNEL32.dll
 0004:00002260       __imp_GetCommandLineW      0000000140022260     kernel32:KERNEL32.dll
 0004:00002268       __imp_FreeLibrary          0000000140022268     kernel32:KERNEL32.dll
 0004:00002270       __imp_DeleteCriticalSection 0000000140022270     kernel32:KERNEL32.dll
 0004:00002278       __imp_GetPrivateProfileStringW 0000000140022278     kernel32:KERNEL32.dll
 0004:00002280       __imp_lstrcmpW             0000000140022280     kernel32:KERNEL32.dll
 0004:00002288       __imp_WriteFile            0000000140022288     kernel32:KERNEL32.dll
 0004:00002290       __imp_GetACP               0000000140022290     kernel32:KERNEL32.dll
 0004:00002298       __imp_WideCharToMultiByte  0000000140022298     kernel32:KERNEL32.dll
 0004:000022a0       __imp_EnterCriticalSection 00000001400222a0     kernel32:KERNEL32.dll
 0004:000022a8       __imp_LeaveCriticalSection 00000001400222a8     kernel32:KERNEL32.dll
 0004:000022b0       __imp_RtlUnwindEx          00000001400222b0     kernel32:KERNEL32.dll
 0004:000022b8       __imp_TlsSetValue          00000001400222b8     kernel32:KERNEL32.dll
 0004:000022c0       __imp_CreateThread         00000001400222c0     kernel32:KERNEL32.dll
 0004:000022c8       __imp_ResumeThread         00000001400222c8     kernel32:KERNEL32.dll
 0004:000022d0       __imp_ExitThread           00000001400222d0     kernel32:KERNEL32.dll
 0004:000022d8       __imp_GetStartupInfoA      00000001400222d8     kernel32:KERNEL32.dll
 0004:000022e0       __imp_GetModuleHandleA     00000001400222e0     kernel32:KERNEL32.dll
 0004:000022e8       __imp_IsDebuggerPresent    00000001400222e8     kernel32:KERNEL32.dll
 0004:000022f0       __imp_OutputDebugStringA   00000001400222f0     kernel32:KERNEL32.dll
 0004:000022f8       __imp_TlsAlloc             00000001400222f8     kernel32:KERNEL32.dll
 0004:00002300       __imp_GetCurrentThreadId   0000000140022300     kernel32:KERNEL32.dll
 0004:00002308       __imp_TlsGetValue          0000000140022308     kernel32:KERNEL32.dll
 0004:00002310       __imp_TlsFree              0000000140022310     kernel32:KERNEL32.dll
 0004:00002318       __imp_SetLastError         0000000140022318     kernel32:KERNEL32.dll
 0004:00002320       __imp_UnhandledExceptionFilter 0000000140022320     kernel32:KERNEL32.dll
 0004:00002328       __imp_HeapCreate           0000000140022328     kernel32:KERNEL32.dll
 0004:00002330       __imp_HeapDestroy          0000000140022330     kernel32:KERNEL32.dll
 0004:00002338       __imp_HeapAlloc            0000000140022338     kernel32:KERNEL32.dll
 0004:00002340       __imp_HeapReAlloc          0000000140022340     kernel32:KERNEL32.dll
 0004:00002348       __imp_HeapFree             0000000140022348     kernel32:KERNEL32.dll
 0004:00002350       __imp_HeapSize             0000000140022350     kernel32:KERNEL32.dll
 0004:00002358       __imp_HeapValidate         0000000140022358     kernel32:KERNEL32.dll
 0004:00002360       __imp_QueryPerformanceFrequency 0000000140022360     kernel32:KERNEL32.dll
 0004:00002368       __imp_QueryPerformanceCounter 0000000140022368     kernel32:KERNEL32.dll
 0004:00002370       __imp_GetStartupInfoW      0000000140022370     kernel32:KERNEL32.dll
 0004:00002378       __imp_GetStdHandle         0000000140022378     kernel32:KERNEL32.dll
 0004:00002380       __imp_GetFileType          0000000140022380     kernel32:KERNEL32.dll
 0004:00002388       __imp_GetCommandLineA      0000000140022388     kernel32:KERNEL32.dll
 0004:00002390       __imp_GetModuleFileNameA   0000000140022390     kernel32:KERNEL32.dll
 0004:00002398       __imp_GetEnvironmentStrings 0000000140022398     kernel32:KERNEL32.dll
 0004:000023a0       __imp_FreeEnvironmentStringsA 00000001400223a0     kernel32:KERNEL32.dll
 0004:000023a8       __imp_ExitProcess          00000001400223a8     kernel32:KERNEL32.dll
 0004:000023b0       __imp_SetConsoleCtrlHandler 00000001400223b0     kernel32:KERNEL32.dll
 0004:000023b8       __imp_VirtualAlloc         00000001400223b8     kernel32:KERNEL32.dll
 0004:000023c0       __imp_VirtualQuery         00000001400223c0     kernel32:KERNEL32.dll
 0004:000023c8       __imp_CreateEventW         00000001400223c8     kernel32:KERNEL32.dll
 0004:000023d0       __imp_SetEvent             00000001400223d0     kernel32:KERNEL32.dll
 0004:000023d8       __imp_WaitForSingleObject  00000001400223d8     kernel32:KERNEL32.dll
 0004:000023e0       __imp_Sleep                00000001400223e0     kernel32:KERNEL32.dll
 0004:000023e8       __imp_GetConsoleOutputCP   00000001400223e8     kernel32:KERNEL32.dll
 0004:000023f0       __imp_WriteConsoleW        00000001400223f0     kernel32:KERNEL32.dll
 0004:000023f8       __imp_IsDBCSLeadByteEx     00000001400223f8     kernel32:KERNEL32.dll
 0004:00002400       __imp_SetStdHandle         0000000140022400     kernel32:KERNEL32.dll
 0004:00002408       __imp_GetConsoleMode       0000000140022408     kernel32:KERNEL32.dll
 0004:00002410       __imp_SetFilePointerEx     0000000140022410     kernel32:KERNEL32.dll
 0004:00002418       __imp_DeleteFileA          0000000140022418     kernel32:KERNEL32.dll
 0004:00002420       KERNEL32_NULL_THUNK_DATA  0000000140022420     kernel32:KERNEL32.dll
 0004:00002428       __imp_GetWindowPlacement   0000000140022428     user32:USER32.dll
 0004:00002430       __imp_GetWindowRect        0000000140022430     user32:USER32.dll
 0004:00002438       __imp_GetMenuItemInfoW     0000000140022438     user32:USER32.dll
 0004:00002440       __imp_SetMenuItemInfoW     0000000140022440     user32:USER32.dll
 0004:00002448       __imp_MessageBoxIndirectW  0000000140022448     user32:USER32.dll
 0004:00002450       __imp_SendMessageW         0000000140022450     user32:USER32.dll
 0004:00002458       __imp_InvalidateRect       0000000140022458     user32:USER32.dll
 0004:00002460       __imp_wsprintfW            0000000140022460     user32:USER32.dll
 0004:00002468       __imp_GetClientRect        0000000140022468     user32:USER32.dll
 0004:00002470       __imp_CreateWindowExW      0000000140022470     user32:USER32.dll
 0004:00002478       __imp_OpenClipboard        0000000140022478     user32:USER32.dll
 0004:00002480       __imp_EmptyClipboard       0000000140022480     user32:USER32.dll
 0004:00002488       __imp_SetClipboardData     0000000140022488     user32:USER32.dll
 0004:00002490       __imp_CloseClipboard       0000000140022490     user32:USER32.dll
 0004:00002498       __imp_MoveWindow           0000000140022498     user32:USER32.dll
 0004:000024a0       __imp_FindWindowW          00000001400224a0     user32:USER32.dll
 0004:000024a8       __imp_GetWindowTextLengthW 00000001400224a8     user32:USER32.dll
 0004:000024b0       __imp_CharLowerW           00000001400224b0     user32:USER32.dll
 0004:000024b8       __imp_CharUpperW           00000001400224b8     user32:USER32.dll
 0004:000024c0       __imp_GetSysColor          00000001400224c0     user32:USER32.dll
 0004:000024c8       __imp_SetFocus             00000001400224c8     user32:USER32.dll
 0004:000024d0       __imp_CopyRect             00000001400224d0     user32:USER32.dll
 0004:000024d8       __imp_GetClassLongW        00000001400224d8     user32:USER32.dll
 0004:000024e0       __imp_SetClassLongW        00000001400224e0     user32:USER32.dll
 0004:000024e8       __imp_SetWindowLongPtrW    00000001400224e8     user32:USER32.dll
 0004:000024f0       __imp_DestroyWindow        00000001400224f0     user32:USER32.dll
 0004:000024f8       __imp_SetWindowTextW       00000001400224f8     user32:USER32.dll
 0004:00002500       __imp_CreateCaret          0000000140022500     user32:USER32.dll
 0004:00002508       __imp_ShowCaret            0000000140022508     user32:USER32.dll
 0004:00002510       __imp_GetDC                0000000140022510     user32:USER32.dll
 0004:00002518       __imp_LoadStringW          0000000140022518     user32:USER32.dll
 0004:00002520       __imp_GetWindowLongW       0000000140022520     user32:USER32.dll
 0004:00002528       __imp_SetWindowLongW       0000000140022528     user32:USER32.dll
 0004:00002530       __imp_LoadIconW            0000000140022530     user32:USER32.dll
 0004:00002538       __imp_LoadCursorW          0000000140022538     user32:USER32.dll
 0004:00002540       __imp_RegisterClassExW     0000000140022540     user32:USER32.dll
 0004:00002548       __imp_GetSystemMetrics     0000000140022548     user32:USER32.dll
 0004:00002550       __imp_SetWindowPos         0000000140022550     user32:USER32.dll
 0004:00002558       __imp_ShowWindow           0000000140022558     user32:USER32.dll
 0004:00002560       __imp_UpdateWindow         0000000140022560     user32:USER32.dll
 0004:00002568       __imp_LoadAcceleratorsW    0000000140022568     user32:USER32.dll
 0004:00002570       __imp_GetMenu              0000000140022570     user32:USER32.dll
 0004:00002578       __imp_GetSubMenu           0000000140022578     user32:USER32.dll
 0004:00002580       __imp_RedrawWindow         0000000140022580     user32:USER32.dll
 0004:00002588       __imp_TranslateAcceleratorW 0000000140022588     user32:USER32.dll
 0004:00002590       __imp_TranslateMessage     0000000140022590     user32:USER32.dll
 0004:00002598       __imp_DispatchMessageW     0000000140022598     user32:USER32.dll
 0004:000025a0       __imp_GetMessageW          00000001400225a0     user32:USER32.dll
 0004:000025a8       __imp_CallWindowProcW      00000001400225a8     user32:USER32.dll
 0004:000025b0       __imp_DestroyCaret         00000001400225b0     user32:USER32.dll
 0004:000025b8       __imp_GetCursorPos         00000001400225b8     user32:USER32.dll
 0004:000025c0       __imp_TrackPopupMenuEx     00000001400225c0     user32:USER32.dll
 0004:000025c8       __imp_DestroyMenu          00000001400225c8     user32:USER32.dll
 0004:000025d0       __imp_LoadMenuW            00000001400225d0     user32:USER32.dll
 0004:000025d8       __imp_EnableMenuItem       00000001400225d8     user32:USER32.dll
 0004:000025e0       __imp_EndDialog            00000001400225e0     user32:USER32.dll
 0004:000025e8       __imp_GetDlgItem           00000001400225e8     user32:USER32.dll
 0004:000025f0       __imp_SetDlgItemInt        00000001400225f0     user32:USER32.dll
 0004:000025f8       __imp_GetDlgItemInt        00000001400225f8     user32:USER32.dll
 0004:00002600       __imp_GetDlgItemTextW      0000000140022600     user32:USER32.dll
 0004:00002608       __imp_IsDlgButtonChecked   0000000140022608     user32:USER32.dll
 0004:00002610       __imp_CheckDlgButton       0000000140022610     user32:USER32.dll
 0004:00002618       __imp_SetDlgItemTextW      0000000140022618     user32:USER32.dll
 0004:00002620       __imp_SendDlgItemMessageW  0000000140022620     user32:USER32.dll
 0004:00002628       __imp_PostQuitMessage      0000000140022628     user32:USER32.dll
 0004:00002630       __imp_DefWindowProcW       0000000140022630     user32:USER32.dll
 0004:00002638       __imp_CheckMenuItem        0000000140022638     user32:USER32.dll
 0004:00002640       __imp_DialogBoxParamW      0000000140022640     user32:USER32.dll
 0004:00002648       __imp_EnableWindow         0000000140022648     user32:USER32.dll
 0004:00002650       __imp_ShowCursor           0000000140022650     user32:USER32.dll
 0004:00002658       __imp_CheckMenuRadioItem   0000000140022658     user32:USER32.dll
 0004:00002660       __imp_GetWindowLongPtrW    0000000140022660     user32:USER32.dll
 0004:00002668       __imp_IsIconic             0000000140022668     user32:USER32.dll
 0004:00002670       USER32_NULL_THUNK_DATA    0000000140022670     user32:USER32.dll
 0004:00002678       __imp_CreateFontIndirectW  0000000140022678     gdi32:GDI32.dll
 0004:00002680       __imp_StartDocW            0000000140022680     gdi32:GDI32.dll
 0004:00002688       __imp_DeleteDC             0000000140022688     gdi32:GDI32.dll
 0004:00002690       __imp_GetDeviceCaps        0000000140022690     gdi32:GDI32.dll
 0004:00002698       __imp_CreateFontW          0000000140022698     gdi32:GDI32.dll
 0004:000026a0       __imp_SelectObject         00000001400226a0     gdi32:GDI32.dll
 0004:000026a8       __imp_StartPage            00000001400226a8     gdi32:GDI32.dll
 0004:000026b0       __imp_SetTextColor         00000001400226b0     gdi32:GDI32.dll
 0004:000026b8       __imp_TextOutW             00000001400226b8     gdi32:GDI32.dll
 0004:000026c0       __imp_EndPage              00000001400226c0     gdi32:GDI32.dll
 0004:000026c8       __imp_EndDoc               00000001400226c8     gdi32:GDI32.dll
 0004:000026d0       __imp_AbortDoc             00000001400226d0     gdi32:GDI32.dll
 0004:000026d8       __imp_DeleteObject         00000001400226d8     gdi32:GDI32.dll
 0004:000026e0       __imp_GetStockObject       00000001400226e0     gdi32:GDI32.dll
 0004:000026e8       GDI32_NULL_THUNK_DATA     00000001400226e8     gdi32:GDI32.dll
 0004:000026f0       __imp_CreateStatusWindowW  00000001400226f0     comctl32:COMCTL32.dll
 0004:000026f8       __imp_InitCommonControls   00000001400226f8     comctl32:COMCTL32.dll
 0004:00002700       __imp_ImageList_Destroy    0000000140022700     comctl32:COMCTL32.dll
 0004:00002708       __imp_ImageList_Create     0000000140022708     comctl32:COMCTL32.dll
 0004:00002710       __imp_ImageList_ReplaceIcon 0000000140022710     comctl32:COMCTL32.dll
 0004:00002718       COMCTL32_NULL_THUNK_DATA  0000000140022718     comctl32:COMCTL32.dll
 0004:00002720       __imp_ChooseColorW         0000000140022720     comdlg32:COMDLG32.dll
 0004:00002728       __imp_PrintDlgW            0000000140022728     comdlg32:COMDLG32.dll
 0004:00002730       __imp_ChooseFontW          0000000140022730     comdlg32:COMDLG32.dll
 0004:00002738       __imp_GetOpenFileNameW     0000000140022738     comdlg32:COMDLG32.dll
 0004:00002740       __imp_GetSaveFileNameW     0000000140022740     comdlg32:COMDLG32.dll
 0004:00002748       COMDLG32_NULL_THUNK_DATA  0000000140022748     comdlg32:COMDLG32.dll
 0004:00002750       __imp_IsTextUnicode        0000000140022750     advapi32:ADVAPI32.dll
 0004:00002758       __imp_RegOpenKeyExW        0000000140022758     advapi32:ADVAPI32.dll
 0004:00002760       __imp_RegQueryValueExW     0000000140022760     advapi32:ADVAPI32.dll
 0004:00002768       __imp_RegCloseKey          0000000140022768     advapi32:ADVAPI32.dll
 0004:00002770       ADVAPI32_NULL_THUNK_DATA  0000000140022770     advapi32:ADVAPI32.dll
 0004:00002778       __imp_DragAcceptFiles      0000000140022778     shell32:SHELL32.dll
 0004:00002780       __imp_DragQueryFileW       0000000140022780     shell32:SHELL32.dll
 0004:00002788       __imp_DragFinish           0000000140022788     shell32:SHELL32.dll
 0004:00002790       __imp_SHAddToRecentDocs    0000000140022790     shell32:SHELL32.dll
 0004:00002798       __imp_SHFindFiles          0000000140022798     shell32:SHELL32.dll
 0004:000027a0       __imp_SHObjectProperties   00000001400227a0     shell32:SHELL32.dll
 0004:000027a8       SHELL32_NULL_THUNK_DATA   00000001400227a8     shell32:SHELL32.dll
 0004:000027b0       __imp_RunFileDlg           00000001400227b0     shell32x:shell32.dll
 0004:000027b8       shell32_NULL_THUNK_DATA   00000001400227b8     shell32x:shell32.dll
 0004:000027c0       __imp_PathQuoteSpacesW     00000001400227c0     shlwapi:SHLWAPI.dll
 0004:000027c8       SHLWAPI_NULL_THUNK_DATA   00000001400227c8     shlwapi:SHLWAPI.dll
 0004:00005320       g_lock                     0000000140025320     <common>
 0004:00005360       g_outw_buf                 0000000140025360     <common>
 0004:00005380       g_hInst                    0000000140025380     <common>
 0004:000053a0       g_hDll                     00000001400253a0     <common>
 0004:000053c0       g_bnot_alone               00000001400253c0     <common>
 0004:000053e0       g_hIcon                    00000001400253e0     <common>
 0004:00005400       g_hSmallIcon               0000000140025400     <common>
 0004:00005420       g_hIml                     0000000140025420     <common>
 0004:00005440       g_szinifile                0000000140025440     <common>
 0004:00005860       g_hFont                    0000000140025860     <common>
 0004:00005880       g_bwrap                    0000000140025880     <common>
 0004:000058a0       g_bontop                   00000001400258a0     <common>
 0004:000058c0       g_hAccel                   00000001400258c0     <common>
 0004:000058e0       g_hMain                    00000001400258e0     <common>
 0004:00005900       g_hMainmenu                0000000140025900     <common>
 0004:00005920       g_hFilemenu                0000000140025920     <common>
 0004:00005940       g_hEditmenu                0000000140025940     <common>
 0004:00005960       g_hToolsmenu               0000000140025960     <common>
 0004:00005980       g_hViewmenu                0000000140025980     <common>
 0004:000059a0       g_sztextbuf                00000001400259a0     <common>
 0004:00005da0       g_hTab                     0000000140025da0     <common>
 0004:00005dc0       g_szbuf                    0000000140025dc0     <common>
 0004:000061e0       tab_data                   00000001400261e0     <common>
 0004:0000de20       g_curtab                   000000014002de20     <common>
 0004:0000de40       g_converting               000000014002de40     <common>
 0004:0000de60       g_tab_old_proc             000000014002de60     <common>
 0004:0000de80       g_rich_old_proc            000000014002de80     <common>
 0004:0000dea0       g_fontheight               000000014002dea0     <common>
 0004:0000dec0       g_outw_old_proc            000000014002dec0     <common>
 0004:0000dee0       g_bcase                    000000014002dee0     <common>
 0004:0000df00       g_bwhole                   000000014002df00     <common>
 0004:0000df20       g_ball                     000000014002df20     <common>
 0004:0000df40       g_szrepbuf                 000000014002df40     <common>
 0004:0000e340       g_hStatus                  000000014002e340     <common>
 0004:0000e360       g_bom_written              000000014002e360     <common>
 0004:0000e380       g_hRich                    000000014002e380     <common>
 0004:0000e3a0       __crtheapsize              000000014002e3a0     <common>
 0004:0000e3c0       __sigtab                   000000014002e3c0     <common>
 0004:0000e520       __malloc_hiword            000000014002e520     <common>
 0004:0000e540       __malloc_mem               000000014002e540     <common>
 0004:0000e560       __malloc_loword            000000014002e560     <common>
 0004:0000e580       __malloc_lastbin           000000014002e580     <common>
 0004:0000e5a0       __malloc_rovers            000000014002e5a0     <common>
 0004:0000e600       __malloc_firstbin          000000014002e600     <common>
 0004:0000e620       __argc                     000000014002e620     <common>
 0004:0000e640       __argv                     000000014002e640     <common>
 0004:0000e660       __envp                     000000014002e660     <common>
 0004:0000e680       __crtheap                  000000014002e680     <common>
 0004:0000e6a0       __iotab                    000000014002e6a0     <common>
 0004:0000eaa0       __original_stderr_osfhnd   000000014002eaa0     <common>
 0004:0000eac0       __iolim                    000000014002eac0     <common>
 0004:0000eae0       __atfuncs                  000000014002eae0     <common>
 0004:0000ed60       __atcount0                 000000014002ed60     <common>

 entry point at        0001:00010d10

 Static symbols

 0001:00002755       _StringLengthWorkerW       0000000140003755 f   misc.obj
 0001:000027f5       _StringValidateDestW       00000001400037f5 f   misc.obj
 0001:00002838       _StringValidateDestAndLengthW 0000000140003838 f   misc.obj
 0001:000028a5       _StringCopyWorkerW         00000001400038a5 f   misc.obj
 0001:00002974       StringCchCatW              0000000140003974 f   misc.obj
 0001:00003086       _StringLengthWorkerW       0000000140004086 f   pathutils.obj
 0001:0000312a       _StringValidateDestW       000000014000412a f   pathutils.obj
 0001:0000316d       _StringValidateDestAndLengthW 000000014000416d f   pathutils.obj
 0001:000031da       _StringCopyWorkerW         00000001400041da f   pathutils.obj
 0001:000032a9       StringCchCopyNW            00000001400042a9 f   pathutils.obj
 0001:00003357       StringCchCatW              0000000140004357 f   pathutils.obj
 0001:00006110       _StringValidateDestW       0000000140007110 f   rich.obj
 0001:00006153       _StringVPrintfWorkerW      0000000140007153 f   rich.obj
 0001:0000625e       StringCchPrintfW           000000014000725e f   rich.obj
 0001:0000feee       _StringLengthWorkerW       0000000140010eee f   textedit.obj
 0001:0000ff92       _StringValidateDestW       0000000140010f92 f   textedit.obj
 0001:0000ffd5       _StringValidateDestAndLengthW 0000000140010fd5 f   textedit.obj
 0001:00010042       _StringCopyWorkerW         0000000140011042 f   textedit.obj
 0001:00010111       _StringVPrintfWorkerW      0000000140011111 f   textedit.obj
 0001:0001021c       StringCchCopyW             000000014001121c f   textedit.obj
 0001:0001029e       StringCchCopyNW            000000014001129e f   textedit.obj
 0001:0001034c       StringCchCatW              000000014001134c f   textedit.obj
 0001:000103c9       StringCchPrintfW           00000001400113c9 f   textedit.obj
 0001:00010800       prout                      0000000140011800 f   crtmt64:vsnwprintf.obj
 0001:00010b80       _threadstart               0000000140011b80 f   crtmt64:thread.obj
 0001:00010bd0       _threadstart@filt@1        0000000140011bd0 f   crtmt64:thread.obj
 0001:00010e20       WinMainCRTStartup@filt@1   0000000140011e20 f   crtmt64:_wincrt0.obj
 0001:00011670       grabhunk                   0000000140012670 f   crtmt64:malloc.obj
 0001:00011d50       malloc@term@1              0000000140012d50 f   crtmt64:malloc.obj
 0001:00012170       free@term@1                0000000140013170 f   crtmt64:free.obj
 0001:00012320       thread_reuse_add           0000000140013320 f   crtmt64:_thrdnew.obj
 0001:00012390       thread_reuse_remove        0000000140013390 f   crtmt64:_thrdnew.obj
 0001:00012910       scale_count                0000000140013910 f   crtmt64:clock.obj
 0001:00012c60       parse_cmdline              0000000140013c60 f   crtmt64:_setargv.obj
 0001:000130a0       exit@term@1                00000001400140a0 f   crtmt64:exit.obj
 0001:00013e90       ctrlevent_capture          0000000140014e90 f   crtmt64:signal.obj
 0001:00014370       lock                       0000000140015370 f   crtmt64:_mtxlock.obj
 0001:00014470       trylock                    0000000140015470 f   crtmt64:_mtxlock.obj
 0001:00014500       unlock                     0000000140015500 f   crtmt64:_mtxlock.obj
 0001:00017060       write_txt_ansi             0000000140018060 f   crtmt64:write.obj
 0001:000171c0       write_txt_utf16            00000001400181c0 f   crtmt64:write.obj
 0001:00017340       write_txt_utf8             0000000140018340 f   crtmt64:write.obj
 0001:00017510       write_bin                  0000000140018510 f   crtmt64:write.obj
 0001:00017810       _write@term@1              0000000140018810 f   crtmt64:write.obj
 0001:00017830       closeall                   0000000140018830 f   crtmt64:fclose.obj
 0001:000178b0       __init_closeall@term@1     00000001400188b0 f   crtmt64:fclose.obj
 0001:000178d0       _mt_fclose                 00000001400188d0 f   crtmt64:fclose.obj
 0001:00017a40       fclose@term@1              0000000140018a40 f   crtmt64:fclose.obj
 0001:00017f00       lock_ioinfo                0000000140018f00 f   crtmt64:_osfinfo.obj
 0001:00017f50       unlock_ioinfo              0000000140018f50 f   crtmt64:_osfinfo.obj
