 textedit.exe

 Timestamp is 5f42b05f (Sun Aug 23 21:07:27 2020)

 Preferred load address is 0000000140000000

 Start         Length     Name                   Class
 0001:00000000 000187cdH .text                   CODE
 0002:00000000 00000ee8H .pdata                  DATA
 0003:00000000 00000e14H .xdata                  DATA
 0003:00000e20 00003668H .rdata                  DATA
 0004:00000000 000019f8H .data                   DATA
 0004:000019f8 000000b4H .idata$2                DATA
 0004:00001aac 00000014H .idata$3                DATA
 0004:00001ac0 00000668H .idata$4                DATA
 0004:00002128 00000668H .idata$5                DATA
 0004:00002790 00000d52H .idata$6                DATA
 0004:000034f0 0000b7f8H .bss                    DATA
 0005:00000000 00008bc8H .rsrc                   DATA
 0006:00000000 000004e4H .reloc                  DATA

  Address         Publics by Value              Rva+Base             Lib:Object

 0001:00000000       LoadFontFromInifile        0000000140001000 f   config.obj
 0001:00000065       SaveWindowPosition         0000000140001065 f   config.obj
 0001:00000122       LoadWindowPosition         0000000140001122 f   config.obj
 0001:0000015e       SaveDlgPosition            000000014000115e f   config.obj
 0001:000001b2       LoadDlgPosition            00000001400011b2 f   config.obj
 0001:00000200       ENC_CheckBOM               0000000140001200 f   encoding.obj
 0001:00000314       ENC_IsUTF8                 0000000140001314 f   encoding.obj
 0001:000005c3       ENC_IsUNICODE              00000001400015c3 f   encoding.obj
 0001:0000065e       ENC_CheckEncoding          000000014000165e f   encoding.obj
 0001:00000740       ENC_FileCheckEncoding      0000000140001740 f   encoding.obj
 0001:000008d5       ENC_EncTypeToStr           00000001400018d5 f   encoding.obj
 0001:0000090b       ENC_ChangeEndian           000000014000190b f   encoding.obj
 0001:0000097c       Utf32Get                   000000014000197c f   encoding.obj
 0001:00000a36       Utf8Put                    0000000140001a36 f   encoding.obj
 0001:00000c34       Utf32Bom                   0000000140001c34 f   encoding.obj
 0001:00000d14       ENC_Utf32Utf8_LE           0000000140001d14 f   encoding.obj
 0001:00000e41       ENC_Utf32Utf8_BE           0000000140001e41 f   encoding.obj
 0001:00000f6e       ENC_Uint32_to_BE           0000000140001f6e f   encoding.obj
 0001:00000fb3       ENC_CheckUtf32_LE          0000000140001fb3 f   encoding.obj
 0001:0000108a       ENC_CheckUtf32_BE          000000014000208a f   encoding.obj
 0001:00001170       alloc_and_zero_mem         0000000140002170 f   mem.obj
 0001:000011c4       free_mem                   00000001400021c4 f   mem.obj
 0001:00001210       SetMenuItemText            0000000140002210 f   menus.obj
 0001:000012bf       GetMenuItemText            00000001400022bf f   menus.obj
 0001:000013a0       ShowMessage                00000001400023a0 f   misc.obj
 0001:00001519       BeginDraw                  0000000140002519 f   misc.obj
 0001:00001543       EndDraw                    0000000140002543 f   misc.obj
 0001:00001583       undiv                      0000000140002583 f   misc.obj
 0001:000015b9       untoa                      00000001400025b9 f   misc.obj
 0001:0000167b       intoa                      000000014000267b f   misc.obj
 0001:000016d9       topxy                      00000001400026d9 f   misc.obj
 0001:000016f3       Parse_OUT_Buf              00000001400026f3 f   misc.obj
 0001:0000183f       Parse_OUT_Buf_Proc         000000014000283f f   misc.obj
 0001:00001881       HexDump                    0000000140002881 f   misc.obj
 0001:00001ab1       HexDumpProc                0000000140002ab1 f   misc.obj
 0001:00001ae4       PB_NewProgressBar          0000000140002ae4 f   misc.obj
 0001:00001b98       ExecAndCapture             0000000140002b98 f   misc.obj
 0001:000020a4       SimpleExec                 00000001400030a4 f   misc.obj
 0001:00002174       GetDefaultBrowser          0000000140003174 f   misc.obj
 0001:00002496       CopyListToClipboard        0000000140003496 f   misc.obj
 0001:0000267d       CenterDlg                  000000014000367d f   misc.obj
 0001:000029c0       FILE_CommandLineToArgv     00000001400039c0 f   pathutils.obj
 0001:00002c1f       FILE_Extract_ext           0000000140003c1f f   pathutils.obj
 0001:00002c8a       FILE_Extract_path          0000000140003c8a f   pathutils.obj
 0001:00002d3d       FILE_Extract_full_fname    0000000140003d3d f   pathutils.obj
 0001:00002dad       FILE_Extract_filename      0000000140003dad f   pathutils.obj
 0001:00002e89       FILE_FileExists            0000000140003e89 f   pathutils.obj
 0001:00002eda       FILE_GetFileSize           0000000140003eda f   pathutils.obj
 0001:00002f71       FILE_MakeFullIniFname      0000000140003f71 f   pathutils.obj
 0001:000033a0       Rich_GetCaretPos           00000001400043a0 f   rich.obj
 0001:0000342c       Rich_GetModified           000000014000442c f   rich.obj
 0001:00003458       Rich_CanUndo               0000000140004458 f   rich.obj
 0001:00003484       Rich_CanPaste              0000000140004484 f   rich.obj
 0001:000034b0       Rich_SetModified           00000001400044b0 f   rich.obj
 0001:000034dd       Rich_ConvertCase           00000001400044dd f   rich.obj
 0001:000035b8       Rich_ConvertTabsToSpaces   00000001400045b8 f   rich.obj
 0001:0000363e       Rich_SetBGColor            000000014000463e f   rich.obj
 0001:00003903       Rich_SetFGColor            0000000140004903 f   rich.obj
 0001:00003c3c       Rich_FindNext              0000000140004c3c f   rich.obj
 0001:00003d2e       Rich_TabReplace            0000000140004d2e f   rich.obj
 0001:00003def       Rich_GotoLine              0000000140004def f   rich.obj
 0001:00003e57       Rich_FindReplaceText       0000000140004e57 f   rich.obj
 0001:00004105       Rich_GetLineCount          0000000140005105 f   rich.obj
 0001:00004131       Rich_GetCrtLine            0000000140005131 f   rich.obj
 0001:0000417a       Rich_GetSelText            000000014000517a f   rich.obj
 0001:00004211       Rich_GetSelLen             0000000140005211 f   rich.obj
 0001:00004245       Rich_Print                 0000000140005245 f   rich.obj
 0001:0000500d       Rich_NewRichedit           000000014000600d f   rich.obj
 0001:00005410       Rich_Streamin              0000000140006410 f   rich.obj
 0001:00005597       Rich_SelStreamin           0000000140006597 f   rich.obj
 0001:00005709       Rich_Streamout             0000000140006709 f   rich.obj
 0001:00005879       Rich_SelStreamout          0000000140006879 f   rich.obj
 0001:000059e8       Rich_SetFontNoCF           00000001400069e8 f   rich.obj
 0001:00005a16       Rich_SetFont               0000000140006a16 f   rich.obj
 0001:00005c37       Rich_ToggleSelBar          0000000140006c37 f   rich.obj
 0001:00005e3e       Rich_WordWrap              0000000140006e3e f   rich.obj
 0001:00005e98       Rich_SaveSelandcurpos      0000000140006e98 f   rich.obj
 0001:00005f00       Rich_RestoreSelandcurpos   0000000140006f00 f   rich.obj
 0001:00005f68       Rich_CreateShowCaret       0000000140006f68 f   rich.obj
 0001:00005fac       Rich_GetFontHeight         0000000140006fac f   rich.obj
 0001:0000606e       Rich_ClearText             000000014000706e f   rich.obj
 0001:000062c0       SB_MakeStatusBar           00000001400072c0 f   sbar.obj
 0001:000063a4       SB_MenuHelp                00000001400073a4 f   sbar.obj
 0001:0000645e       SB_StatusResizePanels      000000014000745e f   sbar.obj
 0001:00006555       SB_StatusSetSimple         0000000140007555 f   sbar.obj
 0001:00006582       SB_StatusSetText           0000000140007582 f   sbar.obj
 0001:000065c0       Tab_NewTab                 00000001400075c0 f   tabs.obj
 0001:00006723       Tab_NewTabPage             0000000140007723 f   tabs.obj
 0001:0000677c       Tab_DeletePage             000000014000777c f   tabs.obj
 0001:000067ab       Tab_GetCurSel              00000001400077ab f   tabs.obj
 0001:000067d7       Tab_SetCurSel              00000001400077d7 f   tabs.obj
 0001:00006806       Tab_GetCurFocus            0000000140007806 f   tabs.obj
 0001:00006832       Tab_SetCurFocus            0000000140007832 f   tabs.obj
 0001:00006861       Tab_GetCount               0000000140007861 f   tabs.obj
 0001:0000688d       Tab_SetText                000000014000788d f   tabs.obj
 0001:000068e6       Tab_SetPadding             00000001400078e6 f   tabs.obj
 0001:00006931       Tab_SetImageList           0000000140007931 f   tabs.obj
 0001:0000695f       Tab_SetImg                 000000014000795f f   tabs.obj
 0001:000069b0       WinMain                    00000001400079b0 f   textedit.obj
 0001:000070e5       TabSubclassProc            00000001400080e5 f   textedit.obj
 0001:000071cb       RichSubclassProc           00000001400081cb f   textedit.obj
 0001:000073d3       OutwSubclassProc           00000001400083d3 f   textedit.obj
 0001:000075a1       DLG_AboutDlgProc           00000001400085a1 f   textedit.obj
 0001:0000763f       DLG_TabsDlgProc            000000014000863f f   textedit.obj
 0001:00007785       DLG_FindDlgProc            0000000140008785 f   textedit.obj
 0001:00007ade       DLG_GotoDlgProc            0000000140008ade f   textedit.obj
 0001:00007cd4       DLG_EXTToolDlgProc         0000000140008cd4 f   textedit.obj
 0001:00008441       DLG_OUTviewDlgProc         0000000140009441 f   textedit.obj
 0001:00008672       WndProc                    0000000140009672 f   textedit.obj
 0001:0000888a       UpdateMenuStatus           000000014000988a f   textedit.obj
 0001:00008cfa       DLG_OpenDlg                0000000140009cfa f   textedit.obj
 0001:00008f4c       DLG_SaveDlg                0000000140009f4c f   textedit.obj
 0001:00009340       STR_StreamInProc           000000014000a340 f   textedit.obj
 0001:00009e91       STR_StreamOutProc          000000014000ae91 f   textedit.obj
 0001:0000a703       Prompt_to_save             000000014000b703 f   textedit.obj
 0001:0000a7c5       UpdateTitlebar             000000014000b7c5 f   textedit.obj
 0001:0000a82a       Menu_WipeClipboard         000000014000b82a f   textedit.obj
 0001:0000a867       Menu_NewInstance           000000014000b867 f   textedit.obj
 0001:0000a8b1       Menu_MergeFile             000000014000b8b1 f   textedit.obj
 0001:0000aa6c       Menu_SaveSelection         000000014000ba6c f   textedit.obj
 0001:0000aaf3       CvtTabsProc                000000014000baf3 f   textedit.obj
 0001:0000ab9e       ExpandMacro                000000014000bb9e f   textedit.obj
 0001:0000ae62       DLG_OutputWnd              000000014000be62 f   textedit.obj
 0001:0000ae9a       Menu_HexView               000000014000be9a f   textedit.obj
 0001:0000af9a       DLG_HEXViewDlgProc         000000014000bf9a f   textedit.obj
 0001:0000b1bc       Menu_RefreshFromDisk       000000014000c1bc f   textedit.obj
 0001:0000b463       ConvertTabsToSpaces        000000014000c463 f   textedit.obj
 0001:0000b590       EnableMenus                000000014000c590 f   textedit.obj
 0001:0000baf1       Menu_Save                  000000014000caf1 f   textedit.obj
 0001:0000be6c       Menu_Saveas                000000014000ce6c f   textedit.obj
 0001:0000bf24       Menu_New                   000000014000cf24 f   textedit.obj
 0001:0000c26d       Menu_ToggleMargin          000000014000d26d f   textedit.obj
 0001:0000c7c2       Menu_Find                  000000014000d7c2 f   textedit.obj
 0001:0000c978       Menu_ConvertTabs           000000014000d978 f   textedit.obj
 0001:0000ca52       Menu_SetFont               000000014000da52 f   textedit.obj
 0001:0000cc9b       Menu_Print                 000000014000dc9b f   textedit.obj
 0001:0000ce2f       Menu_SetFGColor            000000014000de2f f   textedit.obj
 0001:0000d041       Menu_SetBGColor            000000014000e041 f   textedit.obj
 0001:0000d115       UpdateEncodingMenus        000000014000e115 f   textedit.obj
 0001:0000d1bf       TD_UpdateTabDataEntry      000000014000e1bf f   textedit.obj
 0001:0000d527       TD_RebuildTabData          000000014000e527 f   textedit.obj
 0001:0000d651       UpdateCaretPos             000000014000e651 f   textedit.obj
 0001:0000d6e5       Menu_WWrap                 000000014000e6e5 f   textedit.obj
 0001:0000d849       UpdateModifiedStatus       000000014000e849 f   textedit.obj
 0001:0000d96d       UpdateEncodingStatus       000000014000e96d f   textedit.obj
 0001:0000dac5       Menu_Open                  000000014000eac5 f   textedit.obj
 0001:0000dc16       Menu_Quit                  000000014000ec16 f   textedit.obj
 0001:0000dc45       QuitSaveCheck              000000014000ec45 f   textedit.obj
 0001:0000dcf6       RemoveTab                  000000014000ecf6 f   textedit.obj
 0001:0000dede       MainWND_OnDropFiles        000000014000eede f   textedit.obj
 0001:0000e1c7       MainWND_OnNotify           000000014000f1c7 f   textedit.obj
 0001:0000e3c6       MainWND_OnCreate           000000014000f3c6 f   textedit.obj
 0001:0000e5d6       MainWND_OnSize             000000014000f5d6 f   textedit.obj
 0001:0000e712       MainWND_OnInitMenuPopup    000000014000f712 f   textedit.obj
 0001:0000e782       MainWND_OnCommand          000000014000f782 f   textedit.obj
 0001:0000f041       OpenFileListFromCMDL       0000000140010041 f   textedit.obj
 0001:0000f273       OpenFileListFromOFD        0000000140010273 f   textedit.obj
 0001:0000f65c       CycleTabs                  000000014001065c f   textedit.obj
 0001:0000f807       InitImgList                0000000140010807 f   textedit.obj
 0001:0000f8d0       Menu_Ontop                 00000001400108d0 f   textedit.obj
 0001:0000ff9e       RunFileDlg                 0000000140010f9e     shell32x:shell32.dll
 0001:0000ffb0       memcmp                     0000000140010fb0 f   crtmt64:memcmp.obj
 0001:00010080       __C_specific_handler       0000000140011080 f   crtmt64:_ehandler.obj
 0001:00010200       memset                     0000000140011200 f   crtmt64:memset.obj
 0001:000102f0       ldiv                       00000001400112f0 f   crtmt64:ldiv.obj
 0001:00010310       isprint                    0000000140011310 f   crtmt64:isprint.obj
 0001:00010370       _vsnwprintf                0000000140011370 f   crtmt64:vsnwprintf.obj
 0001:000103d0       memcpy                     00000001400113d0 f   crtmt64:memcpy.obj
 0001:000103d0       memmove                    00000001400113d0     crtmt64:memcpy.obj
 0001:00010730       _beginthread               0000000140011730 f   crtmt64:thread.obj
 0001:000107f0       _endthread                 00000001400117f0 f   crtmt64:thread.obj
 0001:00010850       WinMainCRTStartup          0000000140011850 f   crtmt64:_wincrt0.obj
 0001:00010980       __crt_abort                0000000140011980 f   crtmt64:_crtabort.obj
 0001:00010ad0       __mtinit                   0000000140011ad0 f   crtmt64:_tidtable.obj
 0001:00010b40       __mtterm                   0000000140011b40 f   crtmt64:_tidtable.obj
 0001:00010bb0       __init_mtd                 0000000140011bb0 f   crtmt64:_tidtable.obj
 0001:00010c40       __get_mtd                  0000000140011c40 f   crtmt64:_tidtable.obj
 0001:00010cc0       __free_mtd                 0000000140011cc0 f   crtmt64:_tidtable.obj
 0001:00010db0       __wprintf                  0000000140011db0 f   crtmt64:_wprintf.obj
 0001:00011130       __xcptfilter               0000000140012130 f   crtmt64:_xcptfilter.obj
 0001:00011490       __sheap_alloc              0000000140012490 f   crtmt64:malloc.obj
 0001:00011810       malloc                     0000000140012810 f   crtmt64:malloc.obj
 0001:000118b0       __sheap_free               00000001400128b0 f   crtmt64:free.obj
 0001:00011c50       free                       0000000140012c50 f   crtmt64:free.obj
 0001:00011cd0       __maposerr                 0000000140012cd0 f   crtmt64:_maperr.obj
 0001:00011df0       __errno                    0000000140012df0 f   crtmt64:_maperr.obj
 0001:00011e10       __thrd_free_reuse          0000000140012e10 f   crtmt64:_thrdnew.obj
 0001:00011f50       __thrd_new                 0000000140012f50 f   crtmt64:_thrdnew.obj
 0001:00012030       __thrd_free                0000000140013030 f   crtmt64:_thrdnew.obj
 0001:000120a0       __thrd_detach              00000001400130a0 f   crtmt64:_thrdnew.obj
 0001:00012100       __bheapinit                0000000140013100 f   crtmt64:_bigheap.obj
 0001:00012130       __bheapterm                0000000140013130 f   crtmt64:_bigheap.obj
 0001:00012160       __bheap_aligned_alloc      0000000140013160 f   crtmt64:_bigheap.obj
 0001:000121d0       __bheap_aligned_realloc    00000001400131d0 f   crtmt64:_bigheap.obj
 0001:000122d0       __bheap_alloc              00000001400132d0 f   crtmt64:_bigheap.obj
 0001:000122e0       __bheap_realloc            00000001400132e0 f   crtmt64:_bigheap.obj
 0001:000122f0       __bheap_free               00000001400132f0 f   crtmt64:_bigheap.obj
 0001:00012310       __bheap_size               0000000140013310 f   crtmt64:_bigheap.obj
 0001:00012350       __bheap_validate           0000000140013350 f   crtmt64:_bigheap.obj
 0001:00012390       __features                 0000000140013390 f   crtmt64:features.obj
 0001:00012490       __clockinit                0000000140013490 f   crtmt64:clock.obj
 0001:000124f0       clock                      00000001400134f0 f   crtmt64:clock.obj
 0001:00012540       __ioinit                   0000000140013540 f   crtmt64:_ioinit.obj
 0001:000126a0       __ioterm                   00000001400136a0 f   crtmt64:_ioinit.obj
 0001:00012730       __new_iotab                0000000140013730 f   crtmt64:_ioinit.obj
 0001:00012950       __setargv                  0000000140013950 f   crtmt64:_setargv.obj
 0001:00012a10       __setenvp                  0000000140013a10 f   crtmt64:_setenvp.obj
 0001:00012b10       __wincmdln                 0000000140013b10 f   crtmt64:_wincmdln.obj
 0001:00012b60       exit                       0000000140013b60 f   crtmt64:exit.obj
 0001:00012c00       __mtinitlocks              0000000140013c00 f   crtmt64:_mtlock.obj
 0001:00012c50       __mttermlocks              0000000140013c50 f   crtmt64:_mtlock.obj
 0001:00012cf0       __mtlock                   0000000140013cf0 f   crtmt64:_mtlock.obj
 0001:00012d80       __mtunlock                 0000000140013d80 f   crtmt64:_mtlock.obj
 0001:00012da0       __mtlock_stream            0000000140013da0 f   crtmt64:_mtlock.obj
 0001:00012dd0       __mtunlock_stream          0000000140013dd0 f   crtmt64:_mtlock.obj
 0001:00012e00       __mt_fputs                 0000000140013e00 f   crtmt64:fputs.obj
 0001:00012e40       fputs                      0000000140013e40 f   crtmt64:fputs.obj
 0001:00012e90       _Exit                      0000000140013e90 f   crtmt64:_exit.obj
 0001:00012ea0       ignore_handler_s           0000000140013ea0 f   crtmt64:constraint_handler_s.obj
 0001:00012eb0       set_constraint_handler_s   0000000140013eb0 f   crtmt64:constraint_handler_s.obj
 0001:00012ee0       _crt_constraint            0000000140013ee0 f   crtmt64:constraint_handler_s.obj
 0001:00012f10       _strdup                    0000000140013f10 f   crtmt64:strdup.obj
 0001:00012f70       strdup                     0000000140013f70 f   crtmt64:strdup.obj
 0001:00012f80       __get_c_locale             0000000140013f80 f   crtmt64:_clocale.obj
 0001:00013070       wcscspn                    0000000140014070 f   crtmt64:wcscspn.obj
 0001:000130c0       __iswctype                 00000001400140c0 f   crtmt64:_iswctype.obj
 0001:00013140       __wputfield                0000000140014140 f   crtmt64:_wputfield.obj
 0001:00013770       __wputtxt                  0000000140014770 f   crtmt64:_wputtxt.obj
 0001:00013a20       signal                     0000000140014a20 f   crtmt64:signal.obj
 0001:00013b30       __getmem                   0000000140014b30 f   crtmt64:_getmem.obj
 0001:00013c00       __mtx_init                 0000000140014c00 f   crtmt64:_mtxinit.obj
 0001:00013ca0       __mtx_destroy              0000000140014ca0 f   crtmt64:_mtxinit.obj
 0001:00013d50       calloc                     0000000140014d50 f   crtmt64:calloc.obj
 0001:00013db0       __tss_user_destructors     0000000140014db0 f   crtmt64:_tss_dtors.obj
 0001:000140e0       __mtx_lock                 00000001400150e0 f   crtmt64:_mtxlock.obj
 0001:000140f0       __mtx_timedlock            00000001400150f0 f   crtmt64:_mtxlock.obj
 0001:00014110       __mtx_trylock              0000000140015110 f   crtmt64:_mtxlock.obj
 0001:00014120       __mtx_unlock               0000000140015120 f   crtmt64:_mtxlock.obj
 0001:00014130       __set_default_crt_heap_size 0000000140015130 f   crtmt64:_dflheap.obj
 0001:00014140       __ioexport                 0000000140015140 f   crtmt64:_ioxfer.obj
 0001:00014250       __ioimport                 0000000140015250 f   crtmt64:_ioxfer.obj
 0001:00014330       __mt_fputc                 0000000140015330 f   crtmt64:fputc.obj
 0001:000143a0       fputc                      00000001400153a0 f   crtmt64:fputc.obj
 0001:000143d0       __buf_stream               00000001400153d0 f   crtmt64:_stbuf.obj
 0001:00014480       __unbuf_stream             0000000140015480 f   crtmt64:_stbuf.obj
 0001:000144e0       __strerror                 00000001400154e0 f   crtmt64:_strerror.obj
 0001:000147e0       __btowc                    00000001400157e0 f   crtmt64:_btowc.obj
 0001:00014830       __wlitob                   0000000140015830 f   crtmt64:_wlitob.obj
 0001:000149b0       __fptestl                  00000001400159b0 f   crtmt64:_fptestl.obj
 0001:000149c0       __wldtob                   00000001400159c0 f   crtmt64:_wldtob.obj
 0001:00015150       wmemchr                    0000000140016150 f   crtmt64:wmemchr.obj
 0001:00015170       __wputstr                  0000000140016170 f   crtmt64:_wputstr.obj
 0001:000152e0       __oshnd_wait               00000001400162e0 f   crtmt64:_thrdwait.obj
 0001:00015310       __thrd_wait                0000000140016310 f   crtmt64:_thrdwait.obj
 0001:00015320       __thrd_timedwait           0000000140016320 f   crtmt64:_thrdwait.obj
 0001:00015330       __thrd_sleep               0000000140016330 f   crtmt64:_thrdwait.obj
 0001:00015340       __tss_init                 0000000140016340 f   crtmt64:_tss.obj
 0001:00015370       __tss_free                 0000000140016370 f   crtmt64:_tss.obj
 0001:00015390       __tss_get                  0000000140016390 f   crtmt64:_tss.obj
 0001:000153a0       __tss_set                  00000001400163a0 f   crtmt64:_tss.obj
 0001:000153c0       __thrd_key_create          00000001400163c0 f   crtmt64:_thrdkey.obj
 0001:00015440       __thrd_key_destroy         0000000140016440 f   crtmt64:_thrdkey.obj
 0001:000154b0       thrd_current               00000001400164b0 f   crtmt64:thrd_current.obj
 0001:00015520       thrd_equal                 0000000140016520 f   crtmt64:thrd_equal.obj
 0001:00015540       __fflush                   0000000140016540 f   crtmt64:_fflush.obj
 0001:00015670       __fwrite                   0000000140016670 f   crtmt64:_fwrite.obj
 0001:00015780       _fileno                    0000000140016780 f   crtmt64:fileno.obj
 0001:00015790       _isatty                    0000000140016790 f   crtmt64:isatty.obj
 0001:000157c0       __mbtowc                   00000001400167c0 f   crtmt64:_mbtowc.obj
 0001:00015af0       __fptest                   0000000140016af0 f   crtmt64:_fptest.obj
 0001:00015b70       __fpunscalel               0000000140016b70 f   crtmt64:_fpunscalel.obj
 0001:00015b80       __fpscalel                 0000000140016b80 f   crtmt64:_fpscalel.obj
 0001:00015b90       __wgenld                   0000000140016b90 f   crtmt64:_wgenld.obj
 0001:00016040       __fpgetwl                  0000000140017040 f   crtmt64:_fpxprecl.obj
 0001:000160d0       __fpsetwl                  00000001400170d0 f   crtmt64:_fpxprecl.obj
 0001:00016200       __fpaddhl                  0000000140017200 f   crtmt64:_fpxprecl.obj
 0001:000165f0       __fpmulhl                  00000001400175f0 f   crtmt64:_fpxprecl.obj
 0001:000167e0       __fpsetnl                  00000001400177e0 f   crtmt64:_fpxprecl.obj
 0001:00016800       __fpmovxl                  0000000140017800 f   crtmt64:_fpxprecl.obj
 0001:00016820       __fpaddxl                  0000000140017820 f   crtmt64:_fpxprecl.obj
 0001:00016880       __fpsubxl                  0000000140017880 f   crtmt64:_fpxprecl.obj
 0001:000168f0       __fpldexpxl                00000001400178f0 f   crtmt64:_fpxprecl.obj
 0001:00016950       __fpmulxl                  0000000140017950 f   crtmt64:_fpxprecl.obj
 0001:00016a50       __fpinvxl                  0000000140017a50 f   crtmt64:_fpxprecl.obj
 0001:000170c0       __mt_write                 00000001400180c0 f   crtmt64:write.obj
 0001:00017290       _write                     0000000140018290 f   crtmt64:write.obj
 0001:000173b0       __init_closeall            00000001400183b0 f   crtmt64:fclose.obj
 0001:00017550       fclose                     0000000140018550 f   crtmt64:fclose.obj
 0001:000175a0       ___mbtowc                  00000001400185a0 f   crtmt64:__mbtowc.obj
 0001:00017650       __fpunscale                0000000140018650 f   crtmt64:_fpunscale.obj
 0001:000176f0       __fpscale                  00000001400186f0 f   crtmt64:_fpscale.obj
 0001:000178f0       __fpintl                   00000001400188f0 f   crtmt64:_fpintl.obj
 0001:00017900       __feraise                  0000000140018900 f   crtmt64:_feraise.obj
 0001:00017940       ldexpl                     0000000140018940 f   crtmt64:ldexpl.obj
 0001:00017aa0       __new_osfhnd               0000000140018aa0 f   crtmt64:_osfinfo.obj
 0001:00017ba0       __free_osfhnd              0000000140018ba0 f   crtmt64:_osfinfo.obj
 0001:00017c50       __set_osfhnd               0000000140018c50 f   crtmt64:_osfinfo.obj
 0001:00017cf0       __get_osfhnd               0000000140018cf0 f   crtmt64:_osfinfo.obj
 0001:00017d10       __is_unicode_osfhnd        0000000140018d10 f   crtmt64:_osfinfo.obj
 0001:00017d50       __is_console_osfhnd        0000000140018d50 f   crtmt64:_osfinfo.obj
 0001:00017da0       _get_osfhandle             0000000140018da0 f   crtmt64:_osfinfo.obj
 0001:00017e00       _open_osfhandle            0000000140018e00 f   crtmt64:_osfinfo.obj
 0001:00017f30       __lock_osfhnd              0000000140018f30 f   crtmt64:_osfinfo.obj
 0001:00017f60       __unlock_osfhnd            0000000140018f60 f   crtmt64:_osfinfo.obj
 0001:00017f90       __cp_to_cp                 0000000140018f90 f   crtmt64:_cp2cp.obj
 0001:000180a0       __mt_lseek64               00000001400190a0 f   crtmt64:lseek64.obj
 0001:00018130       _lseek64                   0000000140019130 f   crtmt64:lseek64.obj
 0001:000181a0       _Atexit                    00000001400191a0 f   crtmt64:_atexit.obj
 0001:000181d0       __mt_close                 00000001400191d0 f   crtmt64:close.obj
 0001:00018270       _close                     0000000140019270 f   crtmt64:close.obj
 0001:000182d0       remove                     00000001400192d0 f   crtmt64:remove.obj
 0001:000182e0       __fpnorm                   00000001400192e0 f   crtmt64:_fpnorm.obj
 0001:00018450       __fpint                    0000000140019450 f   crtmt64:_fpint.obj
 0001:000185a0       feraiseexcept              00000001400195a0 f   crtmt64:feraiseexcept.obj
 0001:00018610       _matherr                   0000000140019610 f   crtmt64:_matherr.obj
 0001:00018620       abort                      0000000140019620 f   crtmt64:abort.obj
 0001:00018640       _unlink                    0000000140019640 f   crtmt64:unlink.obj
 0001:00018670       raise                      0000000140019670 f   crtmt64:raise.obj
 0003:00000fd0       Alphabet                   000000014001bfd0     misc.obj
 0003:00003fb0       __c_times                  000000014001efb0     crtmt64:_tinfo.obj
 0003:000042a0       __inf                      000000014001f2a0     crtmt64:_values.obj
 0003:000042a8       __nan                      000000014001f2a8     crtmt64:_values.obj
 0003:000042b0       __eps                      000000014001f2b0     crtmt64:_values.obj
 0003:000042b8       __rteps                    000000014001f2b8     crtmt64:_values.obj
 0003:000042c0       __xbig                     000000014001f2c0     crtmt64:_values.obj
 0003:000042c8       __zero                     000000014001f2c8     crtmt64:_values.obj
 0003:000042d0       __llongmax                 000000014001f2d0     crtmt64:_values.obj
 0003:000042e0       __negmask                  000000014001f2e0     crtmt64:_values.obj
 0003:000042f0       __absmask                  000000014001f2f0     crtmt64:_values.obj
 0003:00004320       __infl                     000000014001f320     crtmt64:_lvalues.obj
 0003:00004328       __nanl                     000000014001f328     crtmt64:_lvalues.obj
 0003:00004330       __epsl                     000000014001f330     crtmt64:_lvalues.obj
 0003:00004338       __rtepsl                   000000014001f338     crtmt64:_lvalues.obj
 0003:00004340       __xbigl                    000000014001f340     crtmt64:_lvalues.obj
 0003:00004348       __zerol                    000000014001f348     crtmt64:_lvalues.obj
 0003:00004488       __xi_a                     000000014001f488     crtmt64:_initex.obj
 0003:00004488       __xi_z                     000000014001f488     crtmt64:_initex.obj
 0003:00004488       __xt_a                     000000014001f488     crtmt64:_initex.obj
 0003:00004488       __xt_z                     000000014001f488     crtmt64:_initex.obj
 0004:00000000       UTF_16_BE_BOM              0000000140020000     encoding.obj
 0004:00000008       UTF_16_LE_BOM              0000000140020008     encoding.obj
 0004:00000010       UTF_8_BOM                  0000000140020010     encoding.obj
 0004:00000018       UTF_32_BE_BOM              0000000140020018     encoding.obj
 0004:00000020       UTF_32_LE_BOM              0000000140020020     encoding.obj
 0004:00000090       opn_filter                 0000000140020090     misc.obj
 0004:00000098       opn_title                  0000000140020098     misc.obj
 0004:000000a0       sav_title                  00000001400200a0     misc.obj
 0004:000000a8       opn_defext                 00000001400200a8     misc.obj
 0004:000000b0       app_classname              00000001400200b0     misc.obj
 0004:000000b8       app_title                  00000001400200b8     misc.obj
 0004:000000c0       g_bmargin                  00000001400200c0     textedit.obj
 0004:000000c4       g_bprompt                  00000001400200c4     textedit.obj
 0004:000000c8       g_bfwd                     00000001400200c8     textedit.obj
 0004:000000cc       g_bmenu_needs_update       00000001400200cc     textedit.obj
 0004:000000d0       g_dwtabsize                00000001400200d0     textedit.obj
 0004:000000d4       g_fencoding                00000001400200d4     textedit.obj
 0004:000000e0       __tlsidx                   00000001400200e0     crtmt64:_tidtable.obj
 0004:00000100       __bheap_threshold          0000000140020100     crtmt64:_crt0dat.obj
 0004:00000110       __feature_mask             0000000140020110     crtmt64:features.obj
 0004:00000130       __atcount                  0000000140020130     crtmt64:exit.obj
 0004:00000140       __stdin                    0000000140020140     crtmt64:_files.obj
 0004:000001c0       __stdout                   00000001400201c0     crtmt64:_files.obj
 0004:00000240       __stderr                   0000000140020240     crtmt64:_files.obj
 0004:000002c0       __filetab                  00000001400202c0     crtmt64:_files.obj
 0004:00001330       __c_locale                 0000000140021330     crtmt64:_clocale.obj
 0004:00001690       __mbcurmax                 0000000140021690     crtmt64:_state.obj
 0004:00001698       __collatetab               0000000140021698     crtmt64:_state.obj
 0004:00001718       __wcollatetab              0000000140021718     crtmt64:_state.obj
 0004:00001798       __mbtowctab                0000000140021798     crtmt64:_state.obj
 0004:00001818       __wctombtab                0000000140021818     crtmt64:_state.obj
 0004:000018a0       __ctypetab                 00000001400218a0     crtmt64:_ctypetab.obj
 0004:000018b0       __tolowertab               00000001400218b0     crtmt64:_tolowertab.obj
 0004:000018c0       __touppertab               00000001400218c0     crtmt64:_touppertab.obj
 0004:000018d0       __wctranstab               00000001400218d0     crtmt64:_wctranstab.obj
 0004:000018e0       __wctypetab                00000001400218e0     crtmt64:_wctypetab.obj
 0004:000018f0       __locale                   00000001400218f0     crtmt64:localeconv.obj
 0004:00001950       __times                    0000000140021950     crtmt64:_tinfo.obj
 0004:000019f8       __IMPORT_DESCRIPTOR_KERNEL32 00000001400219f8     kernel32:KERNEL32.dll
 0004:00001a0c       __IMPORT_DESCRIPTOR_USER32 0000000140021a0c     user32:USER32.dll
 0004:00001a20       __IMPORT_DESCRIPTOR_GDI32  0000000140021a20     gdi32:GDI32.dll
 0004:00001a34       __IMPORT_DESCRIPTOR_COMCTL32 0000000140021a34     comctl32:COMCTL32.dll
 0004:00001a48       __IMPORT_DESCRIPTOR_COMDLG32 0000000140021a48     comdlg32:COMDLG32.dll
 0004:00001a5c       __IMPORT_DESCRIPTOR_ADVAPI32 0000000140021a5c     advapi32:ADVAPI32.dll
 0004:00001a70       __IMPORT_DESCRIPTOR_SHELL32 0000000140021a70     shell32:SHELL32.dll
 0004:00001a84       __IMPORT_DESCRIPTOR_shell32 0000000140021a84     shell32x:shell32.dll
 0004:00001a98       __IMPORT_DESCRIPTOR_SHLWAPI 0000000140021a98     shlwapi:SHLWAPI.dll
 0004:00001aac       __NULL_IMPORT_DESCRIPTOR   0000000140021aac     kernel32:KERNEL32.dll
 0004:00002128       __imp_GetPrivateProfileStructW 0000000140022128     kernel32:KERNEL32.dll
 0004:00002130       __imp_WritePrivateProfileStringW 0000000140022130     kernel32:KERNEL32.dll
 0004:00002138       __imp_WritePrivateProfileStructW 0000000140022138     kernel32:KERNEL32.dll
 0004:00002140       __imp_CreateFileW          0000000140022140     kernel32:KERNEL32.dll
 0004:00002148       __imp_CreateFileMappingW   0000000140022148     kernel32:KERNEL32.dll
 0004:00002150       __imp_GetLastError         0000000140022150     kernel32:KERNEL32.dll
 0004:00002158       __imp_MapViewOfFile        0000000140022158     kernel32:KERNEL32.dll
 0004:00002160       __imp_GetFileSize          0000000140022160     kernel32:KERNEL32.dll
 0004:00002168       __imp_UnmapViewOfFile      0000000140022168     kernel32:KERNEL32.dll
 0004:00002170       __imp_CloseHandle          0000000140022170     kernel32:KERNEL32.dll
 0004:00002178       __imp_LocalAlloc           0000000140022178     kernel32:KERNEL32.dll
 0004:00002180       __imp_LocalFree            0000000140022180     kernel32:KERNEL32.dll
 0004:00002188       __imp_GetModuleFileNameW   0000000140022188     kernel32:KERNEL32.dll
 0004:00002190       __imp_lstrlenW             0000000140022190     kernel32:KERNEL32.dll
 0004:00002198       __imp_GetModuleHandleW     0000000140022198     kernel32:KERNEL32.dll
 0004:000021a0       __imp_CreatePipe           00000001400221a0     kernel32:KERNEL32.dll
 0004:000021a8       __imp_GetCurrentProcess    00000001400221a8     kernel32:KERNEL32.dll
 0004:000021b0       __imp_DuplicateHandle      00000001400221b0     kernel32:KERNEL32.dll
 0004:000021b8       __imp_CreateProcessW       00000001400221b8     kernel32:KERNEL32.dll
 0004:000021c0       __imp_ReadFile             00000001400221c0     kernel32:KERNEL32.dll
 0004:000021c8       __imp_MultiByteToWideChar  00000001400221c8     kernel32:KERNEL32.dll
 0004:000021d0       __imp_VerSetConditionMask  00000001400221d0     kernel32:KERNEL32.dll
 0004:000021d8       __imp_VerifyVersionInfoW   00000001400221d8     kernel32:KERNEL32.dll
 0004:000021e0       __imp_GlobalAlloc          00000001400221e0     kernel32:KERNEL32.dll
 0004:000021e8       __imp_GlobalLock           00000001400221e8     kernel32:KERNEL32.dll
 0004:000021f0       __imp_GlobalUnlock         00000001400221f0     kernel32:KERNEL32.dll
 0004:000021f8       __imp_GlobalFree           00000001400221f8     kernel32:KERNEL32.dll
 0004:00002200       __imp_lstrcpynW            0000000140022200     kernel32:KERNEL32.dll
 0004:00002208       __imp_FindFirstFileW       0000000140022208     kernel32:KERNEL32.dll
 0004:00002210       __imp_FindClose            0000000140022210     kernel32:KERNEL32.dll
 0004:00002218       __imp_MulDiv               0000000140022218     kernel32:KERNEL32.dll
 0004:00002220       __imp_InitializeCriticalSection 0000000140022220     kernel32:KERNEL32.dll
 0004:00002228       __imp_LoadLibraryW         0000000140022228     kernel32:KERNEL32.dll
 0004:00002230       __imp_GetPrivateProfileIntW 0000000140022230     kernel32:KERNEL32.dll
 0004:00002238       __imp_GetCommandLineW      0000000140022238     kernel32:KERNEL32.dll
 0004:00002240       __imp_FreeLibrary          0000000140022240     kernel32:KERNEL32.dll
 0004:00002248       __imp_DeleteCriticalSection 0000000140022248     kernel32:KERNEL32.dll
 0004:00002250       __imp_GetPrivateProfileStringW 0000000140022250     kernel32:KERNEL32.dll
 0004:00002258       __imp_lstrcmpW             0000000140022258     kernel32:KERNEL32.dll
 0004:00002260       __imp_WriteFile            0000000140022260     kernel32:KERNEL32.dll
 0004:00002268       __imp_GetACP               0000000140022268     kernel32:KERNEL32.dll
 0004:00002270       __imp_WideCharToMultiByte  0000000140022270     kernel32:KERNEL32.dll
 0004:00002278       __imp_EnterCriticalSection 0000000140022278     kernel32:KERNEL32.dll
 0004:00002280       __imp_LeaveCriticalSection 0000000140022280     kernel32:KERNEL32.dll
 0004:00002288       __imp_RtlUnwindEx          0000000140022288     kernel32:KERNEL32.dll
 0004:00002290       __imp_TlsSetValue          0000000140022290     kernel32:KERNEL32.dll
 0004:00002298       __imp_CreateThread         0000000140022298     kernel32:KERNEL32.dll
 0004:000022a0       __imp_ResumeThread         00000001400222a0     kernel32:KERNEL32.dll
 0004:000022a8       __imp_ExitThread           00000001400222a8     kernel32:KERNEL32.dll
 0004:000022b0       __imp_GetStartupInfoA      00000001400222b0     kernel32:KERNEL32.dll
 0004:000022b8       __imp_GetModuleHandleA     00000001400222b8     kernel32:KERNEL32.dll
 0004:000022c0       __imp_IsDebuggerPresent    00000001400222c0     kernel32:KERNEL32.dll
 0004:000022c8       __imp_OutputDebugStringA   00000001400222c8     kernel32:KERNEL32.dll
 0004:000022d0       __imp_TlsAlloc             00000001400222d0     kernel32:KERNEL32.dll
 0004:000022d8       __imp_GetCurrentThreadId   00000001400222d8     kernel32:KERNEL32.dll
 0004:000022e0       __imp_TlsGetValue          00000001400222e0     kernel32:KERNEL32.dll
 0004:000022e8       __imp_TlsFree              00000001400222e8     kernel32:KERNEL32.dll
 0004:000022f0       __imp_SetLastError         00000001400222f0     kernel32:KERNEL32.dll
 0004:000022f8       __imp_UnhandledExceptionFilter 00000001400222f8     kernel32:KERNEL32.dll
 0004:00002300       __imp_HeapCreate           0000000140022300     kernel32:KERNEL32.dll
 0004:00002308       __imp_HeapDestroy          0000000140022308     kernel32:KERNEL32.dll
 0004:00002310       __imp_HeapAlloc            0000000140022310     kernel32:KERNEL32.dll
 0004:00002318       __imp_HeapReAlloc          0000000140022318     kernel32:KERNEL32.dll
 0004:00002320       __imp_HeapFree             0000000140022320     kernel32:KERNEL32.dll
 0004:00002328       __imp_HeapSize             0000000140022328     kernel32:KERNEL32.dll
 0004:00002330       __imp_HeapValidate         0000000140022330     kernel32:KERNEL32.dll
 0004:00002338       __imp_QueryPerformanceFrequency 0000000140022338     kernel32:KERNEL32.dll
 0004:00002340       __imp_QueryPerformanceCounter 0000000140022340     kernel32:KERNEL32.dll
 0004:00002348       __imp_GetStartupInfoW      0000000140022348     kernel32:KERNEL32.dll
 0004:00002350       __imp_GetStdHandle         0000000140022350     kernel32:KERNEL32.dll
 0004:00002358       __imp_GetFileType          0000000140022358     kernel32:KERNEL32.dll
 0004:00002360       __imp_GetCommandLineA      0000000140022360     kernel32:KERNEL32.dll
 0004:00002368       __imp_GetModuleFileNameA   0000000140022368     kernel32:KERNEL32.dll
 0004:00002370       __imp_GetEnvironmentStrings 0000000140022370     kernel32:KERNEL32.dll
 0004:00002378       __imp_FreeEnvironmentStringsA 0000000140022378     kernel32:KERNEL32.dll
 0004:00002380       __imp_ExitProcess          0000000140022380     kernel32:KERNEL32.dll
 0004:00002388       __imp_SetConsoleCtrlHandler 0000000140022388     kernel32:KERNEL32.dll
 0004:00002390       __imp_VirtualAlloc         0000000140022390     kernel32:KERNEL32.dll
 0004:00002398       __imp_VirtualQuery         0000000140022398     kernel32:KERNEL32.dll
 0004:000023a0       __imp_CreateEventW         00000001400223a0     kernel32:KERNEL32.dll
 0004:000023a8       __imp_SetEvent             00000001400223a8     kernel32:KERNEL32.dll
 0004:000023b0       __imp_WaitForSingleObject  00000001400223b0     kernel32:KERNEL32.dll
 0004:000023b8       __imp_Sleep                00000001400223b8     kernel32:KERNEL32.dll
 0004:000023c0       __imp_GetConsoleOutputCP   00000001400223c0     kernel32:KERNEL32.dll
 0004:000023c8       __imp_WriteConsoleW        00000001400223c8     kernel32:KERNEL32.dll
 0004:000023d0       __imp_IsDBCSLeadByteEx     00000001400223d0     kernel32:KERNEL32.dll
 0004:000023d8       __imp_SetStdHandle         00000001400223d8     kernel32:KERNEL32.dll
 0004:000023e0       __imp_GetConsoleMode       00000001400223e0     kernel32:KERNEL32.dll
 0004:000023e8       __imp_SetFilePointerEx     00000001400223e8     kernel32:KERNEL32.dll
 0004:000023f0       __imp_DeleteFileA          00000001400223f0     kernel32:KERNEL32.dll
 0004:000023f8       KERNEL32_NULL_THUNK_DATA  00000001400223f8     kernel32:KERNEL32.dll
 0004:00002400       __imp_GetWindowPlacement   0000000140022400     user32:USER32.dll
 0004:00002408       __imp_GetWindowRect        0000000140022408     user32:USER32.dll
 0004:00002410       __imp_GetMenuItemInfoW     0000000140022410     user32:USER32.dll
 0004:00002418       __imp_SetMenuItemInfoW     0000000140022418     user32:USER32.dll
 0004:00002420       __imp_MessageBoxIndirectW  0000000140022420     user32:USER32.dll
 0004:00002428       __imp_SendMessageW         0000000140022428     user32:USER32.dll
 0004:00002430       __imp_InvalidateRect       0000000140022430     user32:USER32.dll
 0004:00002438       __imp_wsprintfW            0000000140022438     user32:USER32.dll
 0004:00002440       __imp_GetClientRect        0000000140022440     user32:USER32.dll
 0004:00002448       __imp_CreateWindowExW      0000000140022448     user32:USER32.dll
 0004:00002450       __imp_OpenClipboard        0000000140022450     user32:USER32.dll
 0004:00002458       __imp_EmptyClipboard       0000000140022458     user32:USER32.dll
 0004:00002460       __imp_SetClipboardData     0000000140022460     user32:USER32.dll
 0004:00002468       __imp_CloseClipboard       0000000140022468     user32:USER32.dll
 0004:00002470       __imp_MoveWindow           0000000140022470     user32:USER32.dll
 0004:00002478       __imp_GetWindowTextLengthW 0000000140022478     user32:USER32.dll
 0004:00002480       __imp_CharLowerW           0000000140022480     user32:USER32.dll
 0004:00002488       __imp_CharUpperW           0000000140022488     user32:USER32.dll
 0004:00002490       __imp_GetSysColor          0000000140022490     user32:USER32.dll
 0004:00002498       __imp_SetFocus             0000000140022498     user32:USER32.dll
 0004:000024a0       __imp_CopyRect             00000001400224a0     user32:USER32.dll
 0004:000024a8       __imp_GetClassLongW        00000001400224a8     user32:USER32.dll
 0004:000024b0       __imp_SetClassLongW        00000001400224b0     user32:USER32.dll
 0004:000024b8       __imp_SetWindowLongPtrW    00000001400224b8     user32:USER32.dll
 0004:000024c0       __imp_DestroyWindow        00000001400224c0     user32:USER32.dll
 0004:000024c8       __imp_SetWindowTextW       00000001400224c8     user32:USER32.dll
 0004:000024d0       __imp_CreateCaret          00000001400224d0     user32:USER32.dll
 0004:000024d8       __imp_ShowCaret            00000001400224d8     user32:USER32.dll
 0004:000024e0       __imp_GetDC                00000001400224e0     user32:USER32.dll
 0004:000024e8       __imp_LoadStringW          00000001400224e8     user32:USER32.dll
 0004:000024f0       __imp_GetWindowLongW       00000001400224f0     user32:USER32.dll
 0004:000024f8       __imp_SetWindowLongW       00000001400224f8     user32:USER32.dll
 0004:00002500       __imp_LoadIconW            0000000140022500     user32:USER32.dll
 0004:00002508       __imp_LoadCursorW          0000000140022508     user32:USER32.dll
 0004:00002510       __imp_RegisterClassExW     0000000140022510     user32:USER32.dll
 0004:00002518       __imp_GetSystemMetrics     0000000140022518     user32:USER32.dll
 0004:00002520       __imp_SetWindowPos         0000000140022520     user32:USER32.dll
 0004:00002528       __imp_ShowWindow           0000000140022528     user32:USER32.dll
 0004:00002530       __imp_UpdateWindow         0000000140022530     user32:USER32.dll
 0004:00002538       __imp_LoadAcceleratorsW    0000000140022538     user32:USER32.dll
 0004:00002540       __imp_GetMenu              0000000140022540     user32:USER32.dll
 0004:00002548       __imp_GetSubMenu           0000000140022548     user32:USER32.dll
 0004:00002550       __imp_RedrawWindow         0000000140022550     user32:USER32.dll
 0004:00002558       __imp_TranslateAcceleratorW 0000000140022558     user32:USER32.dll
 0004:00002560       __imp_TranslateMessage     0000000140022560     user32:USER32.dll
 0004:00002568       __imp_DispatchMessageW     0000000140022568     user32:USER32.dll
 0004:00002570       __imp_GetMessageW          0000000140022570     user32:USER32.dll
 0004:00002578       __imp_CallWindowProcW      0000000140022578     user32:USER32.dll
 0004:00002580       __imp_DestroyCaret         0000000140022580     user32:USER32.dll
 0004:00002588       __imp_GetCursorPos         0000000140022588     user32:USER32.dll
 0004:00002590       __imp_TrackPopupMenuEx     0000000140022590     user32:USER32.dll
 0004:00002598       __imp_DestroyMenu          0000000140022598     user32:USER32.dll
 0004:000025a0       __imp_LoadMenuW            00000001400225a0     user32:USER32.dll
 0004:000025a8       __imp_EnableMenuItem       00000001400225a8     user32:USER32.dll
 0004:000025b0       __imp_EndDialog            00000001400225b0     user32:USER32.dll
 0004:000025b8       __imp_GetDlgItem           00000001400225b8     user32:USER32.dll
 0004:000025c0       __imp_SetDlgItemInt        00000001400225c0     user32:USER32.dll
 0004:000025c8       __imp_GetDlgItemInt        00000001400225c8     user32:USER32.dll
 0004:000025d0       __imp_GetDlgItemTextW      00000001400225d0     user32:USER32.dll
 0004:000025d8       __imp_IsDlgButtonChecked   00000001400225d8     user32:USER32.dll
 0004:000025e0       __imp_CheckDlgButton       00000001400225e0     user32:USER32.dll
 0004:000025e8       __imp_SetDlgItemTextW      00000001400225e8     user32:USER32.dll
 0004:000025f0       __imp_PostQuitMessage      00000001400225f0     user32:USER32.dll
 0004:000025f8       __imp_DefWindowProcW       00000001400225f8     user32:USER32.dll
 0004:00002600       __imp_CheckMenuItem        0000000140022600     user32:USER32.dll
 0004:00002608       __imp_DialogBoxParamW      0000000140022608     user32:USER32.dll
 0004:00002610       __imp_EnableWindow         0000000140022610     user32:USER32.dll
 0004:00002618       __imp_ShowCursor           0000000140022618     user32:USER32.dll
 0004:00002620       __imp_CheckMenuRadioItem   0000000140022620     user32:USER32.dll
 0004:00002628       __imp_GetWindowLongPtrW    0000000140022628     user32:USER32.dll
 0004:00002630       USER32_NULL_THUNK_DATA    0000000140022630     user32:USER32.dll
 0004:00002638       __imp_CreateFontIndirectW  0000000140022638     gdi32:GDI32.dll
 0004:00002640       __imp_StartDocW            0000000140022640     gdi32:GDI32.dll
 0004:00002648       __imp_DeleteDC             0000000140022648     gdi32:GDI32.dll
 0004:00002650       __imp_GetDeviceCaps        0000000140022650     gdi32:GDI32.dll
 0004:00002658       __imp_CreateFontW          0000000140022658     gdi32:GDI32.dll
 0004:00002660       __imp_SelectObject         0000000140022660     gdi32:GDI32.dll
 0004:00002668       __imp_StartPage            0000000140022668     gdi32:GDI32.dll
 0004:00002670       __imp_SetTextColor         0000000140022670     gdi32:GDI32.dll
 0004:00002678       __imp_TextOutW             0000000140022678     gdi32:GDI32.dll
 0004:00002680       __imp_EndPage              0000000140022680     gdi32:GDI32.dll
 0004:00002688       __imp_EndDoc               0000000140022688     gdi32:GDI32.dll
 0004:00002690       __imp_AbortDoc             0000000140022690     gdi32:GDI32.dll
 0004:00002698       __imp_DeleteObject         0000000140022698     gdi32:GDI32.dll
 0004:000026a0       __imp_GetStockObject       00000001400226a0     gdi32:GDI32.dll
 0004:000026a8       GDI32_NULL_THUNK_DATA     00000001400226a8     gdi32:GDI32.dll
 0004:000026b0       __imp_CreateStatusWindowW  00000001400226b0     comctl32:COMCTL32.dll
 0004:000026b8       __imp_InitCommonControls   00000001400226b8     comctl32:COMCTL32.dll
 0004:000026c0       __imp_ImageList_Destroy    00000001400226c0     comctl32:COMCTL32.dll
 0004:000026c8       __imp_ImageList_Create     00000001400226c8     comctl32:COMCTL32.dll
 0004:000026d0       __imp_ImageList_ReplaceIcon 00000001400226d0     comctl32:COMCTL32.dll
 0004:000026d8       COMCTL32_NULL_THUNK_DATA  00000001400226d8     comctl32:COMCTL32.dll
 0004:000026e0       __imp_ChooseColorW         00000001400226e0     comdlg32:COMDLG32.dll
 0004:000026e8       __imp_PrintDlgW            00000001400226e8     comdlg32:COMDLG32.dll
 0004:000026f0       __imp_ChooseFontW          00000001400226f0     comdlg32:COMDLG32.dll
 0004:000026f8       __imp_GetOpenFileNameW     00000001400226f8     comdlg32:COMDLG32.dll
 0004:00002700       __imp_GetSaveFileNameW     0000000140022700     comdlg32:COMDLG32.dll
 0004:00002708       COMDLG32_NULL_THUNK_DATA  0000000140022708     comdlg32:COMDLG32.dll
 0004:00002710       __imp_IsTextUnicode        0000000140022710     advapi32:ADVAPI32.dll
 0004:00002718       __imp_RegOpenKeyExW        0000000140022718     advapi32:ADVAPI32.dll
 0004:00002720       __imp_RegQueryValueExW     0000000140022720     advapi32:ADVAPI32.dll
 0004:00002728       __imp_RegCloseKey          0000000140022728     advapi32:ADVAPI32.dll
 0004:00002730       ADVAPI32_NULL_THUNK_DATA  0000000140022730     advapi32:ADVAPI32.dll
 0004:00002738       __imp_DragAcceptFiles      0000000140022738     shell32:SHELL32.dll
 0004:00002740       __imp_DragQueryFileW       0000000140022740     shell32:SHELL32.dll
 0004:00002748       __imp_DragFinish           0000000140022748     shell32:SHELL32.dll
 0004:00002750       __imp_SHAddToRecentDocs    0000000140022750     shell32:SHELL32.dll
 0004:00002758       __imp_SHFindFiles          0000000140022758     shell32:SHELL32.dll
 0004:00002760       __imp_SHObjectProperties   0000000140022760     shell32:SHELL32.dll
 0004:00002768       SHELL32_NULL_THUNK_DATA   0000000140022768     shell32:SHELL32.dll
 0004:00002770       __imp_RunFileDlg           0000000140022770     shell32x:shell32.dll
 0004:00002778       shell32_NULL_THUNK_DATA   0000000140022778     shell32x:shell32.dll
 0004:00002780       __imp_PathQuoteSpacesW     0000000140022780     shlwapi:SHLWAPI.dll
 0004:00002788       SHLWAPI_NULL_THUNK_DATA   0000000140022788     shlwapi:SHLWAPI.dll
 0004:000052c0       g_lock                     00000001400252c0     <common>
 0004:00005300       g_outw_buf                 0000000140025300     <common>
 0004:00005320       g_hInst                    0000000140025320     <common>
 0004:00005340       g_hDll                     0000000140025340     <common>
 0004:00005360       g_hIcon                    0000000140025360     <common>
 0004:00005380       g_hSmallIcon               0000000140025380     <common>
 0004:000053a0       g_hIml                     00000001400253a0     <common>
 0004:000053c0       g_szinifile                00000001400253c0     <common>
 0004:000057e0       g_hFont                    00000001400257e0     <common>
 0004:00005800       g_bwrap                    0000000140025800     <common>
 0004:00005820       g_bontop                   0000000140025820     <common>
 0004:00005840       g_hAccel                   0000000140025840     <common>
 0004:00005860       g_hMain                    0000000140025860     <common>
 0004:00005880       g_hMainmenu                0000000140025880     <common>
 0004:000058a0       g_hFilemenu                00000001400258a0     <common>
 0004:000058c0       g_hEditmenu                00000001400258c0     <common>
 0004:000058e0       g_hToolsmenu               00000001400258e0     <common>
 0004:00005900       g_hViewmenu                0000000140025900     <common>
 0004:00005920       g_sztextbuf                0000000140025920     <common>
 0004:00005d20       g_hTab                     0000000140025d20     <common>
 0004:00005d40       g_szbuf                    0000000140025d40     <common>
 0004:00006160       tab_data                   0000000140026160     <common>
 0004:0000dda0       g_curtab                   000000014002dda0     <common>
 0004:0000ddc0       g_converting               000000014002ddc0     <common>
 0004:0000dde0       g_tab_old_proc             000000014002dde0     <common>
 0004:0000de00       g_rich_old_proc            000000014002de00     <common>
 0004:0000de20       g_fontheight               000000014002de20     <common>
 0004:0000de40       g_outw_old_proc            000000014002de40     <common>
 0004:0000de60       g_bcase                    000000014002de60     <common>
 0004:0000de80       g_bwhole                   000000014002de80     <common>
 0004:0000dea0       g_ball                     000000014002dea0     <common>
 0004:0000dec0       g_szrepbuf                 000000014002dec0     <common>
 0004:0000e2c0       g_hStatus                  000000014002e2c0     <common>
 0004:0000e2e0       g_bom_written              000000014002e2e0     <common>
 0004:0000e300       g_hRich                    000000014002e300     <common>
 0004:0000e320       __crtheapsize              000000014002e320     <common>
 0004:0000e340       __sigtab                   000000014002e340     <common>
 0004:0000e4a0       __malloc_hiword            000000014002e4a0     <common>
 0004:0000e4c0       __malloc_mem               000000014002e4c0     <common>
 0004:0000e4e0       __malloc_loword            000000014002e4e0     <common>
 0004:0000e500       __malloc_lastbin           000000014002e500     <common>
 0004:0000e520       __malloc_rovers            000000014002e520     <common>
 0004:0000e580       __malloc_firstbin          000000014002e580     <common>
 0004:0000e5a0       __argc                     000000014002e5a0     <common>
 0004:0000e5c0       __argv                     000000014002e5c0     <common>
 0004:0000e5e0       __envp                     000000014002e5e0     <common>
 0004:0000e600       __crtheap                  000000014002e600     <common>
 0004:0000e620       __iotab                    000000014002e620     <common>
 0004:0000ea20       __original_stderr_osfhnd   000000014002ea20     <common>
 0004:0000ea40       __iolim                    000000014002ea40     <common>
 0004:0000ea60       __atfuncs                  000000014002ea60     <common>
 0004:0000ece0       __atcount0                 000000014002ece0     <common>

 entry point at        0001:00010850

 Static symbols

 0001:00002725       _StringLengthWorkerW       0000000140003725 f   misc.obj
 0001:000027be       _StringValidateDestW       00000001400037be f   misc.obj
 0001:00002801       _StringValidateDestAndLengthW 0000000140003801 f   misc.obj
 0001:0000286e       _StringCopyWorkerW         000000014000386e f   misc.obj
 0001:0000293d       StringCchCatW              000000014000393d f   misc.obj
 0001:00003046       _StringLengthWorkerW       0000000140004046 f   pathutils.obj
 0001:000030ea       _StringValidateDestW       00000001400040ea f   pathutils.obj
 0001:0000312d       _StringValidateDestAndLengthW 000000014000412d f   pathutils.obj
 0001:0000319a       _StringCopyWorkerW         000000014000419a f   pathutils.obj
 0001:00003269       StringCchCopyNW            0000000140004269 f   pathutils.obj
 0001:00003317       StringCchCatW              0000000140004317 f   pathutils.obj
 0001:000060d0       _StringValidateDestW       00000001400070d0 f   rich.obj
 0001:00006113       _StringVPrintfWorkerW      0000000140007113 f   rich.obj
 0001:0000621e       StringCchPrintfW           000000014000721e f   rich.obj
 0001:0000fa28       _StringLengthWorkerW       0000000140010a28 f   textedit.obj
 0001:0000facc       _StringValidateDestW       0000000140010acc f   textedit.obj
 0001:0000fb0f       _StringValidateDestAndLengthW 0000000140010b0f f   textedit.obj
 0001:0000fb7c       _StringCopyWorkerW         0000000140010b7c f   textedit.obj
 0001:0000fc4b       _StringVPrintfWorkerW      0000000140010c4b f   textedit.obj
 0001:0000fd56       StringCchCopyW             0000000140010d56 f   textedit.obj
 0001:0000fdd8       StringCchCopyNW            0000000140010dd8 f   textedit.obj
 0001:0000fe86       StringCchCatW              0000000140010e86 f   textedit.obj
 0001:0000ff03       StringCchPrintfW           0000000140010f03 f   textedit.obj
 0001:00010340       prout                      0000000140011340 f   crtmt64:vsnwprintf.obj
 0001:000106c0       _threadstart               00000001400116c0 f   crtmt64:thread.obj
 0001:00010710       _threadstart@filt@1        0000000140011710 f   crtmt64:thread.obj
 0001:00010960       WinMainCRTStartup@filt@1   0000000140011960 f   crtmt64:_wincrt0.obj
 0001:000111b0       grabhunk                   00000001400121b0 f   crtmt64:malloc.obj
 0001:00011890       malloc@term@1              0000000140012890 f   crtmt64:malloc.obj
 0001:00011cb0       free@term@1                0000000140012cb0 f   crtmt64:free.obj
 0001:00011e60       thread_reuse_add           0000000140012e60 f   crtmt64:_thrdnew.obj
 0001:00011ed0       thread_reuse_remove        0000000140012ed0 f   crtmt64:_thrdnew.obj
 0001:00012450       scale_count                0000000140013450 f   crtmt64:clock.obj
 0001:000127a0       parse_cmdline              00000001400137a0 f   crtmt64:_setargv.obj
 0001:00012be0       exit@term@1                0000000140013be0 f   crtmt64:exit.obj
 0001:000139d0       ctrlevent_capture          00000001400149d0 f   crtmt64:signal.obj
 0001:00013eb0       lock                       0000000140014eb0 f   crtmt64:_mtxlock.obj
 0001:00013fb0       trylock                    0000000140014fb0 f   crtmt64:_mtxlock.obj
 0001:00014040       unlock                     0000000140015040 f   crtmt64:_mtxlock.obj
 0001:00016ba0       write_txt_ansi             0000000140017ba0 f   crtmt64:write.obj
 0001:00016d00       write_txt_utf16            0000000140017d00 f   crtmt64:write.obj
 0001:00016e80       write_txt_utf8             0000000140017e80 f   crtmt64:write.obj
 0001:00017050       write_bin                  0000000140018050 f   crtmt64:write.obj
 0001:00017350       _write@term@1              0000000140018350 f   crtmt64:write.obj
 0001:00017370       closeall                   0000000140018370 f   crtmt64:fclose.obj
 0001:000173f0       __init_closeall@term@1     00000001400183f0 f   crtmt64:fclose.obj
 0001:00017410       _mt_fclose                 0000000140018410 f   crtmt64:fclose.obj
 0001:00017580       fclose@term@1              0000000140018580 f   crtmt64:fclose.obj
 0001:00017a40       lock_ioinfo                0000000140018a40 f   crtmt64:_osfinfo.obj
 0001:00017a90       unlock_ioinfo              0000000140018a90 f   crtmt64:_osfinfo.obj
