 textedit.exe

 Timestamp is 5f52758f (Fri Sep  4 20:12:47 2020)

 Preferred load address is 0000000140000000

 Start         Length     Name                   Class
 0001:00000000 0001967dH .text                   CODE
 0002:00000000 00000f90H .pdata                  DATA
 0003:00000000 00000e9cH .xdata                  DATA
 0003:00000ea0 00003728H .rdata                  DATA
 0004:00000000 00001a08H .data                   DATA
 0004:00001a08 000000b4H .idata$2                DATA
 0004:00001abc 00000014H .idata$3                DATA
 0004:00001ad0 00000678H .idata$4                DATA
 0004:00002148 00000678H .idata$5                DATA
 0004:000027c0 00000d76H .idata$6                DATA
 0004:00003540 0000b808H .bss                    DATA
 0005:00000000 00008c1cH .rsrc                   DATA
 0006:00000000 000004e8H .reloc                  DATA

  Address         Publics by Value              Rva+Base             Lib:Object

 0001:00000000       LoadFontFromInifile        0000000140001000 f   config.obj
 0001:00000065       SaveWindowPosition         0000000140001065 f   config.obj
 0001:00000122       LoadWindowPosition         0000000140001122 f   config.obj
 0001:0000015e       SaveDlgPosition            000000014000115e f   config.obj
 0001:000001b2       LoadDlgPosition            00000001400011b2 f   config.obj
 0001:000001f1       LoadCBBHistoryFromINI      00000001400011f1 f   config.obj
 0001:00000365       SaveCBBHistoryToINI        0000000140001365 f   config.obj
 0001:000007d0       ENC_CheckBOM               00000001400017d0 f   encoding.obj
 0001:000008e4       ENC_IsUTF8                 00000001400018e4 f   encoding.obj
 0001:00000b93       ENC_IsUNICODE              0000000140001b93 f   encoding.obj
 0001:00000c2e       ENC_CheckEncoding          0000000140001c2e f   encoding.obj
 0001:00000d10       ENC_FileCheckEncoding      0000000140001d10 f   encoding.obj
 0001:00000ea5       ENC_EncTypeToStr           0000000140001ea5 f   encoding.obj
 0001:00000edb       ENC_ChangeEndian           0000000140001edb f   encoding.obj
 0001:00000f4c       Utf32Get                   0000000140001f4c f   encoding.obj
 0001:00001006       Utf8Put                    0000000140002006 f   encoding.obj
 0001:00001204       Utf32Bom                   0000000140002204 f   encoding.obj
 0001:000012e4       ENC_Utf32Utf8_LE           00000001400022e4 f   encoding.obj
 0001:00001411       ENC_Utf32Utf8_BE           0000000140002411 f   encoding.obj
 0001:0000153e       ENC_Uint32_to_BE           000000014000253e f   encoding.obj
 0001:00001583       ENC_CheckUtf32_LE          0000000140002583 f   encoding.obj
 0001:0000165a       ENC_CheckUtf32_BE          000000014000265a f   encoding.obj
 0001:00001740       alloc_and_zero_mem         0000000140002740 f   mem.obj
 0001:00001794       free_mem                   0000000140002794 f   mem.obj
 0001:000017e0       SetMenuItemText            00000001400027e0 f   menus.obj
 0001:0000188f       GetMenuItemText            000000014000288f f   menus.obj
 0001:00001970       ShowMessage                0000000140002970 f   misc.obj
 0001:00001ae9       BeginDraw                  0000000140002ae9 f   misc.obj
 0001:00001b13       EndDraw                    0000000140002b13 f   misc.obj
 0001:00001b53       undiv                      0000000140002b53 f   misc.obj
 0001:00001b89       untoa                      0000000140002b89 f   misc.obj
 0001:00001c4b       intoa                      0000000140002c4b f   misc.obj
 0001:00001ca9       topxy                      0000000140002ca9 f   misc.obj
 0001:00001cc3       Parse_OUT_Buf              0000000140002cc3 f   misc.obj
 0001:00001e0f       Parse_OUT_Buf_Proc         0000000140002e0f f   misc.obj
 0001:00001e51       HexDump                    0000000140002e51 f   misc.obj
 0001:0000208b       HexDumpProc                000000014000308b f   misc.obj
 0001:000020be       PB_NewProgressBar          00000001400030be f   misc.obj
 0001:00002172       ExecAndCapture             0000000140003172 f   misc.obj
 0001:0000267e       SimpleExec                 000000014000367e f   misc.obj
 0001:0000274e       GetDefaultBrowser          000000014000374e f   misc.obj
 0001:00002a70       CopyListToClipboard        0000000140003a70 f   misc.obj
 0001:00002c57       CenterDlg                  0000000140003c57 f   misc.obj
 0001:00002cff       IsThereAnotherInstance     0000000140003cff f   misc.obj
 0001:00003650       FILE_CommandLineToArgv     0000000140004650 f   pathutils.obj
 0001:000038af       FILE_Extract_ext           00000001400048af f   pathutils.obj
 0001:0000391a       FILE_Extract_path          000000014000491a f   pathutils.obj
 0001:000039cd       FILE_Extract_full_fname    00000001400049cd f   pathutils.obj
 0001:00003a3d       FILE_Extract_filename      0000000140004a3d f   pathutils.obj
 0001:00003b19       FILE_FileExists            0000000140004b19 f   pathutils.obj
 0001:00003b6a       FILE_GetFileSize           0000000140004b6a f   pathutils.obj
 0001:00003c01       FILE_MakeFullIniFname      0000000140004c01 f   pathutils.obj
 0001:00004040       Rich_GetCaretPos           0000000140005040 f   rich.obj
 0001:000040cc       Rich_GetModified           00000001400050cc f   rich.obj
 0001:000040f8       Rich_CanUndo               00000001400050f8 f   rich.obj
 0001:00004124       Rich_CanRedo               0000000140005124 f   rich.obj
 0001:00004150       Rich_CanPaste              0000000140005150 f   rich.obj
 0001:0000417c       Rich_SetModified           000000014000517c f   rich.obj
 0001:000041a9       Rich_ConvertCase           00000001400051a9 f   rich.obj
 0001:00004284       Rich_ConvertTabsToSpaces   0000000140005284 f   rich.obj
 0001:0000430a       Rich_SetBGColor            000000014000530a f   rich.obj
 0001:000045cf       Rich_SetFGColor            00000001400055cf f   rich.obj
 0001:00004908       Rich_FindNext              0000000140005908 f   rich.obj
 0001:000049fa       Rich_TabReplace            00000001400059fa f   rich.obj
 0001:00004abb       Rich_GotoLine              0000000140005abb f   rich.obj
 0001:00004b23       Rich_FindReplaceText       0000000140005b23 f   rich.obj
 0001:00004dd1       Rich_GetLineCount          0000000140005dd1 f   rich.obj
 0001:00004dfd       Rich_GetCrtLine            0000000140005dfd f   rich.obj
 0001:00004e46       Rich_GetSelText            0000000140005e46 f   rich.obj
 0001:00004edd       Rich_GetSelLen             0000000140005edd f   rich.obj
 0001:00004f11       Rich_Print                 0000000140005f11 f   rich.obj
 0001:00005cd9       Rich_NewRichedit           0000000140006cd9 f   rich.obj
 0001:000060dc       Rich_Streamin              00000001400070dc f   rich.obj
 0001:00006263       Rich_SelStreamin           0000000140007263 f   rich.obj
 0001:000063d5       Rich_Streamout             00000001400073d5 f   rich.obj
 0001:00006545       Rich_SelStreamout          0000000140007545 f   rich.obj
 0001:000066b4       Rich_SetFontNoCF           00000001400076b4 f   rich.obj
 0001:000066e2       Rich_SetFont               00000001400076e2 f   rich.obj
 0001:00006903       Rich_ToggleSelBar          0000000140007903 f   rich.obj
 0001:00006b0a       Rich_WordWrap              0000000140007b0a f   rich.obj
 0001:00006b64       Rich_SaveSelandcurpos      0000000140007b64 f   rich.obj
 0001:00006bcc       Rich_RestoreSelandcurpos   0000000140007bcc f   rich.obj
 0001:00006c34       Rich_CreateShowCaret       0000000140007c34 f   rich.obj
 0001:00006c78       Rich_GetFontHeight         0000000140007c78 f   rich.obj
 0001:00006d3a       Rich_ClearText             0000000140007d3a f   rich.obj
 0001:00006f90       SB_MakeStatusBar           0000000140007f90 f   sbar.obj
 0001:00007074       SB_MenuHelp                0000000140008074 f   sbar.obj
 0001:0000712e       SB_StatusResizePanels      000000014000812e f   sbar.obj
 0001:00007225       SB_StatusSetSimple         0000000140008225 f   sbar.obj
 0001:00007252       SB_StatusSetText           0000000140008252 f   sbar.obj
 0001:00007290       Tab_NewTab                 0000000140008290 f   tabs.obj
 0001:000073f3       Tab_NewTabPage             00000001400083f3 f   tabs.obj
 0001:0000744c       Tab_DeletePage             000000014000844c f   tabs.obj
 0001:0000747b       Tab_GetCurSel              000000014000847b f   tabs.obj
 0001:000074a7       Tab_SetCurSel              00000001400084a7 f   tabs.obj
 0001:000074d6       Tab_GetCurFocus            00000001400084d6 f   tabs.obj
 0001:00007502       Tab_SetCurFocus            0000000140008502 f   tabs.obj
 0001:00007531       Tab_GetCount               0000000140008531 f   tabs.obj
 0001:0000755d       Tab_SetText                000000014000855d f   tabs.obj
 0001:000075b6       Tab_SetPadding             00000001400085b6 f   tabs.obj
 0001:00007601       Tab_SetImageList           0000000140008601 f   tabs.obj
 0001:0000762f       Tab_SetImg                 000000014000862f f   tabs.obj
 0001:00007680       WinMain                    0000000140008680 f   textedit.obj
 0001:00007ea0       TabSubclassProc            0000000140008ea0 f   textedit.obj
 0001:00007f86       RichSubclassProc           0000000140008f86 f   textedit.obj
 0001:000081fb       OutwSubclassProc           00000001400091fb f   textedit.obj
 0001:000083cc       DLG_AboutDlgProc           00000001400093cc f   textedit.obj
 0001:0000846a       DLG_TabsDlgProc            000000014000946a f   textedit.obj
 0001:000085b4       DLG_FindDlgProc            00000001400095b4 f   textedit.obj
 0001:00008953       DLG_GotoDlgProc            0000000140009953 f   textedit.obj
 0001:00008b49       DLG_EXTToolDlgProc         0000000140009b49 f   textedit.obj
 0001:00008fac       DLG_OUTviewDlgProc         0000000140009fac f   textedit.obj
 0001:000091dd       WndProc                    000000014000a1dd f   textedit.obj
 0001:00009423       UpdateMenuStatus           000000014000a423 f   textedit.obj
 0001:000098bd       DLG_OpenDlg                000000014000a8bd f   textedit.obj
 0001:00009b0f       DLG_SaveDlg                000000014000ab0f f   textedit.obj
 0001:00009f03       STR_StreamInProc           000000014000af03 f   textedit.obj
 0001:0000aa54       STR_StreamOutProc          000000014000ba54 f   textedit.obj
 0001:0000b2c6       Prompt_to_save             000000014000c2c6 f   textedit.obj
 0001:0000b388       UpdateTitlebar             000000014000c388 f   textedit.obj
 0001:0000b3ed       Menu_WipeClipboard         000000014000c3ed f   textedit.obj
 0001:0000b42a       Menu_NewInstance           000000014000c42a f   textedit.obj
 0001:0000b474       Menu_MergeFile             000000014000c474 f   textedit.obj
 0001:0000b62f       Menu_SaveSelection         000000014000c62f f   textedit.obj
 0001:0000b6b6       CvtTabsProc                000000014000c6b6 f   textedit.obj
 0001:0000b761       ExpandMacro                000000014000c761 f   textedit.obj
 0001:0000ba25       DLG_OutputWnd              000000014000ca25 f   textedit.obj
 0001:0000ba5d       Menu_HexView               000000014000ca5d f   textedit.obj
 0001:0000bb5d       DLG_HEXViewDlgProc         000000014000cb5d f   textedit.obj
 0001:0000bd7f       Menu_RefreshFromDisk       000000014000cd7f f   textedit.obj
 0001:0000c026       ConvertTabsToSpaces        000000014000d026 f   textedit.obj
 0001:0000c153       EnableMenus                000000014000d153 f   textedit.obj
 0001:0000c6ce       Menu_Save                  000000014000d6ce f   textedit.obj
 0001:0000ca49       Menu_Saveas                000000014000da49 f   textedit.obj
 0001:0000cb01       Menu_New                   000000014000db01 f   textedit.obj
 0001:0000ce4a       Menu_ToggleMargin          000000014000de4a f   textedit.obj
 0001:0000d39f       Menu_Find                  000000014000e39f f   textedit.obj
 0001:0000d555       Menu_ConvertTabs           000000014000e555 f   textedit.obj
 0001:0000d62f       Menu_SetFont               000000014000e62f f   textedit.obj
 0001:0000d878       Menu_Print                 000000014000e878 f   textedit.obj
 0001:0000da0c       Menu_SetFGColor            000000014000ea0c f   textedit.obj
 0001:0000dc1e       Menu_SetBGColor            000000014000ec1e f   textedit.obj
 0001:0000dcf2       UpdateEncodingMenus        000000014000ecf2 f   textedit.obj
 0001:0000dd9c       TD_UpdateTabDataEntry      000000014000ed9c f   textedit.obj
 0001:0000e104       TD_RebuildTabData          000000014000f104 f   textedit.obj
 0001:0000e22e       UpdateCaretPos             000000014000f22e f   textedit.obj
 0001:0000e2c2       Menu_WWrap                 000000014000f2c2 f   textedit.obj
 0001:0000e426       UpdateModifiedStatus       000000014000f426 f   textedit.obj
 0001:0000e54a       UpdateEncodingStatus       000000014000f54a f   textedit.obj
 0001:0000e6a2       Menu_Open                  000000014000f6a2 f   textedit.obj
 0001:0000e7f3       Menu_Quit                  000000014000f7f3 f   textedit.obj
 0001:0000e822       QuitSaveCheck              000000014000f822 f   textedit.obj
 0001:0000e8d3       RemoveTab                  000000014000f8d3 f   textedit.obj
 0001:0000eabb       MainWND_OnDropFiles        000000014000fabb f   textedit.obj
 0001:0000eda4       MainWND_OnNotify           000000014000fda4 f   textedit.obj
 0001:0000efa3       MainWND_OnCreate           000000014000ffa3 f   textedit.obj
 0001:0000f1b3       MainWND_OnSize             00000001400101b3 f   textedit.obj
 0001:0000f2ef       MainWND_OnInitMenuPopup    00000001400102ef f   textedit.obj
 0001:0000f35f       MainWND_OnCommand          000000014001035f f   textedit.obj
 0001:0000fc54       OpenFileListFromCMDL       0000000140010c54 f   textedit.obj
 0001:0000ff4d       OpenFileListFromOFD        0000000140010f4d f   textedit.obj
 0001:00010336       CycleTabs                  0000000140011336 f   textedit.obj
 0001:000104e1       InitImgList                00000001400114e1 f   textedit.obj
 0001:000105aa       Menu_Ontop                 00000001400115aa f   textedit.obj
 0001:00010702       MainWND_OnCopyData         0000000140011702 f   textedit.obj
 0001:00010e53       RunFileDlg                 0000000140011e53     shell32x:shell32.dll
 0001:00010e90       _vsnwprintf                0000000140011e90 f   crtmt64:vsnwprintf.obj
 0001:00010ef0       memcmp                     0000000140011ef0 f   crtmt64:memcmp.obj
 0001:00010fc0       __C_specific_handler       0000000140011fc0 f   crtmt64:_ehandler.obj
 0001:00011140       memset                     0000000140012140 f   crtmt64:memset.obj
 0001:00011230       ldiv                       0000000140012230 f   crtmt64:ldiv.obj
 0001:00011250       isprint                    0000000140012250 f   crtmt64:isprint.obj
 0001:00011280       memcpy                     0000000140012280 f   crtmt64:memcpy.obj
 0001:00011280       memmove                    0000000140012280     crtmt64:memcpy.obj
 0001:000115e0       _beginthread               00000001400125e0 f   crtmt64:thread.obj
 0001:000116a0       _endthread                 00000001400126a0 f   crtmt64:thread.obj
 0001:00011700       WinMainCRTStartup          0000000140012700 f   crtmt64:_wincrt0.obj
 0001:00011830       __wprintf                  0000000140012830 f   crtmt64:_wprintf.obj
 0001:00011bb0       __crt_abort                0000000140012bb0 f   crtmt64:_crtabort.obj
 0001:00011d00       __mtinit                   0000000140012d00 f   crtmt64:_tidtable.obj
 0001:00011d70       __mtterm                   0000000140012d70 f   crtmt64:_tidtable.obj
 0001:00011de0       __init_mtd                 0000000140012de0 f   crtmt64:_tidtable.obj
 0001:00011e70       __get_mtd                  0000000140012e70 f   crtmt64:_tidtable.obj
 0001:00011ef0       __free_mtd                 0000000140012ef0 f   crtmt64:_tidtable.obj
 0001:00011fe0       __xcptfilter               0000000140012fe0 f   crtmt64:_xcptfilter.obj
 0001:00012340       __sheap_alloc              0000000140013340 f   crtmt64:malloc.obj
 0001:000126c0       malloc                     00000001400136c0 f   crtmt64:malloc.obj
 0001:00012760       __sheap_free               0000000140013760 f   crtmt64:free.obj
 0001:00012b00       free                       0000000140013b00 f   crtmt64:free.obj
 0001:00012b80       __maposerr                 0000000140013b80 f   crtmt64:_maperr.obj
 0001:00012ca0       __errno                    0000000140013ca0 f   crtmt64:_maperr.obj
 0001:00012cc0       __thrd_free_reuse          0000000140013cc0 f   crtmt64:_thrdnew.obj
 0001:00012e00       __thrd_new                 0000000140013e00 f   crtmt64:_thrdnew.obj
 0001:00012ee0       __thrd_free                0000000140013ee0 f   crtmt64:_thrdnew.obj
 0001:00012f50       __thrd_detach              0000000140013f50 f   crtmt64:_thrdnew.obj
 0001:00012fb0       __bheapinit                0000000140013fb0 f   crtmt64:_bigheap.obj
 0001:00012fe0       __bheapterm                0000000140013fe0 f   crtmt64:_bigheap.obj
 0001:00013010       __bheap_aligned_alloc      0000000140014010 f   crtmt64:_bigheap.obj
 0001:00013080       __bheap_aligned_realloc    0000000140014080 f   crtmt64:_bigheap.obj
 0001:00013180       __bheap_alloc              0000000140014180 f   crtmt64:_bigheap.obj
 0001:00013190       __bheap_realloc            0000000140014190 f   crtmt64:_bigheap.obj
 0001:000131a0       __bheap_free               00000001400141a0 f   crtmt64:_bigheap.obj
 0001:000131c0       __bheap_size               00000001400141c0 f   crtmt64:_bigheap.obj
 0001:00013200       __bheap_validate           0000000140014200 f   crtmt64:_bigheap.obj
 0001:00013240       __features                 0000000140014240 f   crtmt64:features.obj
 0001:00013340       __clockinit                0000000140014340 f   crtmt64:clock.obj
 0001:000133a0       clock                      00000001400143a0 f   crtmt64:clock.obj
 0001:000133f0       __ioinit                   00000001400143f0 f   crtmt64:_ioinit.obj
 0001:00013550       __ioterm                   0000000140014550 f   crtmt64:_ioinit.obj
 0001:000135e0       __new_iotab                00000001400145e0 f   crtmt64:_ioinit.obj
 0001:00013800       __setargv                  0000000140014800 f   crtmt64:_setargv.obj
 0001:000138c0       __setenvp                  00000001400148c0 f   crtmt64:_setenvp.obj
 0001:000139c0       __wincmdln                 00000001400149c0 f   crtmt64:_wincmdln.obj
 0001:00013a10       exit                       0000000140014a10 f   crtmt64:exit.obj
 0001:00013ab0       wcscspn                    0000000140014ab0 f   crtmt64:wcscspn.obj
 0001:00013b00       __iswctype                 0000000140014b00 f   crtmt64:_iswctype.obj
 0001:00013b80       __wputfield                0000000140014b80 f   crtmt64:_wputfield.obj
 0001:000141b0       __wputtxt                  00000001400151b0 f   crtmt64:_wputtxt.obj
 0001:00014410       __mtinitlocks              0000000140015410 f   crtmt64:_mtlock.obj
 0001:00014460       __mttermlocks              0000000140015460 f   crtmt64:_mtlock.obj
 0001:00014500       __mtlock                   0000000140015500 f   crtmt64:_mtlock.obj
 0001:00014590       __mtunlock                 0000000140015590 f   crtmt64:_mtlock.obj
 0001:000145b0       __mtlock_stream            00000001400155b0 f   crtmt64:_mtlock.obj
 0001:000145e0       __mtunlock_stream          00000001400155e0 f   crtmt64:_mtlock.obj
 0001:00014610       __mt_fputs                 0000000140015610 f   crtmt64:fputs.obj
 0001:00014650       fputs                      0000000140015650 f   crtmt64:fputs.obj
 0001:000146a0       _Exit                      00000001400156a0 f   crtmt64:_exit.obj
 0001:000146b0       ignore_handler_s           00000001400156b0 f   crtmt64:constraint_handler_s.obj
 0001:000146c0       set_constraint_handler_s   00000001400156c0 f   crtmt64:constraint_handler_s.obj
 0001:000146f0       _crt_constraint            00000001400156f0 f   crtmt64:constraint_handler_s.obj
 0001:00014720       _strdup                    0000000140015720 f   crtmt64:strdup.obj
 0001:00014780       strdup                     0000000140015780 f   crtmt64:strdup.obj
 0001:00014790       __get_c_locale             0000000140015790 f   crtmt64:_clocale.obj
 0001:000148d0       signal                     00000001400158d0 f   crtmt64:signal.obj
 0001:000149e0       __getmem                   00000001400159e0 f   crtmt64:_getmem.obj
 0001:00014ab0       __mtx_init                 0000000140015ab0 f   crtmt64:_mtxinit.obj
 0001:00014b50       __mtx_destroy              0000000140015b50 f   crtmt64:_mtxinit.obj
 0001:00014c00       calloc                     0000000140015c00 f   crtmt64:calloc.obj
 0001:00014c60       __tss_user_destructors     0000000140015c60 f   crtmt64:_tss_dtors.obj
 0001:00014f90       __mtx_lock                 0000000140015f90 f   crtmt64:_mtxlock.obj
 0001:00014fa0       __mtx_timedlock            0000000140015fa0 f   crtmt64:_mtxlock.obj
 0001:00014fc0       __mtx_trylock              0000000140015fc0 f   crtmt64:_mtxlock.obj
 0001:00014fd0       __mtx_unlock               0000000140015fd0 f   crtmt64:_mtxlock.obj
 0001:00014fe0       __set_default_crt_heap_size 0000000140015fe0 f   crtmt64:_dflheap.obj
 0001:00014ff0       __ioexport                 0000000140015ff0 f   crtmt64:_ioxfer.obj
 0001:00015100       __ioimport                 0000000140016100 f   crtmt64:_ioxfer.obj
 0001:000151e0       __btowc                    00000001400161e0 f   crtmt64:_btowc.obj
 0001:00015230       __wlitob                   0000000140016230 f   crtmt64:_wlitob.obj
 0001:000153b0       __fptestl                  00000001400163b0 f   crtmt64:_fptestl.obj
 0001:000153c0       __wldtob                   00000001400163c0 f   crtmt64:_wldtob.obj
 0001:00015b50       wmemchr                    0000000140016b50 f   crtmt64:wmemchr.obj
 0001:00015b70       __wputstr                  0000000140016b70 f   crtmt64:_wputstr.obj
 0001:00015ce0       __mt_fputc                 0000000140016ce0 f   crtmt64:fputc.obj
 0001:00015d50       fputc                      0000000140016d50 f   crtmt64:fputc.obj
 0001:00015d80       __buf_stream               0000000140016d80 f   crtmt64:_stbuf.obj
 0001:00015e30       __unbuf_stream             0000000140016e30 f   crtmt64:_stbuf.obj
 0001:00015e90       __strerror                 0000000140016e90 f   crtmt64:_strerror.obj
 0001:00016190       __oshnd_wait               0000000140017190 f   crtmt64:_thrdwait.obj
 0001:000161c0       __thrd_wait                00000001400171c0 f   crtmt64:_thrdwait.obj
 0001:000161d0       __thrd_timedwait           00000001400171d0 f   crtmt64:_thrdwait.obj
 0001:000161e0       __thrd_sleep               00000001400171e0 f   crtmt64:_thrdwait.obj
 0001:000161f0       __tss_init                 00000001400171f0 f   crtmt64:_tss.obj
 0001:00016220       __tss_free                 0000000140017220 f   crtmt64:_tss.obj
 0001:00016240       __tss_get                  0000000140017240 f   crtmt64:_tss.obj
 0001:00016250       __tss_set                  0000000140017250 f   crtmt64:_tss.obj
 0001:00016270       __thrd_key_create          0000000140017270 f   crtmt64:_thrdkey.obj
 0001:000162f0       __thrd_key_destroy         00000001400172f0 f   crtmt64:_thrdkey.obj
 0001:00016360       thrd_current               0000000140017360 f   crtmt64:thrd_current.obj
 0001:000163d0       thrd_equal                 00000001400173d0 f   crtmt64:thrd_equal.obj
 0001:000163f0       __mbtowc                   00000001400173f0 f   crtmt64:_mbtowc.obj
 0001:00016720       __fptest                   0000000140017720 f   crtmt64:_fptest.obj
 0001:000167a0       __fpunscalel               00000001400177a0 f   crtmt64:_fpunscalel.obj
 0001:000167b0       __fpscalel                 00000001400177b0 f   crtmt64:_fpscalel.obj
 0001:000167c0       __wgenld                   00000001400177c0 f   crtmt64:_wgenld.obj
 0001:00016c70       __fpgetwl                  0000000140017c70 f   crtmt64:_fpxprecl.obj
 0001:00016d00       __fpsetwl                  0000000140017d00 f   crtmt64:_fpxprecl.obj
 0001:00016e30       __fpaddhl                  0000000140017e30 f   crtmt64:_fpxprecl.obj
 0001:00017220       __fpmulhl                  0000000140018220 f   crtmt64:_fpxprecl.obj
 0001:00017410       __fpsetnl                  0000000140018410 f   crtmt64:_fpxprecl.obj
 0001:00017430       __fpmovxl                  0000000140018430 f   crtmt64:_fpxprecl.obj
 0001:00017450       __fpaddxl                  0000000140018450 f   crtmt64:_fpxprecl.obj
 0001:000174b0       __fpsubxl                  00000001400184b0 f   crtmt64:_fpxprecl.obj
 0001:00017520       __fpldexpxl                0000000140018520 f   crtmt64:_fpxprecl.obj
 0001:00017580       __fpmulxl                  0000000140018580 f   crtmt64:_fpxprecl.obj
 0001:00017680       __fpinvxl                  0000000140018680 f   crtmt64:_fpxprecl.obj
 0001:000177d0       __fflush                   00000001400187d0 f   crtmt64:_fflush.obj
 0001:00017900       __fwrite                   0000000140018900 f   crtmt64:_fwrite.obj
 0001:00017a10       _fileno                    0000000140018a10 f   crtmt64:fileno.obj
 0001:00017a20       _isatty                    0000000140018a20 f   crtmt64:isatty.obj
 0001:00017a50       ___mbtowc                  0000000140018a50 f   crtmt64:__mbtowc.obj
 0001:00017b00       __fpunscale                0000000140018b00 f   crtmt64:_fpunscale.obj
 0001:00017ba0       __fpscale                  0000000140018ba0 f   crtmt64:_fpscale.obj
 0001:00017da0       __fpintl                   0000000140018da0 f   crtmt64:_fpintl.obj
 0001:00017db0       __feraise                  0000000140018db0 f   crtmt64:_feraise.obj
 0001:00017df0       ldexpl                     0000000140018df0 f   crtmt64:ldexpl.obj
 0001:00018410       __mt_write                 0000000140019410 f   crtmt64:write.obj
 0001:000185e0       _write                     00000001400195e0 f   crtmt64:write.obj
 0001:00018700       __init_closeall            0000000140019700 f   crtmt64:fclose.obj
 0001:000188a0       fclose                     00000001400198a0 f   crtmt64:fclose.obj
 0001:000188f0       __fpnorm                   00000001400198f0 f   crtmt64:_fpnorm.obj
 0001:00018a60       __fpint                    0000000140019a60 f   crtmt64:_fpint.obj
 0001:00018bb0       feraiseexcept              0000000140019bb0 f   crtmt64:feraiseexcept.obj
 0001:00018c20       _matherr                   0000000140019c20 f   crtmt64:_matherr.obj
 0001:00018c90       __new_osfhnd               0000000140019c90 f   crtmt64:_osfinfo.obj
 0001:00018d90       __free_osfhnd              0000000140019d90 f   crtmt64:_osfinfo.obj
 0001:00018e40       __set_osfhnd               0000000140019e40 f   crtmt64:_osfinfo.obj
 0001:00018ee0       __get_osfhnd               0000000140019ee0 f   crtmt64:_osfinfo.obj
 0001:00018f00       __is_unicode_osfhnd        0000000140019f00 f   crtmt64:_osfinfo.obj
 0001:00018f40       __is_console_osfhnd        0000000140019f40 f   crtmt64:_osfinfo.obj
 0001:00018f90       _get_osfhandle             0000000140019f90 f   crtmt64:_osfinfo.obj
 0001:00018ff0       _open_osfhandle            0000000140019ff0 f   crtmt64:_osfinfo.obj
 0001:00019120       __lock_osfhnd              000000014001a120 f   crtmt64:_osfinfo.obj
 0001:00019150       __unlock_osfhnd            000000014001a150 f   crtmt64:_osfinfo.obj
 0001:00019180       __cp_to_cp                 000000014001a180 f   crtmt64:_cp2cp.obj
 0001:00019290       __mt_lseek64               000000014001a290 f   crtmt64:lseek64.obj
 0001:00019320       _lseek64                   000000014001a320 f   crtmt64:lseek64.obj
 0001:00019390       _Atexit                    000000014001a390 f   crtmt64:_atexit.obj
 0001:000193c0       __mt_close                 000000014001a3c0 f   crtmt64:close.obj
 0001:00019460       _close                     000000014001a460 f   crtmt64:close.obj
 0001:000194c0       remove                     000000014001a4c0 f   crtmt64:remove.obj
 0001:000194d0       abort                      000000014001a4d0 f   crtmt64:abort.obj
 0001:000194f0       _unlink                    000000014001a4f0 f   crtmt64:unlink.obj
 0001:00019520       raise                      000000014001a520 f   crtmt64:raise.obj
 0003:00001090       Alphabet                   000000014001d090     misc.obj
 0003:00004210       __c_times                  0000000140020210     crtmt64:_tinfo.obj
 0003:000043e0       __inf                      00000001400203e0     crtmt64:_values.obj
 0003:000043e8       __nan                      00000001400203e8     crtmt64:_values.obj
 0003:000043f0       __eps                      00000001400203f0     crtmt64:_values.obj
 0003:000043f8       __rteps                    00000001400203f8     crtmt64:_values.obj
 0003:00004400       __xbig                     0000000140020400     crtmt64:_values.obj
 0003:00004408       __zero                     0000000140020408     crtmt64:_values.obj
 0003:00004410       __llongmax                 0000000140020410     crtmt64:_values.obj
 0003:00004420       __negmask                  0000000140020420     crtmt64:_values.obj
 0003:00004430       __absmask                  0000000140020430     crtmt64:_values.obj
 0003:00004460       __infl                     0000000140020460     crtmt64:_lvalues.obj
 0003:00004468       __nanl                     0000000140020468     crtmt64:_lvalues.obj
 0003:00004470       __epsl                     0000000140020470     crtmt64:_lvalues.obj
 0003:00004478       __rtepsl                   0000000140020478     crtmt64:_lvalues.obj
 0003:00004480       __xbigl                    0000000140020480     crtmt64:_lvalues.obj
 0003:00004488       __zerol                    0000000140020488     crtmt64:_lvalues.obj
 0003:000045c8       __xi_a                     00000001400205c8     crtmt64:_initex.obj
 0003:000045c8       __xi_z                     00000001400205c8     crtmt64:_initex.obj
 0003:000045c8       __xt_a                     00000001400205c8     crtmt64:_initex.obj
 0003:000045c8       __xt_z                     00000001400205c8     crtmt64:_initex.obj
 0004:00000000       UTF_16_BE_BOM              0000000140021000     encoding.obj
 0004:00000008       UTF_16_LE_BOM              0000000140021008     encoding.obj
 0004:00000010       UTF_8_BOM                  0000000140021010     encoding.obj
 0004:00000018       UTF_32_BE_BOM              0000000140021018     encoding.obj
 0004:00000020       UTF_32_LE_BOM              0000000140021020     encoding.obj
 0004:00000090       opn_filter                 0000000140021090     misc.obj
 0004:00000098       opn_title                  0000000140021098     misc.obj
 0004:000000a0       sav_title                  00000001400210a0     misc.obj
 0004:000000a8       opn_defext                 00000001400210a8     misc.obj
 0004:000000b0       app_classname              00000001400210b0     misc.obj
 0004:000000b8       app_classname2             00000001400210b8     misc.obj
 0004:000000c0       app_title                  00000001400210c0     misc.obj
 0004:000000d0       g_bmargin                  00000001400210d0     textedit.obj
 0004:000000d4       g_bprompt                  00000001400210d4     textedit.obj
 0004:000000d8       g_bfwd                     00000001400210d8     textedit.obj
 0004:000000dc       g_bmenu_needs_update       00000001400210dc     textedit.obj
 0004:000000e0       g_dwtabsize                00000001400210e0     textedit.obj
 0004:000000e4       g_fencoding                00000001400210e4     textedit.obj
 0004:000000f0       __tlsidx                   00000001400210f0     crtmt64:_tidtable.obj
 0004:00000110       __bheap_threshold          0000000140021110     crtmt64:_crt0dat.obj
 0004:00000120       __feature_mask             0000000140021120     crtmt64:features.obj
 0004:00000140       __atcount                  0000000140021140     crtmt64:exit.obj
 0004:00000150       __stdin                    0000000140021150     crtmt64:_files.obj
 0004:000001d0       __stdout                   00000001400211d0     crtmt64:_files.obj
 0004:00000250       __stderr                   0000000140021250     crtmt64:_files.obj
 0004:000002d0       __filetab                  00000001400212d0     crtmt64:_files.obj
 0004:00001340       __c_locale                 0000000140022340     crtmt64:_clocale.obj
 0004:000016a0       __mbcurmax                 00000001400226a0     crtmt64:_state.obj
 0004:000016a8       __collatetab               00000001400226a8     crtmt64:_state.obj
 0004:00001728       __wcollatetab              0000000140022728     crtmt64:_state.obj
 0004:000017a8       __mbtowctab                00000001400227a8     crtmt64:_state.obj
 0004:00001828       __wctombtab                0000000140022828     crtmt64:_state.obj
 0004:000018b0       __ctypetab                 00000001400228b0     crtmt64:_ctypetab.obj
 0004:000018c0       __tolowertab               00000001400228c0     crtmt64:_tolowertab.obj
 0004:000018d0       __touppertab               00000001400228d0     crtmt64:_touppertab.obj
 0004:000018e0       __wctranstab               00000001400228e0     crtmt64:_wctranstab.obj
 0004:000018f0       __wctypetab                00000001400228f0     crtmt64:_wctypetab.obj
 0004:00001900       __locale                   0000000140022900     crtmt64:localeconv.obj
 0004:00001960       __times                    0000000140022960     crtmt64:_tinfo.obj
 0004:00001a08       __IMPORT_DESCRIPTOR_KERNEL32 0000000140022a08     kernel32:KERNEL32.dll
 0004:00001a1c       __IMPORT_DESCRIPTOR_USER32 0000000140022a1c     user32:USER32.dll
 0004:00001a30       __IMPORT_DESCRIPTOR_GDI32  0000000140022a30     gdi32:GDI32.dll
 0004:00001a44       __IMPORT_DESCRIPTOR_COMCTL32 0000000140022a44     comctl32:COMCTL32.dll
 0004:00001a58       __IMPORT_DESCRIPTOR_COMDLG32 0000000140022a58     comdlg32:COMDLG32.dll
 0004:00001a6c       __IMPORT_DESCRIPTOR_ADVAPI32 0000000140022a6c     advapi32:ADVAPI32.dll
 0004:00001a80       __IMPORT_DESCRIPTOR_SHELL32 0000000140022a80     shell32:SHELL32.dll
 0004:00001a94       __IMPORT_DESCRIPTOR_shell32 0000000140022a94     shell32x:shell32.dll
 0004:00001aa8       __IMPORT_DESCRIPTOR_SHLWAPI 0000000140022aa8     shlwapi:SHLWAPI.dll
 0004:00001abc       __NULL_IMPORT_DESCRIPTOR   0000000140022abc     kernel32:KERNEL32.dll
 0004:00002148       __imp_GetPrivateProfileStructW 0000000140023148     kernel32:KERNEL32.dll
 0004:00002150       __imp_WritePrivateProfileStringW 0000000140023150     kernel32:KERNEL32.dll
 0004:00002158       __imp_WritePrivateProfileStructW 0000000140023158     kernel32:KERNEL32.dll
 0004:00002160       __imp_GetPrivateProfileIntW 0000000140023160     kernel32:KERNEL32.dll
 0004:00002168       __imp_GetPrivateProfileStringW 0000000140023168     kernel32:KERNEL32.dll
 0004:00002170       __imp_CreateFileW          0000000140023170     kernel32:KERNEL32.dll
 0004:00002178       __imp_CreateFileMappingW   0000000140023178     kernel32:KERNEL32.dll
 0004:00002180       __imp_GetLastError         0000000140023180     kernel32:KERNEL32.dll
 0004:00002188       __imp_MapViewOfFile        0000000140023188     kernel32:KERNEL32.dll
 0004:00002190       __imp_GetFileSize          0000000140023190     kernel32:KERNEL32.dll
 0004:00002198       __imp_UnmapViewOfFile      0000000140023198     kernel32:KERNEL32.dll
 0004:000021a0       __imp_CloseHandle          00000001400231a0     kernel32:KERNEL32.dll
 0004:000021a8       __imp_LocalAlloc           00000001400231a8     kernel32:KERNEL32.dll
 0004:000021b0       __imp_LocalFree            00000001400231b0     kernel32:KERNEL32.dll
 0004:000021b8       __imp_GetModuleFileNameW   00000001400231b8     kernel32:KERNEL32.dll
 0004:000021c0       __imp_lstrlenW             00000001400231c0     kernel32:KERNEL32.dll
 0004:000021c8       __imp_GetModuleHandleW     00000001400231c8     kernel32:KERNEL32.dll
 0004:000021d0       __imp_CreatePipe           00000001400231d0     kernel32:KERNEL32.dll
 0004:000021d8       __imp_GetCurrentProcess    00000001400231d8     kernel32:KERNEL32.dll
 0004:000021e0       __imp_DuplicateHandle      00000001400231e0     kernel32:KERNEL32.dll
 0004:000021e8       __imp_CreateProcessW       00000001400231e8     kernel32:KERNEL32.dll
 0004:000021f0       __imp_ReadFile             00000001400231f0     kernel32:KERNEL32.dll
 0004:000021f8       __imp_MultiByteToWideChar  00000001400231f8     kernel32:KERNEL32.dll
 0004:00002200       __imp_VerSetConditionMask  0000000140023200     kernel32:KERNEL32.dll
 0004:00002208       __imp_VerifyVersionInfoW   0000000140023208     kernel32:KERNEL32.dll
 0004:00002210       __imp_GlobalAlloc          0000000140023210     kernel32:KERNEL32.dll
 0004:00002218       __imp_GlobalLock           0000000140023218     kernel32:KERNEL32.dll
 0004:00002220       __imp_GlobalUnlock         0000000140023220     kernel32:KERNEL32.dll
 0004:00002228       __imp_GlobalFree           0000000140023228     kernel32:KERNEL32.dll
 0004:00002230       __imp_lstrcpynW            0000000140023230     kernel32:KERNEL32.dll
 0004:00002238       __imp_FindFirstFileW       0000000140023238     kernel32:KERNEL32.dll
 0004:00002240       __imp_FindClose            0000000140023240     kernel32:KERNEL32.dll
 0004:00002248       __imp_MulDiv               0000000140023248     kernel32:KERNEL32.dll
 0004:00002250       __imp_InitializeCriticalSection 0000000140023250     kernel32:KERNEL32.dll
 0004:00002258       __imp_LoadLibraryW         0000000140023258     kernel32:KERNEL32.dll
 0004:00002260       __imp_GetCommandLineW      0000000140023260     kernel32:KERNEL32.dll
 0004:00002268       __imp_FreeLibrary          0000000140023268     kernel32:KERNEL32.dll
 0004:00002270       __imp_DeleteCriticalSection 0000000140023270     kernel32:KERNEL32.dll
 0004:00002278       __imp_lstrcmpW             0000000140023278     kernel32:KERNEL32.dll
 0004:00002280       __imp_WriteFile            0000000140023280     kernel32:KERNEL32.dll
 0004:00002288       __imp_GetACP               0000000140023288     kernel32:KERNEL32.dll
 0004:00002290       __imp_WideCharToMultiByte  0000000140023290     kernel32:KERNEL32.dll
 0004:00002298       __imp_EnterCriticalSection 0000000140023298     kernel32:KERNEL32.dll
 0004:000022a0       __imp_LeaveCriticalSection 00000001400232a0     kernel32:KERNEL32.dll
 0004:000022a8       __imp_RtlUnwindEx          00000001400232a8     kernel32:KERNEL32.dll
 0004:000022b0       __imp_TlsSetValue          00000001400232b0     kernel32:KERNEL32.dll
 0004:000022b8       __imp_CreateThread         00000001400232b8     kernel32:KERNEL32.dll
 0004:000022c0       __imp_ResumeThread         00000001400232c0     kernel32:KERNEL32.dll
 0004:000022c8       __imp_ExitThread           00000001400232c8     kernel32:KERNEL32.dll
 0004:000022d0       __imp_GetStartupInfoA      00000001400232d0     kernel32:KERNEL32.dll
 0004:000022d8       __imp_GetModuleHandleA     00000001400232d8     kernel32:KERNEL32.dll
 0004:000022e0       __imp_IsDebuggerPresent    00000001400232e0     kernel32:KERNEL32.dll
 0004:000022e8       __imp_OutputDebugStringA   00000001400232e8     kernel32:KERNEL32.dll
 0004:000022f0       __imp_TlsAlloc             00000001400232f0     kernel32:KERNEL32.dll
 0004:000022f8       __imp_GetCurrentThreadId   00000001400232f8     kernel32:KERNEL32.dll
 0004:00002300       __imp_TlsGetValue          0000000140023300     kernel32:KERNEL32.dll
 0004:00002308       __imp_TlsFree              0000000140023308     kernel32:KERNEL32.dll
 0004:00002310       __imp_SetLastError         0000000140023310     kernel32:KERNEL32.dll
 0004:00002318       __imp_UnhandledExceptionFilter 0000000140023318     kernel32:KERNEL32.dll
 0004:00002320       __imp_HeapCreate           0000000140023320     kernel32:KERNEL32.dll
 0004:00002328       __imp_HeapDestroy          0000000140023328     kernel32:KERNEL32.dll
 0004:00002330       __imp_HeapAlloc            0000000140023330     kernel32:KERNEL32.dll
 0004:00002338       __imp_HeapReAlloc          0000000140023338     kernel32:KERNEL32.dll
 0004:00002340       __imp_HeapFree             0000000140023340     kernel32:KERNEL32.dll
 0004:00002348       __imp_HeapSize             0000000140023348     kernel32:KERNEL32.dll
 0004:00002350       __imp_HeapValidate         0000000140023350     kernel32:KERNEL32.dll
 0004:00002358       __imp_QueryPerformanceFrequency 0000000140023358     kernel32:KERNEL32.dll
 0004:00002360       __imp_QueryPerformanceCounter 0000000140023360     kernel32:KERNEL32.dll
 0004:00002368       __imp_GetStartupInfoW      0000000140023368     kernel32:KERNEL32.dll
 0004:00002370       __imp_GetStdHandle         0000000140023370     kernel32:KERNEL32.dll
 0004:00002378       __imp_GetFileType          0000000140023378     kernel32:KERNEL32.dll
 0004:00002380       __imp_GetCommandLineA      0000000140023380     kernel32:KERNEL32.dll
 0004:00002388       __imp_GetModuleFileNameA   0000000140023388     kernel32:KERNEL32.dll
 0004:00002390       __imp_GetEnvironmentStrings 0000000140023390     kernel32:KERNEL32.dll
 0004:00002398       __imp_FreeEnvironmentStringsA 0000000140023398     kernel32:KERNEL32.dll
 0004:000023a0       __imp_ExitProcess          00000001400233a0     kernel32:KERNEL32.dll
 0004:000023a8       __imp_SetConsoleCtrlHandler 00000001400233a8     kernel32:KERNEL32.dll
 0004:000023b0       __imp_VirtualAlloc         00000001400233b0     kernel32:KERNEL32.dll
 0004:000023b8       __imp_VirtualQuery         00000001400233b8     kernel32:KERNEL32.dll
 0004:000023c0       __imp_CreateEventW         00000001400233c0     kernel32:KERNEL32.dll
 0004:000023c8       __imp_SetEvent             00000001400233c8     kernel32:KERNEL32.dll
 0004:000023d0       __imp_WaitForSingleObject  00000001400233d0     kernel32:KERNEL32.dll
 0004:000023d8       __imp_Sleep                00000001400233d8     kernel32:KERNEL32.dll
 0004:000023e0       __imp_IsDBCSLeadByteEx     00000001400233e0     kernel32:KERNEL32.dll
 0004:000023e8       __imp_GetConsoleOutputCP   00000001400233e8     kernel32:KERNEL32.dll
 0004:000023f0       __imp_WriteConsoleW        00000001400233f0     kernel32:KERNEL32.dll
 0004:000023f8       __imp_SetStdHandle         00000001400233f8     kernel32:KERNEL32.dll
 0004:00002400       __imp_GetConsoleMode       0000000140023400     kernel32:KERNEL32.dll
 0004:00002408       __imp_SetFilePointerEx     0000000140023408     kernel32:KERNEL32.dll
 0004:00002410       __imp_DeleteFileA          0000000140023410     kernel32:KERNEL32.dll
 0004:00002418       KERNEL32_NULL_THUNK_DATA  0000000140023418     kernel32:KERNEL32.dll
 0004:00002420       __imp_GetWindowPlacement   0000000140023420     user32:USER32.dll
 0004:00002428       __imp_GetWindowRect        0000000140023428     user32:USER32.dll
 0004:00002430       __imp_GetDlgItem           0000000140023430     user32:USER32.dll
 0004:00002438       __imp_SendMessageW         0000000140023438     user32:USER32.dll
 0004:00002440       __imp_GetWindowTextLengthW 0000000140023440     user32:USER32.dll
 0004:00002448       __imp_GetDlgItemTextW      0000000140023448     user32:USER32.dll
 0004:00002450       __imp_SendDlgItemMessageW  0000000140023450     user32:USER32.dll
 0004:00002458       __imp_GetMenuItemInfoW     0000000140023458     user32:USER32.dll
 0004:00002460       __imp_SetMenuItemInfoW     0000000140023460     user32:USER32.dll
 0004:00002468       __imp_MessageBoxIndirectW  0000000140023468     user32:USER32.dll
 0004:00002470       __imp_InvalidateRect       0000000140023470     user32:USER32.dll
 0004:00002478       __imp_GetClientRect        0000000140023478     user32:USER32.dll
 0004:00002480       __imp_CreateWindowExW      0000000140023480     user32:USER32.dll
 0004:00002488       __imp_OpenClipboard        0000000140023488     user32:USER32.dll
 0004:00002490       __imp_EmptyClipboard       0000000140023490     user32:USER32.dll
 0004:00002498       __imp_SetClipboardData     0000000140023498     user32:USER32.dll
 0004:000024a0       __imp_CloseClipboard       00000001400234a0     user32:USER32.dll
 0004:000024a8       __imp_MoveWindow           00000001400234a8     user32:USER32.dll
 0004:000024b0       __imp_FindWindowW          00000001400234b0     user32:USER32.dll
 0004:000024b8       __imp_CharLowerW           00000001400234b8     user32:USER32.dll
 0004:000024c0       __imp_CharUpperW           00000001400234c0     user32:USER32.dll
 0004:000024c8       __imp_GetSysColor          00000001400234c8     user32:USER32.dll
 0004:000024d0       __imp_SetFocus             00000001400234d0     user32:USER32.dll
 0004:000024d8       __imp_CopyRect             00000001400234d8     user32:USER32.dll
 0004:000024e0       __imp_GetClassLongW        00000001400234e0     user32:USER32.dll
 0004:000024e8       __imp_SetClassLongW        00000001400234e8     user32:USER32.dll
 0004:000024f0       __imp_SetWindowLongPtrW    00000001400234f0     user32:USER32.dll
 0004:000024f8       __imp_DestroyWindow        00000001400234f8     user32:USER32.dll
 0004:00002500       __imp_SetWindowTextW       0000000140023500     user32:USER32.dll
 0004:00002508       __imp_CreateCaret          0000000140023508     user32:USER32.dll
 0004:00002510       __imp_ShowCaret            0000000140023510     user32:USER32.dll
 0004:00002518       __imp_GetDC                0000000140023518     user32:USER32.dll
 0004:00002520       __imp_LoadStringW          0000000140023520     user32:USER32.dll
 0004:00002528       __imp_GetWindowLongW       0000000140023528     user32:USER32.dll
 0004:00002530       __imp_SetWindowLongW       0000000140023530     user32:USER32.dll
 0004:00002538       __imp_LoadIconW            0000000140023538     user32:USER32.dll
 0004:00002540       __imp_LoadCursorW          0000000140023540     user32:USER32.dll
 0004:00002548       __imp_RegisterClassExW     0000000140023548     user32:USER32.dll
 0004:00002550       __imp_GetSystemMetrics     0000000140023550     user32:USER32.dll
 0004:00002558       __imp_SetWindowPos         0000000140023558     user32:USER32.dll
 0004:00002560       __imp_ShowWindow           0000000140023560     user32:USER32.dll
 0004:00002568       __imp_UpdateWindow         0000000140023568     user32:USER32.dll
 0004:00002570       __imp_LoadAcceleratorsW    0000000140023570     user32:USER32.dll
 0004:00002578       __imp_GetMenu              0000000140023578     user32:USER32.dll
 0004:00002580       __imp_GetSubMenu           0000000140023580     user32:USER32.dll
 0004:00002588       __imp_RedrawWindow         0000000140023588     user32:USER32.dll
 0004:00002590       __imp_TranslateAcceleratorW 0000000140023590     user32:USER32.dll
 0004:00002598       __imp_TranslateMessage     0000000140023598     user32:USER32.dll
 0004:000025a0       __imp_DispatchMessageW     00000001400235a0     user32:USER32.dll
 0004:000025a8       __imp_GetMessageW          00000001400235a8     user32:USER32.dll
 0004:000025b0       __imp_CallWindowProcW      00000001400235b0     user32:USER32.dll
 0004:000025b8       __imp_DestroyCaret         00000001400235b8     user32:USER32.dll
 0004:000025c0       __imp_GetCursorPos         00000001400235c0     user32:USER32.dll
 0004:000025c8       __imp_TrackPopupMenuEx     00000001400235c8     user32:USER32.dll
 0004:000025d0       __imp_DestroyMenu          00000001400235d0     user32:USER32.dll
 0004:000025d8       __imp_LoadMenuW            00000001400235d8     user32:USER32.dll
 0004:000025e0       __imp_EnableMenuItem       00000001400235e0     user32:USER32.dll
 0004:000025e8       __imp_EndDialog            00000001400235e8     user32:USER32.dll
 0004:000025f0       __imp_SetDlgItemInt        00000001400235f0     user32:USER32.dll
 0004:000025f8       __imp_GetDlgItemInt        00000001400235f8     user32:USER32.dll
 0004:00002600       __imp_IsDlgButtonChecked   0000000140023600     user32:USER32.dll
 0004:00002608       __imp_CheckDlgButton       0000000140023608     user32:USER32.dll
 0004:00002610       __imp_SetDlgItemTextW      0000000140023610     user32:USER32.dll
 0004:00002618       __imp_PostQuitMessage      0000000140023618     user32:USER32.dll
 0004:00002620       __imp_DefWindowProcW       0000000140023620     user32:USER32.dll
 0004:00002628       __imp_CheckMenuItem        0000000140023628     user32:USER32.dll
 0004:00002630       __imp_DialogBoxParamW      0000000140023630     user32:USER32.dll
 0004:00002638       __imp_EnableWindow         0000000140023638     user32:USER32.dll
 0004:00002640       __imp_ShowCursor           0000000140023640     user32:USER32.dll
 0004:00002648       __imp_CheckMenuRadioItem   0000000140023648     user32:USER32.dll
 0004:00002650       __imp_GetWindowLongPtrW    0000000140023650     user32:USER32.dll
 0004:00002658       __imp_IsIconic             0000000140023658     user32:USER32.dll
 0004:00002660       USER32_NULL_THUNK_DATA    0000000140023660     user32:USER32.dll
 0004:00002668       __imp_CreateFontIndirectW  0000000140023668     gdi32:GDI32.dll
 0004:00002670       __imp_StartDocW            0000000140023670     gdi32:GDI32.dll
 0004:00002678       __imp_DeleteDC             0000000140023678     gdi32:GDI32.dll
 0004:00002680       __imp_GetDeviceCaps        0000000140023680     gdi32:GDI32.dll
 0004:00002688       __imp_CreateFontW          0000000140023688     gdi32:GDI32.dll
 0004:00002690       __imp_SelectObject         0000000140023690     gdi32:GDI32.dll
 0004:00002698       __imp_StartPage            0000000140023698     gdi32:GDI32.dll
 0004:000026a0       __imp_SetTextColor         00000001400236a0     gdi32:GDI32.dll
 0004:000026a8       __imp_TextOutW             00000001400236a8     gdi32:GDI32.dll
 0004:000026b0       __imp_EndPage              00000001400236b0     gdi32:GDI32.dll
 0004:000026b8       __imp_EndDoc               00000001400236b8     gdi32:GDI32.dll
 0004:000026c0       __imp_AbortDoc             00000001400236c0     gdi32:GDI32.dll
 0004:000026c8       __imp_DeleteObject         00000001400236c8     gdi32:GDI32.dll
 0004:000026d0       __imp_GetStockObject       00000001400236d0     gdi32:GDI32.dll
 0004:000026d8       GDI32_NULL_THUNK_DATA     00000001400236d8     gdi32:GDI32.dll
 0004:000026e0       __imp_CreateStatusWindowW  00000001400236e0     comctl32:COMCTL32.dll
 0004:000026e8       __imp_InitCommonControls   00000001400236e8     comctl32:COMCTL32.dll
 0004:000026f0       __imp_ImageList_Destroy    00000001400236f0     comctl32:COMCTL32.dll
 0004:000026f8       __imp_ImageList_Create     00000001400236f8     comctl32:COMCTL32.dll
 0004:00002700       __imp_ImageList_ReplaceIcon 0000000140023700     comctl32:COMCTL32.dll
 0004:00002708       COMCTL32_NULL_THUNK_DATA  0000000140023708     comctl32:COMCTL32.dll
 0004:00002710       __imp_ChooseColorW         0000000140023710     comdlg32:COMDLG32.dll
 0004:00002718       __imp_PrintDlgW            0000000140023718     comdlg32:COMDLG32.dll
 0004:00002720       __imp_ChooseFontW          0000000140023720     comdlg32:COMDLG32.dll
 0004:00002728       __imp_GetOpenFileNameW     0000000140023728     comdlg32:COMDLG32.dll
 0004:00002730       __imp_GetSaveFileNameW     0000000140023730     comdlg32:COMDLG32.dll
 0004:00002738       COMDLG32_NULL_THUNK_DATA  0000000140023738     comdlg32:COMDLG32.dll
 0004:00002740       __imp_IsTextUnicode        0000000140023740     advapi32:ADVAPI32.dll
 0004:00002748       __imp_RegOpenKeyExW        0000000140023748     advapi32:ADVAPI32.dll
 0004:00002750       __imp_RegQueryValueExW     0000000140023750     advapi32:ADVAPI32.dll
 0004:00002758       __imp_RegCloseKey          0000000140023758     advapi32:ADVAPI32.dll
 0004:00002760       ADVAPI32_NULL_THUNK_DATA  0000000140023760     advapi32:ADVAPI32.dll
 0004:00002768       __imp_DragAcceptFiles      0000000140023768     shell32:SHELL32.dll
 0004:00002770       __imp_DragQueryFileW       0000000140023770     shell32:SHELL32.dll
 0004:00002778       __imp_DragFinish           0000000140023778     shell32:SHELL32.dll
 0004:00002780       __imp_SHAddToRecentDocs    0000000140023780     shell32:SHELL32.dll
 0004:00002788       __imp_SHFindFiles          0000000140023788     shell32:SHELL32.dll
 0004:00002790       __imp_SHObjectProperties   0000000140023790     shell32:SHELL32.dll
 0004:00002798       SHELL32_NULL_THUNK_DATA   0000000140023798     shell32:SHELL32.dll
 0004:000027a0       __imp_RunFileDlg           00000001400237a0     shell32x:shell32.dll
 0004:000027a8       shell32_NULL_THUNK_DATA   00000001400237a8     shell32x:shell32.dll
 0004:000027b0       __imp_PathQuoteSpacesW     00000001400237b0     shlwapi:SHLWAPI.dll
 0004:000027b8       SHLWAPI_NULL_THUNK_DATA   00000001400237b8     shlwapi:SHLWAPI.dll
 0004:00005300       g_lock                     0000000140026300     <common>
 0004:00005340       g_outw_buf                 0000000140026340     <common>
 0004:00005360       g_hInst                    0000000140026360     <common>
 0004:00005380       g_hDll                     0000000140026380     <common>
 0004:000053a0       g_bnot_alone               00000001400263a0     <common>
 0004:000053c0       g_hIcon                    00000001400263c0     <common>
 0004:000053e0       g_hSmallIcon               00000001400263e0     <common>
 0004:00005400       g_hIml                     0000000140026400     <common>
 0004:00005420       g_szinifile                0000000140026420     <common>
 0004:00005840       g_hFont                    0000000140026840     <common>
 0004:00005860       g_bwrap                    0000000140026860     <common>
 0004:00005880       g_bontop                   0000000140026880     <common>
 0004:000058a0       g_hAccel                   00000001400268a0     <common>
 0004:000058c0       g_hMain                    00000001400268c0     <common>
 0004:000058e0       g_hMainmenu                00000001400268e0     <common>
 0004:00005900       g_hFilemenu                0000000140026900     <common>
 0004:00005920       g_hEditmenu                0000000140026920     <common>
 0004:00005940       g_hToolsmenu               0000000140026940     <common>
 0004:00005960       g_hViewmenu                0000000140026960     <common>
 0004:00005980       g_sztextbuf                0000000140026980     <common>
 0004:00005d80       g_hTab                     0000000140026d80     <common>
 0004:00005da0       g_szbuf                    0000000140026da0     <common>
 0004:000061c0       tab_data                   00000001400271c0     <common>
 0004:0000de00       g_curtab                   000000014002ee00     <common>
 0004:0000de20       g_converting               000000014002ee20     <common>
 0004:0000de40       g_tab_old_proc             000000014002ee40     <common>
 0004:0000de60       g_rich_old_proc            000000014002ee60     <common>
 0004:0000de80       g_fontheight               000000014002ee80     <common>
 0004:0000dea0       g_outw_old_proc            000000014002eea0     <common>
 0004:0000dec0       g_bcase                    000000014002eec0     <common>
 0004:0000dee0       g_bwhole                   000000014002eee0     <common>
 0004:0000df00       g_ball                     000000014002ef00     <common>
 0004:0000df20       g_szrepbuf                 000000014002ef20     <common>
 0004:0000e320       g_hStatus                  000000014002f320     <common>
 0004:0000e340       g_bom_written              000000014002f340     <common>
 0004:0000e360       g_hRich                    000000014002f360     <common>
 0004:0000e380       __crtheapsize              000000014002f380     <common>
 0004:0000e3a0       __sigtab                   000000014002f3a0     <common>
 0004:0000e500       __malloc_hiword            000000014002f500     <common>
 0004:0000e520       __malloc_mem               000000014002f520     <common>
 0004:0000e540       __malloc_loword            000000014002f540     <common>
 0004:0000e560       __malloc_lastbin           000000014002f560     <common>
 0004:0000e580       __malloc_rovers            000000014002f580     <common>
 0004:0000e5e0       __malloc_firstbin          000000014002f5e0     <common>
 0004:0000e600       __argc                     000000014002f600     <common>
 0004:0000e620       __argv                     000000014002f620     <common>
 0004:0000e640       __envp                     000000014002f640     <common>
 0004:0000e660       __crtheap                  000000014002f660     <common>
 0004:0000e680       __iotab                    000000014002f680     <common>
 0004:0000ea80       __original_stderr_osfhnd   000000014002fa80     <common>
 0004:0000eaa0       __iolim                    000000014002faa0     <common>
 0004:0000eac0       __atfuncs                  000000014002fac0     <common>
 0004:0000ed40       __atcount0                 000000014002fd40     <common>

 entry point at        0001:00011700

 Static symbols

 0001:000005fd       _StringValidateDestW       00000001400015fd f   config.obj
 0001:00000638       _StringVPrintfWorkerW      0000000140001638 f   config.obj
 0001:00000734       StringCchPrintfW           0000000140001734 f   config.obj
 0001:00002d2f       _StringLengthWorkerW       0000000140003d2f f   misc.obj
 0001:00002dcf       _StringExValidateSrcW      0000000140003dcf f   misc.obj
 0001:00002e68       _StringValidateDestW       0000000140003e68 f   misc.obj
 0001:00002eab       _StringValidateDestAndLengthW 0000000140003eab f   misc.obj
 0001:00002f18       _StringExValidateDestW     0000000140003f18 f   misc.obj
 0001:00002f9d       _StringCopyWorkerW         0000000140003f9d f   misc.obj
 0001:0000306c       _StringVPrintfWorkerW      000000014000406c f   misc.obj
 0001:00003177       _StringExHandleFillBehindNullW 0000000140004177 f   misc.obj
 0001:000031c2       _StringExHandleOtherFlagsW 00000001400041c2 f   misc.obj
 0001:00003321       StringCchCatW              0000000140004321 f   misc.obj
 0001:0000339e       StringCchPrintfExW         000000014000439e f   misc.obj
 0001:00003cf7       _StringLengthWorkerW       0000000140004cf7 f   pathutils.obj
 0001:00003d94       _StringValidateDestW       0000000140004d94 f   pathutils.obj
 0001:00003dd7       _StringValidateDestAndLengthW 0000000140004dd7 f   pathutils.obj
 0001:00003e44       _StringCopyWorkerW         0000000140004e44 f   pathutils.obj
 0001:00003f13       StringCchCopyNW            0000000140004f13 f   pathutils.obj
 0001:00003fc1       StringCchCatW              0000000140004fc1 f   pathutils.obj
 0001:00006d9c       _StringValidateDestW       0000000140007d9c f   rich.obj
 0001:00006ddf       _StringVPrintfWorkerW      0000000140007ddf f   rich.obj
 0001:00006eea       StringCchPrintfW           0000000140007eea f   rich.obj
 0001:000108dd       _StringLengthWorkerW       00000001400118dd f   textedit.obj
 0001:00010981       _StringValidateDestW       0000000140011981 f   textedit.obj
 0001:000109c4       _StringValidateDestAndLengthW 00000001400119c4 f   textedit.obj
 0001:00010a31       _StringCopyWorkerW         0000000140011a31 f   textedit.obj
 0001:00010b00       _StringVPrintfWorkerW      0000000140011b00 f   textedit.obj
 0001:00010c0b       StringCchCopyW             0000000140011c0b f   textedit.obj
 0001:00010c8d       StringCchCopyNW            0000000140011c8d f   textedit.obj
 0001:00010d3b       StringCchCatW              0000000140011d3b f   textedit.obj
 0001:00010db8       StringCchPrintfW           0000000140011db8 f   textedit.obj
 0001:00010e60       prout                      0000000140011e60 f   crtmt64:vsnwprintf.obj
 0001:00011570       _threadstart               0000000140012570 f   crtmt64:thread.obj
 0001:000115c0       _threadstart@filt@1        00000001400125c0 f   crtmt64:thread.obj
 0001:00011810       WinMainCRTStartup@filt@1   0000000140012810 f   crtmt64:_wincrt0.obj
 0001:00012060       grabhunk                   0000000140013060 f   crtmt64:malloc.obj
 0001:00012740       malloc@term@1              0000000140013740 f   crtmt64:malloc.obj
 0001:00012b60       free@term@1                0000000140013b60 f   crtmt64:free.obj
 0001:00012d10       thread_reuse_add           0000000140013d10 f   crtmt64:_thrdnew.obj
 0001:00012d80       thread_reuse_remove        0000000140013d80 f   crtmt64:_thrdnew.obj
 0001:00013300       scale_count                0000000140014300 f   crtmt64:clock.obj
 0001:00013650       parse_cmdline              0000000140014650 f   crtmt64:_setargv.obj
 0001:00013a90       exit@term@1                0000000140014a90 f   crtmt64:exit.obj
 0001:00014880       ctrlevent_capture          0000000140015880 f   crtmt64:signal.obj
 0001:00014d60       lock                       0000000140015d60 f   crtmt64:_mtxlock.obj
 0001:00014e60       trylock                    0000000140015e60 f   crtmt64:_mtxlock.obj
 0001:00014ef0       unlock                     0000000140015ef0 f   crtmt64:_mtxlock.obj
 0001:00017ef0       write_txt_ansi             0000000140018ef0 f   crtmt64:write.obj
 0001:00018050       write_txt_utf16            0000000140019050 f   crtmt64:write.obj
 0001:000181d0       write_txt_utf8             00000001400191d0 f   crtmt64:write.obj
 0001:000183a0       write_bin                  00000001400193a0 f   crtmt64:write.obj
 0001:000186a0       _write@term@1              00000001400196a0 f   crtmt64:write.obj
 0001:000186c0       closeall                   00000001400196c0 f   crtmt64:fclose.obj
 0001:00018740       __init_closeall@term@1     0000000140019740 f   crtmt64:fclose.obj
 0001:00018760       _mt_fclose                 0000000140019760 f   crtmt64:fclose.obj
 0001:000188d0       fclose@term@1              00000001400198d0 f   crtmt64:fclose.obj
 0001:00018c30       lock_ioinfo                0000000140019c30 f   crtmt64:_osfinfo.obj
 0001:00018c80       unlock_ioinfo              0000000140019c80 f   crtmt64:_osfinfo.obj
